Archive member included to satisfy reference by file (symbol)

/root/imx-optee-os/out/arm-plat-imx/export-ta_arm32/lib/libutils.a(stack_check.o)
                              ./trusted_bmca.o (__stack_chk_fail)
/root/imx-optee-os/out/arm-plat-imx/export-ta_arm32/lib/libutils.a(memcpy.o)
                              ./trusted_bmca.o (memcpy)
/root/imx-optee-os/out/arm-plat-imx/export-ta_arm32/lib/libutils.a(trace.o)
                              /root/imx-optee-os/out/arm-plat-imx/export-ta_arm32/lib/libutils.a(stack_check.o) (trace_printf)
/root/imx-optee-os/out/arm-plat-imx/export-ta_arm32/lib/libutils.a(aeabi_unwind.o)
                              ./trusted_bmca.o (__aeabi_unwind_cpp_pr0)
/root/imx-optee-os/out/arm-plat-imx/export-ta_arm32/lib/libutils.a(snprintk.o)
                              /root/imx-optee-os/out/arm-plat-imx/export-ta_arm32/lib/libutils.a(trace.o) (vsnprintk)
/root/imx-optee-os/out/arm-plat-imx/export-ta_arm32/lib/libutils.a(memchr.o)
                              /root/imx-optee-os/out/arm-plat-imx/export-ta_arm32/lib/libutils.a(snprintk.o) (memchr)
/root/imx-optee-os/out/arm-plat-imx/export-ta_arm32/lib/libutils.a(strlen.o)
                              /root/imx-optee-os/out/arm-plat-imx/export-ta_arm32/lib/libutils.a(snprintk.o) (strlen)
/root/imx-optee-os/out/arm-plat-imx/export-ta_arm32/lib/libutils.a(arm32_aeabi_ldivmod_a32.o)
                              /root/imx-optee-os/out/arm-plat-imx/export-ta_arm32/lib/libutils.a(snprintk.o) (__aeabi_uldivmod)
/root/imx-optee-os/out/arm-plat-imx/export-ta_arm32/lib/libutils.a(arm32_aeabi_ldivmod.o)
                              /root/imx-optee-os/out/arm-plat-imx/export-ta_arm32/lib/libutils.a(arm32_aeabi_ldivmod_a32.o) (__ul_divmod)
/root/imx-optee-os/out/arm-plat-imx/export-ta_arm32/lib/libutee.a(trace_ext.o)
                              /root/imx-optee-os/out/arm-plat-imx/export-ta_arm32/lib/libutils.a(trace.o) (trace_ext_puts)
/root/imx-optee-os/out/arm-plat-imx/export-ta_arm32/lib/libutee.a(tee_api.o)
                              ./trusted_bmca.o (TEE_MemMove)
/root/imx-optee-os/out/arm-plat-imx/export-ta_arm32/lib/libutee.a(tee_api_panic.o)
                              /root/imx-optee-os/out/arm-plat-imx/export-ta_arm32/lib/libutee.a(tee_api.o) (TEE_Panic)
/root/imx-optee-os/out/arm-plat-imx/export-ta_arm32/lib/libutee.a(tee_system_pta.o)
                              /root/imx-optee-os/out/arm-plat-imx/export-ta_arm32/lib/libutee.a(tee_api.o) (tee_map_zi)
/root/imx-optee-os/out/arm-plat-imx/export-ta_arm32/lib/libutee.a(user_ta_entry.o)
                              ./user_ta_header.o (__utee_entry)
/root/imx-optee-os/out/arm-plat-imx/export-ta_arm32/lib/libutee.a(utee_syscalls_a32.o)
                              /root/imx-optee-os/out/arm-plat-imx/export-ta_arm32/lib/libutils.a(stack_check.o) (_utee_panic)
/root/imx-optee-os/out/arm-plat-imx/export-ta_arm32/lib/libutee.a(abort.o)
                              /root/imx-optee-os/out/arm-plat-imx/export-ta_arm32/lib/libutee.a(user_ta_entry.o) (abort)
/root/imx-optee-os/out/arm-plat-imx/export-ta_arm32/lib/libutee.a(tee_api_arith_mpi.o)
                              /root/imx-optee-os/out/arm-plat-imx/export-ta_arm32/lib/libutee.a(user_ta_entry.o) (_TEE_MathAPI_Init)
/root/imx-optee-os/out/arm-plat-imx/export-ta_arm32/lib/libutee.a(tee_api_property.o)
                              /root/imx-optee-os/out/arm-plat-imx/export-ta_arm32/lib/libutee.a(user_ta_entry.o) (TEE_GetPropertyAsU32)
/root/imx-optee-os/out/arm-plat-imx/export-ta_arm32/lib/libutee.a(tcb.o)
                              /root/imx-optee-os/out/arm-plat-imx/export-ta_arm32/lib/libutee.a(user_ta_entry.o) (__utee_tcb_init)
/root/imx-optee-os/out/arm-plat-imx/export-ta_arm32/lib/libutee.a(assert.o)
                              /root/imx-optee-os/out/arm-plat-imx/export-ta_arm32/lib/libutee.a(tcb.o) (_assert_log)
/root/imx-optee-os/out/arm-plat-imx/export-ta_arm32/lib/libmbedtls.a(bignum.o)
                              /root/imx-optee-os/out/arm-plat-imx/export-ta_arm32/lib/libutee.a(tee_api_arith_mpi.o) (mbedtls_mpi_init_mempool)
/root/imx-optee-os/out/arm-plat-imx/export-ta_arm32/lib/libmbedtls.a(bignum_core.o)
                              /root/imx-optee-os/out/arm-plat-imx/export-ta_arm32/lib/libmbedtls.a(bignum.o) (mbedtls_mpi_core_bitlen)
/root/imx-optee-os/out/arm-plat-imx/export-ta_arm32/lib/libmbedtls.a(constant_time.o)
                              /root/imx-optee-os/out/arm-plat-imx/export-ta_arm32/lib/libmbedtls.a(bignum.o) (mbedtls_ct_zero)
/root/imx-optee-os/out/arm-plat-imx/export-ta_arm32/lib/libmbedtls.a(platform_util.o)
                              /root/imx-optee-os/out/arm-plat-imx/export-ta_arm32/lib/libmbedtls.a(bignum.o) (mbedtls_platform_zeroize)
/root/imx-optee-os/out/arm-plat-imx/export-ta_arm32/lib/libutils.a(bget_malloc.o)
                              /root/imx-optee-os/out/arm-plat-imx/export-ta_arm32/lib/libutee.a(tee_api.o) (raw_malloc_flags)
[...]
Memory Configuration

Name             Origin             Length             Attributes
*default*        0x00000000         0xffffffff

Linker script and memory map


.text           0x00000000     0xd1f8
                0x00000000                        __text_start = .
 *(SORT_BY_ALIGNMENT(.text) SORT_BY_ALIGNMENT(.text.*))
 .text          0x00000000      0x548 ./trusted_bmca.o
                0x00000124                TA_CreateEntryPoint
                0x00000128                TA_DestroyEntryPoint
                0x0000012a                TA_OpenSessionEntryPoint
                0x00000138                TA_CloseSessionEntryPoint
                0x0000013a                TA_InvokeCommandEntryPoint
 .text          0x00000548       0x64 ./user_ta_header.o
                0x00000548                __ta_entry_c
                0x000005a8                tahead_get_trace_level
 .text.__ta_entry
                0x000005ac        0x4 ./ta_entry_a32.o
                0x000005ac                __ta_entry
 .text          0x000005b0       0x24 /root/imx-optee-os/out/arm-plat-imx/export-ta_arm32/lib/libutils.a(stack_check.o)
                0x000005b0                __stack_chk_fail
 .text          0x000005d4       0xdc /root/imx-optee-os/out/arm-plat-imx/export-ta_arm32/lib/libutils.a(memcpy.o)
                0x000005d4                memcpy
 .text          0x000006b0      0x1f4 /root/imx-optee-os/out/arm-plat-imx/export-ta_arm32/lib/libutils.a(trace.o)
                0x000006b0                trace_set_level
                0x000006cc                trace_get_level
                0x000006e0                trace_vprintf
                0x00000854                trace_printf
                0x000008a0                dhex_dump
 .text          0x000008a4      0x888 /root/imx-optee-os/out/arm-plat-imx/export-ta_arm32/lib/libutils.a(snprintk.o)
                0x000008a4                __vsnprintf
                0x00000908                vsnprintk
                0x00000916                snprintk
                0x00001114                __vsprintf
 .text.__aeabi_ldivmod
                0x0000112c       0x18 /root/imx-optee-os/out/arm-plat-imx/export-ta_arm32/lib/libutils.a(arm32_aeabi_ldivmod_a32.o)
                0x0000112c                __aeabi_ldivmod
 .text.__aeabi_uldivmod
                0x00001144       0x18 /root/imx-optee-os/out/arm-plat-imx/export-ta_arm32/lib/libutils.a(arm32_aeabi_ldivmod_a32.o)
                0x00001144                __aeabi_uldivmod
 .text          0x0000115c      0x108 /root/imx-optee-os/out/arm-plat-imx/export-ta_arm32/lib/libutee.a(trace_ext.o)
                0x0000115c                trace_ext_puts
                0x00001170                trace_ext_get_thread_id
                0x00001176                printf
                0x000011e8                puts
                0x0000120c                putchar
 .text          0x00001264      0xac4 /root/imx-optee-os/out/arm-plat-imx/export-ta_arm32/lib/libutee.a(tee_api.o)
                0x000014c0                TEE_CloseTASession
                0x000014d4                TEE_GetCancellationFlag
                0x00001524                TEE_UnmaskCancellation
                0x00001574                TEE_MaskCancellation
                0x000015c4                TEE_CheckMemoryAccessRights
                0x00001724                TEE_OpenTASession
                0x00001804                __GP11_TEE_OpenTASession
                0x000018d8                TEE_InvokeTACommand
                0x000019d4                __GP11_TEE_InvokeTACommand
                0x00001ac4                __GP11_TEE_CheckMemoryAccessRights
                0x00001ac8                TEE_SetInstanceData
                0x00001ad4                TEE_GetInstanceData
                0x00001ae0                TEE_MemMove
                0x00001ae4                __GP11_TEE_MemMove
                0x00001ae8                TEE_MemCompare
                0x00001aec                __GP11_TEE_MemCompare
                0x00001af0                TEE_MemFill
                0x00001af4                __GP11_TEE_MemFill
                0x00001af8                TEE_GetSystemTime
                0x00001b0e                TEE_Wait
                0x00001b2c                TEE_GetTAPersistentTime
                0x00001b68                TEE_SetTAPersistentTime
                0x00001b90                TEE_GetREETime
                0x00001ba6                TEE_Malloc
                0x00001c58                __GP11_TEE_Malloc
                0x00001c5c                TEE_Free
                0x00001c98                TEE_Realloc
                0x00001d10                __GP11_TEE_Realloc
                0x00001d14                TEE_CacheClean
                0x00001d1a                TEE_CacheFlush
                0x00001d20                TEE_CacheInvalidate
 .text          0x00001d28       0xc0 /root/imx-optee-os/out/arm-plat-imx/export-ta_arm32/lib/libutee.a(tee_api_panic.o)
                0x00001d48                TEE_Panic
                0x00001d52                __utee_check_outbuf_annotation
                0x00001d80                __utee_check_gp11_outbuf_annotation
                0x00001d82                __utee_check_instring_annotation
                0x00001d9e                __utee_check_outstring_annotation
                0x00001da0                __utee_check_gp11_outstring_annotation
                0x00001da2                __utee_check_out_annotation
                0x00001db8                __utee_check_attr_in_annotation
                0x00001dd0                __utee_check_gp11_attr_in_annotation
                0x00001dd2                __utee_check_inout_annotation
 .text          0x00001de8      0x1f8 /root/imx-optee-os/out/arm-plat-imx/export-ta_arm32/lib/libutee.a(tee_system_pta.o)
                0x00001e38                tee_map_zi
                0x00001ea4                tee_unmap
                0x00001f24                tee_invoke_supp_plugin
 .text          0x00001fe0      0x580 /root/imx-optee-os/out/arm-plat-imx/export-ta_arm32/lib/libutee.a(user_ta_entry.o)
                0x000021cc                __utee_call_elf_init_fn
                0x000022b8                __utee_call_elf_fini_fn
                0x00002334                __utee_entry
 .text          0x00002560        0x0 /root/imx-optee-os/out/arm-plat-imx/export-ta_arm32/lib/libutee.a(utee_syscalls_a32.o)
 .text._utee_panic
                0x00002560       0x14 /root/imx-optee-os/out/arm-plat-imx/export-ta_arm32/lib/libutee.a(utee_syscalls_a32.o)
                0x00002560                _utee_panic
 .text._utee_return
                0x00002574       0x14 /root/imx-optee-os/out/arm-plat-imx/export-ta_arm32/lib/libutee.a(utee_syscalls_a32.o)
                0x00002574                _utee_return
 .text._utee_log
                0x00002588       0x14 /root/imx-optee-os/out/arm-plat-imx/export-ta_arm32/lib/libutee.a(utee_syscalls_a32.o)
                0x00002588                _utee_log
 .text.__utee_panic
                0x0000259c       0x14 /root/imx-optee-os/out/arm-plat-imx/export-ta_arm32/lib/libutee.a(utee_syscalls_a32.o)
                0x0000259c                __utee_panic
 .text._utee_get_property
                0x000025b0       0x18 /root/imx-optee-os/out/arm-plat-imx/export-ta_arm32/lib/libutee.a(utee_syscalls_a32.o)
                0x000025b0                _utee_get_property
 .text._utee_get_property_name_to_index
                0x000025c8       0x14 /root/imx-optee-os/out/arm-plat-imx/export-ta_arm32/lib/libutee.a(utee_syscalls_a32.o)
                0x000025c8                _utee_get_property_name_to_index
 .text._utee_open_ta_session
                0x000025dc       0x18 /root/imx-optee-os/out/arm-plat-imx/export-ta_arm32/lib/libutee.a(utee_syscalls_a32.o)
                0x000025dc                _utee_open_ta_session
 .text._utee_close_ta_session
                0x000025f4       0x14 /root/imx-optee-os/out/arm-plat-imx/export-ta_arm32/lib/libutee.a(utee_syscalls_a32.o)
                0x000025f4                _utee_close_ta_session
 .text._utee_invoke_ta_command
                0x00002608       0x18 /root/imx-optee-os/out/arm-plat-imx/export-ta_arm32/lib/libutee.a(utee_syscalls_a32.o)
                0x00002608                _utee_invoke_ta_command
 .text._utee_get_cancellation_flag
                0x00002620       0x14 /root/imx-optee-os/out/arm-plat-imx/export-ta_arm32/lib/libutee.a(utee_syscalls_a32.o)
                0x00002620                _utee_get_cancellation_flag
 .text._utee_check_access_rights
                0x00002634       0x14 /root/imx-optee-os/out/arm-plat-imx/export-ta_arm32/lib/libutee.a(utee_syscalls_a32.o)
                0x00002634                _utee_check_access_rights
 .text._utee_unmask_cancellation
                0x00002648       0x14 /root/imx-optee-os/out/arm-plat-imx/export-ta_arm32/lib/libutee.a(utee_syscalls_a32.o)
                0x00002648                _utee_unmask_cancellation
 .text._utee_mask_cancellation
                0x0000265c       0x14 /root/imx-optee-os/out/arm-plat-imx/export-ta_arm32/lib/libutee.a(utee_syscalls_a32.o)
                0x0000265c                _utee_mask_cancellation
 .text._utee_wait
                0x00002670       0x14 /root/imx-optee-os/out/arm-plat-imx/export-ta_arm32/lib/libutee.a(utee_syscalls_a32.o)
                0x00002670                _utee_wait
 .text._utee_get_time
                0x00002684       0x14 /root/imx-optee-os/out/arm-plat-imx/export-ta_arm32/lib/libutee.a(utee_syscalls_a32.o)
                0x00002684                _utee_get_time
 .text._utee_set_ta_time
                0x00002698       0x14 /root/imx-optee-os/out/arm-plat-imx/export-ta_arm32/lib/libutee.a(utee_syscalls_a32.o)
                0x00002698                _utee_set_ta_time
 .text._utee_cryp_state_alloc
                0x000026ac       0x18 /root/imx-optee-os/out/arm-plat-imx/export-ta_arm32/lib/libutee.a(utee_syscalls_a32.o)
                0x000026ac                _utee_cryp_state_alloc
 .text._utee_cryp_state_copy
                0x000026c4       0x14 /root/imx-optee-os/out/arm-plat-imx/export-ta_arm32/lib/libutee.a(utee_syscalls_a32.o)
                0x000026c4                _utee_cryp_state_copy
 .text._utee_cryp_state_free
                0x000026d8       0x14 /root/imx-optee-os/out/arm-plat-imx/export-ta_arm32/lib/libutee.a(utee_syscalls_a32.o)
                0x000026d8                _utee_cryp_state_free
 .text._utee_hash_init
                0x000026ec       0x14 /root/imx-optee-os/out/arm-plat-imx/export-ta_arm32/lib/libutee.a(utee_syscalls_a32.o)
                0x000026ec                _utee_hash_init
 .text._utee_hash_update
                0x00002700       0x14 /root/imx-optee-os/out/arm-plat-imx/export-ta_arm32/lib/libutee.a(utee_syscalls_a32.o)
                0x00002700                _utee_hash_update
 .text._utee_hash_final
                0x00002714       0x18 /root/imx-optee-os/out/arm-plat-imx/export-ta_arm32/lib/libutee.a(utee_syscalls_a32.o)
                0x00002714                _utee_hash_final
 .text._utee_cipher_init
                0x0000272c       0x14 /root/imx-optee-os/out/arm-plat-imx/export-ta_arm32/lib/libutee.a(utee_syscalls_a32.o)
                0x0000272c                _utee_cipher_init
 .text._utee_cipher_update
                0x00002740       0x18 /root/imx-optee-os/out/arm-plat-imx/export-ta_arm32/lib/libutee.a(utee_syscalls_a32.o)
                0x00002740                _utee_cipher_update
 .text._utee_cipher_final
                0x00002758       0x18 /root/imx-optee-os/out/arm-plat-imx/export-ta_arm32/lib/libutee.a(utee_syscalls_a32.o)
                0x00002758                _utee_cipher_final
 .text._utee_cryp_obj_get_info
                0x00002770       0x14 /root/imx-optee-os/out/arm-plat-imx/export-ta_arm32/lib/libutee.a(utee_syscalls_a32.o)
                0x00002770                _utee_cryp_obj_get_info
 .text._utee_cryp_obj_restrict_usage
                0x00002784       0x14 /root/imx-optee-os/out/arm-plat-imx/export-ta_arm32/lib/libutee.a(utee_syscalls_a32.o)
                0x00002784                _utee_cryp_obj_restrict_usage
 .text._utee_cryp_obj_get_attr
                0x00002798       0x14 /root/imx-optee-os/out/arm-plat-imx/export-ta_arm32/lib/libutee.a(utee_syscalls_a32.o)
                0x00002798                _utee_cryp_obj_get_attr
 .text._utee_cryp_obj_alloc
                0x000027ac       0x14 /root/imx-optee-os/out/arm-plat-imx/export-ta_arm32/lib/libutee.a(utee_syscalls_a32.o)
                0x000027ac                _utee_cryp_obj_alloc
 .text._utee_cryp_obj_close
                0x000027c0       0x14 /root/imx-optee-os/out/arm-plat-imx/export-ta_arm32/lib/libutee.a(utee_syscalls_a32.o)
                0x000027c0                _utee_cryp_obj_close
 .text._utee_cryp_obj_reset
                0x000027d4       0x14 /root/imx-optee-os/out/arm-plat-imx/export-ta_arm32/lib/libutee.a(utee_syscalls_a32.o)
                0x000027d4                _utee_cryp_obj_reset
 .text._utee_cryp_obj_populate
                0x000027e8       0x14 /root/imx-optee-os/out/arm-plat-imx/export-ta_arm32/lib/libutee.a(utee_syscalls_a32.o)
                0x000027e8                _utee_cryp_obj_populate
 .text._utee_cryp_obj_copy
                0x000027fc       0x14 /root/imx-optee-os/out/arm-plat-imx/export-ta_arm32/lib/libutee.a(utee_syscalls_a32.o)
                0x000027fc                _utee_cryp_obj_copy
 .text._utee_cryp_derive_key
                0x00002810       0x14 /root/imx-optee-os/out/arm-plat-imx/export-ta_arm32/lib/libutee.a(utee_syscalls_a32.o)
                0x00002810                _utee_cryp_derive_key
 .text._utee_cryp_random_number_generate
                0x00002824       0x14 /root/imx-optee-os/out/arm-plat-imx/export-ta_arm32/lib/libutee.a(utee_syscalls_a32.o)
                0x00002824                _utee_cryp_random_number_generate
 .text._utee_authenc_init
                0x00002838       0x18 /root/imx-optee-os/out/arm-plat-imx/export-ta_arm32/lib/libutee.a(utee_syscalls_a32.o)
                0x00002838                _utee_authenc_init
 .text._utee_authenc_update_aad
                0x00002850       0x14 /root/imx-optee-os/out/arm-plat-imx/export-ta_arm32/lib/libutee.a(utee_syscalls_a32.o)
                0x00002850                _utee_authenc_update_aad
 .text._utee_authenc_update_payload
                0x00002864       0x18 /root/imx-optee-os/out/arm-plat-imx/export-ta_arm32/lib/libutee.a(utee_syscalls_a32.o)
                0x00002864                _utee_authenc_update_payload
 .text._utee_authenc_enc_final
                0x0000287c       0x18 /root/imx-optee-os/out/arm-plat-imx/export-ta_arm32/lib/libutee.a(utee_syscalls_a32.o)
                0x0000287c                _utee_authenc_enc_final
 .text._utee_authenc_dec_final
                0x00002894       0x18 /root/imx-optee-os/out/arm-plat-imx/export-ta_arm32/lib/libutee.a(utee_syscalls_a32.o)
                0x00002894                _utee_authenc_dec_final
 .text._utee_asymm_operate
                0x000028ac       0x18 /root/imx-optee-os/out/arm-plat-imx/export-ta_arm32/lib/libutee.a(utee_syscalls_a32.o)
                0x000028ac                _utee_asymm_operate
 .text._utee_asymm_verify
                0x000028c4       0x18 /root/imx-optee-os/out/arm-plat-imx/export-ta_arm32/lib/libutee.a(utee_syscalls_a32.o)
                0x000028c4                _utee_asymm_verify
 .text._utee_storage_obj_open
                0x000028dc       0x18 /root/imx-optee-os/out/arm-plat-imx/export-ta_arm32/lib/libutee.a(utee_syscalls_a32.o)
                0x000028dc                _utee_storage_obj_open
 .text._utee_storage_obj_create
                0x000028f4       0x18 /root/imx-optee-os/out/arm-plat-imx/export-ta_arm32/lib/libutee.a(utee_syscalls_a32.o)
                0x000028f4                _utee_storage_obj_create
 .text._utee_storage_obj_del
                0x0000290c       0x14 /root/imx-optee-os/out/arm-plat-imx/export-ta_arm32/lib/libutee.a(utee_syscalls_a32.o)
                0x0000290c                _utee_storage_obj_del
 .text._utee_storage_obj_rename
                0x00002920       0x14 /root/imx-optee-os/out/arm-plat-imx/export-ta_arm32/lib/libutee.a(utee_syscalls_a32.o)
                0x00002920                _utee_storage_obj_rename
 .text._utee_storage_alloc_enum
                0x00002934       0x14 /root/imx-optee-os/out/arm-plat-imx/export-ta_arm32/lib/libutee.a(utee_syscalls_a32.o)
                0x00002934                _utee_storage_alloc_enum
 .text._utee_storage_free_enum
                0x00002948       0x14 /root/imx-optee-os/out/arm-plat-imx/export-ta_arm32/lib/libutee.a(utee_syscalls_a32.o)
                0x00002948                _utee_storage_free_enum
 .text._utee_storage_reset_enum
                0x0000295c       0x14 /root/imx-optee-os/out/arm-plat-imx/export-ta_arm32/lib/libutee.a(utee_syscalls_a32.o)
                0x0000295c                _utee_storage_reset_enum
 .text._utee_storage_start_enum
                0x00002970       0x14 /root/imx-optee-os/out/arm-plat-imx/export-ta_arm32/lib/libutee.a(utee_syscalls_a32.o)
                0x00002970                _utee_storage_start_enum
 .text._utee_storage_next_enum
                0x00002984       0x14 /root/imx-optee-os/out/arm-plat-imx/export-ta_arm32/lib/libutee.a(utee_syscalls_a32.o)
                0x00002984                _utee_storage_next_enum
 .text._utee_storage_obj_read
                0x00002998       0x14 /root/imx-optee-os/out/arm-plat-imx/export-ta_arm32/lib/libutee.a(utee_syscalls_a32.o)
                0x00002998                _utee_storage_obj_read
 .text._utee_storage_obj_write
                0x000029ac       0x14 /root/imx-optee-os/out/arm-plat-imx/export-ta_arm32/lib/libutee.a(utee_syscalls_a32.o)
                0x000029ac                _utee_storage_obj_write
 .text._utee_storage_obj_trunc
                0x000029c0       0x14 /root/imx-optee-os/out/arm-plat-imx/export-ta_arm32/lib/libutee.a(utee_syscalls_a32.o)
                0x000029c0                _utee_storage_obj_trunc
 .text._utee_storage_obj_seek
                0x000029d4       0x14 /root/imx-optee-os/out/arm-plat-imx/export-ta_arm32/lib/libutee.a(utee_syscalls_a32.o)
                0x000029d4                _utee_storage_obj_seek
 .text._utee_cryp_obj_generate_key
                0x000029e8       0x14 /root/imx-optee-os/out/arm-plat-imx/export-ta_arm32/lib/libutee.a(utee_syscalls_a32.o)
                0x000029e8                _utee_cryp_obj_generate_key
 .text._utee_cache_operation
                0x000029fc       0x14 /root/imx-optee-os/out/arm-plat-imx/export-ta_arm32/lib/libutee.a(utee_syscalls_a32.o)
                0x000029fc                _utee_cache_operation
 .text.unlikely
                0x00002a10       0x18 /root/imx-optee-os/out/arm-plat-imx/export-ta_arm32/lib/libutee.a(abort.o)
                0x00002a10                abort
 .text          0x00002a28     0x18e4 /root/imx-optee-os/out/arm-plat-imx/export-ta_arm32/lib/libutee.a(tee_api_arith_mpi.o)
                0x00003098                _TEE_MathAPI_Init
                0x000030dc                TEE_BigIntInit
                0x00003114                __GP11_TEE_BigIntInit
                0x00003118                TEE_BigIntConvertFromOctetString
                0x000031a4                __GP11_TEE_BigIntConvertFromOctetString
                0x000031a8                TEE_BigIntConvertToOctetString
                0x00003234                __GP11_TEE_BigIntConvertToOctetString
                0x00003280                TEE_BigIntConvertFromS32
                0x00003304                TEE_BigIntConvertToS32
                0x00003398                TEE_BigIntCmp
                0x00003404                TEE_BigIntCmpS32
                0x000035a8                TEE_BigIntShiftRight
                0x000036f4                __GP11_TEE_BigIntShiftRight
                0x000036f8                TEE_BigIntGetBit
                0x00003754                TEE_BigIntGetBitCount
                0x000037a8                TEE_BigIntSetBit
                0x00003824                TEE_BigIntAssign
                0x00003850                TEE_BigIntAbs
                0x00003860                TEE_BigIntAdd
                0x00003880                TEE_BigIntSub
                0x000038a0                TEE_BigIntNeg
                0x0000394c                TEE_BigIntMul
                0x00003a28                TEE_BigIntSquare
                0x00003a2e                TEE_BigIntDiv
                0x00003b54                TEE_BigIntMod
                0x00003ba4                TEE_BigIntAddMod
                0x00003bc0                TEE_BigIntSubMod
                0x00003bdc                TEE_BigIntMulMod
                0x00003bf8                TEE_BigIntSquareMod
                0x00003c00                TEE_BigIntInvMod
                0x00003cf8                TEE_BigIntRelativePrime
                0x00003da8                TEE_BigIntExpMod
                0x00003ef8                TEE_BigIntComputeExtendedGcd
                0x000040e0                TEE_BigIntIsProbablePrime
                0x00004150                TEE_BigIntInitFMM
                0x00004154                __GP11_TEE_BigIntInitFMM
                0x00004158                TEE_BigIntInitFMMContext
                0x0000415a                __GP11_TEE_BigIntInitFMMContext
                0x0000415e                TEE_BigIntInitFMMContext1
                0x00004162                TEE_BigIntFMMSizeInU32
                0x0000416a                __GP11_TEE_BigIntFMMSizeInU32
                0x0000416e                TEE_BigIntFMMContextSizeInU32
                0x00004172                __GP11_TEE_BigIntFMMContextSizeInU32
                0x00004176                TEE_BigIntConvertToFMM
                0x0000417a                TEE_BigIntConvertFromFMM
                0x00004218                TEE_BigIntComputeFMM
 .text          0x0000430c      0xa10 /root/imx-optee-os/out/arm-plat-imx/export-ta_arm32/lib/libutee.a(tee_api_property.o)
                0x00004568                TEE_GetPropertyAsString
                0x000046f8                __GP11_TEE_GetPropertyAsString
                0x0000475c                TEE_GetPropertyAsBool
                0x000047f0                TEE_GetPropertyAsU32
                0x00004888                TEE_GetPropertyAsU64
                0x00004920                __GP11_TEE_GetPropertyAsBinaryBlock
                0x000049bc                TEE_GetPropertyAsBinaryBlock
                0x00004a20                TEE_GetPropertyAsUUID
                0x00004ab8                TEE_GetPropertyAsIdentity
                0x00004b50                TEE_ResetPropertyEnumerator
                0x00004b58                TEE_AllocatePropertyEnumerator
                0x00004b80                TEE_FreePropertyEnumerator
                0x00004b84                TEE_StartPropertyEnumerator
                0x00004b8e                __GP11_TEE_GetPropertyName
                0x00004c44                TEE_GetPropertyName
                0x00004ca4                TEE_GetNextProperty
 .text          0x00004d1c      0x254 /root/imx-optee-os/out/arm-plat-imx/export-ta_arm32/lib/libutee.a(tcb.o)
                0x00004d1c                __utee_tcb_init
                0x00004eb0                __tls_get_addr
                0x00004ec8                dl_iterate_phdr
 .text          0x00004f70       0x38 /root/imx-optee-os/out/arm-plat-imx/export-ta_arm32/lib/libutee.a(assert.o)
                0x00004f70                _assert_log
                0x00004f98                _assert_break
 .text          0x00004fa8     0x22f4 /root/imx-optee-os/out/arm-plat-imx/export-ta_arm32/lib/libmbedtls.a(bignum.o)
                0x00004ff0                mbedtls_mpi_lt_mpi_ct
                0x00005094                mbedtls_mpi_init
                0x000050a0                mbedtls_mpi_init_mempool
                0x000050c4                mbedtls_mpi_free
                0x00005104                mbedtls_mpi_grow
                0x0000519c                mbedtls_mpi_safe_cond_assign
                0x000051ee                mbedtls_mpi_safe_cond_swap
                0x00005286                mbedtls_mpi_shrink
                0x00005338                mbedtls_mpi_copy
                0x000053a4                mbedtls_mpi_swap
                0x00005400                mbedtls_mpi_lset
                0x00005438                mbedtls_mpi_get_bit
                0x00005458                mbedtls_mpi_set_bit
                0x000054a6                mbedtls_mpi_lsb
                0x000054cc                mbedtls_mpi_bitlen
                0x000054d4                mbedtls_mpi_size
                0x000054e0                mbedtls_mpi_read_binary_le
                0x0000550c                mbedtls_mpi_read_binary
                0x00005538                mbedtls_mpi_write_binary_le
                0x00005544                mbedtls_mpi_write_binary
                0x00005550                mbedtls_mpi_shift_l
                0x0000558a                mbedtls_mpi_shift_r
                0x0000559c                mbedtls_mpi_cmp_abs
                0x000055fa                mbedtls_mpi_cmp_mpi
                0x00005684                mbedtls_mpi_cmp_int
                0x000056e8                mbedtls_mpi_add_abs
                0x0000577e                mbedtls_mpi_sub_abs
                0x0000587c                mbedtls_mpi_add_mpi
                0x00005880                mbedtls_mpi_sub_mpi
                0x00005886                mbedtls_mpi_add_int
                0x000058ec                mbedtls_mpi_sub_int
                0x00005950                mbedtls_mpi_mul_mpi
                0x00005a60                mbedtls_mpi_mul_int
                0x00005ac2                mbedtls_mpi_read_string
                0x00005c3c                mbedtls_mpi_div_mpi
                0x00005fc6                mbedtls_mpi_div_int
                0x0000602c                mbedtls_mpi_mod_mpi
                0x000062b4                mbedtls_mpi_mod_int
                0x0000632c                mbedtls_mpi_write_string
                0x00006550                mbedtls_mpi_montg_init
                0x0000655e                mbedtls_mpi_montmul
                0x00006582                mbedtls_mpi_montred
                0x000065d8                mbedtls_mpi_exp_mod
                0x000065ea                mbedtls_mpi_exp_mod_unsafe
                0x000065fe                mbedtls_mpi_gcd
                0x00006734                mbedtls_mpi_fill_random
                0x0000692c                mbedtls_mpi_random
                0x0000696a                mbedtls_mpi_inv_mod
                0x00006c88                mbedtls_mpi_is_prime_ext
                0x00006d24                mbedtls_mpi_gen_prime
                0x00006f68                mbedtls_mpi_self_test
 .text          0x0000729c      0xb04 /root/imx-optee-os/out/arm-plat-imx/export-ta_arm32/lib/libmbedtls.a(bignum_core.o)
                0x000072f8                mbedtls_mpi_core_clz
                0x000072fe                mbedtls_mpi_core_bitlen
                0x00007322                mbedtls_mpi_core_bigendian_to_host
                0x00007348                mbedtls_mpi_core_uint_le_mpi
                0x00007384                mbedtls_mpi_core_lt_ct
                0x000073d4                mbedtls_mpi_core_cond_assign
                0x00007410                mbedtls_mpi_core_cond_swap
                0x00007460                mbedtls_mpi_core_read_le
                0x000074aa                mbedtls_mpi_core_read_be
                0x000074f4                mbedtls_mpi_core_write_le
                0x00007558                mbedtls_mpi_core_write_be
                0x000075bc                mbedtls_mpi_core_shift_r
                0x0000762c                mbedtls_mpi_core_shift_l
                0x00007698                mbedtls_mpi_core_add
                0x000076c4                mbedtls_mpi_core_add_if
                0x000076fe                mbedtls_mpi_core_sub
                0x0000773a                mbedtls_mpi_core_mla
                0x000078ba                mbedtls_mpi_core_mul
                0x000078fc                mbedtls_mpi_core_montmul_init
                0x00007924                mbedtls_mpi_core_montmul
                0x00007b74                mbedtls_mpi_core_get_mont_r2_unsafe
                0x00007ba8                mbedtls_mpi_core_fill_random
                0x00007c06                mbedtls_mpi_core_random
                0x00007ca0                mbedtls_mpi_core_exp_mod_working_limbs
                0x00007cb6                mbedtls_mpi_core_exp_mod
                0x00007cd6                mbedtls_mpi_core_exp_mod_unsafe
                0x00007cf8                mbedtls_mpi_core_sub_int
                0x00007d20                mbedtls_mpi_core_check_zero_ct
                0x00007d38                mbedtls_mpi_core_to_mont_rep
                0x00007d4e                mbedtls_mpi_core_from_mont_rep
 .text          0x00007da0      0x1d4 /root/imx-optee-os/out/arm-plat-imx/export-ta_arm32/lib/libmbedtls.a(constant_time.o)
                0x00007dfc                mbedtls_ct_memcmp
                0x00007e16                mbedtls_ct_memcmp_partial
                0x00007e64                mbedtls_ct_memmove_left
                0x00007ed0                mbedtls_ct_memcpy_if
                0x00007f0c                mbedtls_ct_memcpy_offset
                0x00007f60                mbedtls_ct_zeroize_if
 .text          0x00007f74       0x2c /root/imx-optee-os/out/arm-plat-imx/export-ta_arm32/lib/libmbedtls.a(platform_util.o)
                0x00007f74                mbedtls_platform_zeroize
                0x00007f8c                mbedtls_zeroize_and_free
 .text          0x00007fa0      0xc14 /root/imx-optee-os/out/arm-plat-imx/export-ta_arm32/lib/libutils.a(bget_malloc.o)
                0x00007fec                bget
                0x00008204                bgetz
                0x00008260                brel
                0x00008448                bgetr
                0x000084c8                bpool
                0x00008560                bget_main_test
                0x00008784                raw_malloc_flags
                0x00008846                raw_memalign
                0x00008864                raw_malloc
                0x00008882                raw_free
                0x0000888a                raw_calloc
                0x000088a8                raw_realloc
                0x000088c6                free_flags
                0x000088dc                malloc
                0x00008904                malloc_flags
                0x00008928                calloc
                0x00008950                realloc
                0x00008978                memalign
                0x000089a0                aligned_alloc
                0x000089d8                free
                0x000089e0                free_wipe
                0x000089e8                raw_malloc_get_ctx_size
                0x000089ec                raw_malloc_init_ctx
                0x000089fe                raw_malloc_add_pool
                0x00008a84                raw_malloc_buffer_overlaps_heap
                0x00008ad4                raw_malloc_buffer_is_within_alloced
                0x00008b78                malloc_add_pool
                0x00008b8c                malloc_buffer_is_within_alloced
                0x00008ba0                malloc_buffer_overlaps_heap
 .text          0x00008bb4       0x64 /root/imx-optee-os/out/arm-plat-imx/export-ta_arm32/lib/libutils.a(snprintf.o)
                0x00008bb4                snprintf
                0x00008c08                vsnprintf
 .text          0x00008c18      0x1a4 /root/imx-optee-os/out/arm-plat-imx/export-ta_arm32/lib/libutils.a(arm32_aeabi_divmod.o)
                0x00008c64                __aeabi_uidiv
                0x00008cbc                __aeabi_uidivmod
                0x00008ce6                __aeabi_idiv
                0x00008d68                __aeabi_idivmod
 .text          0x00008dbc       0xf0 /root/imx-optee-os/out/arm-plat-imx/export-ta_arm32/lib/libutils.a(mempool.o)
                0x00008dbc                mempool_alloc_pool
                0x00008e3c                mempool_alloc
                0x00008e78                mempool_calloc
                0x00008e9c                mempool_free
 .text          0x00008eac      0x190 /root/imx-optee-os/out/arm-plat-imx/export-ta_arm32/lib/libutils.a(base64.o)
                0x00008eac                base64_enc_len
                0x00008ec0                base64_enc
                0x00008f84                base64_dec
 .text.ret_idivmod_values
                0x0000903c        0x4 /root/imx-optee-os/out/arm-plat-imx/export-ta_arm32/lib/libutils.a(arm32_aeabi_divmod_a32.o)
                0x0000903c                ret_idivmod_values
 .text.ret_uidivmod_values
                0x00009040        0x4 /root/imx-optee-os/out/arm-plat-imx/export-ta_arm32/lib/libutils.a(arm32_aeabi_divmod_a32.o)
                0x00009040                ret_uidivmod_values
 .text          0x00009044     0x2d68 /root/imx-optee-os/out/arm-plat-imx/export-ta_arm32/lib/libutee.a(tee_api_operations.o)
                0x00009590                TEE_FreeOperation
                0x000095b4                TEE_AllocateOperation
                0x00009dd0                __GP11_TEE_FreeOperation
                0x00009de4                TEE_GetOperationInfo
                0x00009e14                TEE_GetOperationInfoMultiple
                0x00009f18                __GP11_TEE_GetOperationInfoMultiple
                0x00009f78                TEE_ResetOperation
                0x00009f98                TEE_SetOperationKey
                0x0000a068                __GP11_TEE_SetOperationKey
                0x0000a086                TEE_SetOperationKey2
                0x0000a09c                __GP11_TEE_SetOperationKey2
                0x0000a0be                TEE_CopyOperation
                0x0000a17c                TEE_DigestUpdate
                0x0000a1ac                __GP11_TEE_DigestUpdate
                0x0000a1b0                TEE_DigestDoFinal
                0x0000a2a4                __GP11_TEE_DigestDoFinal
                0x0000a310                TEE_DigestExtract
                0x0000a43c                TEE_CipherInit
                0x0000a4b0                __GP11_TEE_CipherInit
                0x0000a4b4                TEE_CipherUpdate
                0x0000a630                __GP11_TEE_CipherUpdate
                0x0000a69c                TEE_CipherDoFinal
                0x0000a808                __GP11_TEE_CipherDoFinal
                0x0000a878                TEE_MACInit
                0x0000a8ce                __GP11_TEE_MACInit
                0x0000a8d2                TEE_MACUpdate
                0x0000a920                __GP11_TEE_MACUpdate
                0x0000a924                TEE_MACComputeFinal
                0x0000a9d8                __GP11_TEE_MACComputeFinal
                0x0000aa44                TEE_MACCompareFinal
                0x0000aaf8                __GP11_TEE_MACCompareFinal
                0x0000aafc                TEE_AEInit
                0x0000ab6c                __GP11_TEE_AEInit
                0x0000ab70                TEE_AEUpdateAAD
                0x0000abbc                __GP11_TEE_AEUpdateAAD
                0x0000ac02                TEE_AEUpdate
                0x0000ac6c                __GP11_TEE_AEUpdate
                0x0000ad18                TEE_AEEncryptFinal
                0x0000ae84                __GP11_TEE_AEEncryptFinal
                0x0000af10                TEE_AEDecryptFinal
                0x0000b04c                __GP11_TEE_AEDecryptFinal
                0x0000b0c4                TEE_AsymmetricEncrypt
                0x0000b1d4                __GP11_TEE_AsymmetricEncrypt
                0x0000b2c4                TEE_AsymmetricDecrypt
                0x0000b3d4                __GP11_TEE_AsymmetricDecrypt
                0x0000b4c8                TEE_AsymmetricSignDigest
                0x0000b5b4                __GP11_TEE_AsymmetricSignDigest
                0x0000b6a0                TEE_AsymmetricVerifyDigest
                0x0000b77c                __GP11_TEE_AsymmetricVerifyDigest
                0x0000b858                TEE_DeriveKey
                0x0000b950                __GP11_TEE_DeriveKey
                0x0000ba48                TEE_GenerateRandom
                0x0000ba5a                __GP11_TEE_GenerateRandom
                0x0000ba5e                rand
                0x0000baa8                TEE_IsAlgorithmSupported
 .text          0x0000bdac     0x11b0 /root/imx-optee-os/out/arm-plat-imx/export-ta_arm32/lib/libutee.a(tee_api_objects.o)
                0x0000bdac                __utee_from_attr
                0x0000bdd6                __utee_from_gp11_attr
                0x0000be00                TEE_GetObjectInfo
                0x0000be8c                __GP11_TEE_GetObjectInfo
                0x0000bf18                TEE_GetObjectInfo1
                0x0000bfa0                __GP11_TEE_GetObjectInfo1
                0x0000c028                TEE_RestrictObjectUsage1
                0x0000c048                TEE_RestrictObjectUsage
                0x0000c0b4                TEE_GetObjectBufferAttribute
                0x0000c174                __GP11_TEE_GetObjectBufferAttribute
                0x0000c1d8                TEE_GetObjectValueAttribute
                0x0000c2b4                TEE_CloseObject
                0x0000c2c8                __GP11_TEE_AllocateTransientObject
                0x0000c33c                TEE_AllocateTransientObject
                0x0000c354                TEE_FreeTransientObject
                0x0000c3c4                TEE_ResetTransientObject
                0x0000c434                TEE_PopulateTransientObject
                0x0000c4ec                __GP11_TEE_PopulateTransientObject
                0x0000c5a4                TEE_InitRefAttribute
                0x0000c5c6                __GP11_TEE_InitRefAttribute
                0x0000c5e8                TEE_InitValueAttribute
                0x0000c60a                __GP11_TEE_InitValueAttribute
                0x0000c62c                TEE_CopyObjectAttributes1
                0x0000c6e4                TEE_CopyObjectAttributes
                0x0000c750                TEE_GenerateKey
                0x0000c7d8                __GP11_TEE_GenerateKey
                0x0000c860                TEE_OpenPersistentObject
                0x0000c904                __GP11_TEE_OpenPersistentObject
                0x0000c908                TEE_CreatePersistentObject
                0x0000c9dc                __GP11_TEE_CreatePersistentObject
                0x0000ca1a                TEE_CloseAndDeletePersistentObject1
                0x0000ca40                TEE_CloseAndDeletePersistentObject
                0x0000ca56                TEE_RenamePersistentObject
                0x0000ca90                __GP11_TEE_RenamePersistentObject
                0x0000ca94                TEE_AllocatePersistentObjectEnumerator
                0x0000cafc                TEE_FreePersistentObjectEnumerator
                0x0000cb10                TEE_ResetPersistentObjectEnumerator
                0x0000cb24                TEE_StartPersistentObjectEnumerator
                0x0000cb50                TEE_GetNextPersistentObject
                0x0000cc28                __GP11_TEE_GetNextPersistentObject
                0x0000cd00                TEE_ReadObjectData
                0x0000cd8c                __GP11_TEE_ReadObjectData
                0x0000cdf0                TEE_WriteObjectData
                0x0000ce30                __GP11_TEE_WriteObjectData
                0x0000ce34                TEE_TruncateObjectData
                0x0000ce6c                __GP11_TEE_TruncateObjectData
                0x0000ce70                TEE_SeekObjectData
                0x0000cf48                __GP11_TEE_SeekObjectData
 .text          0x0000cf5c        0x6 /root/imx-optee-os/out/arm-plat-imx/export-ta_arm32/lib/libutils.a(aeabi_unwind.o)
                0x0000cf5c                __aeabi_unwind_cpp_pr0
                0x0000cf5e                __aeabi_unwind_cpp_pr1
                0x0000cf60                __aeabi_unwind_cpp_pr2
 .text          0x0000cf62       0x1c /root/imx-optee-os/out/arm-plat-imx/export-ta_arm32/lib/libutils.a(memchr.o)
                0x0000cf62                memchr
 .text          0x0000cf7e       0x10 /root/imx-optee-os/out/arm-plat-imx/export-ta_arm32/lib/libutils.a(strlen.o)
                0x0000cf7e                strlen
 .text          0x0000cf8e      0x14c /root/imx-optee-os/out/arm-plat-imx/export-ta_arm32/lib/libutils.a(arm32_aeabi_ldivmod.o)
                0x0000cf8e                __ul_divmod
                0x0000cffc                __l_divmod
 .text          0x0000d0da       0x32 /root/imx-optee-os/out/arm-plat-imx/export-ta_arm32/lib/libutils.a(memmove.o)
                0x0000d0da                memmove
 .text          0x0000d10c       0x10 /root/imx-optee-os/out/arm-plat-imx/export-ta_arm32/lib/libutils.a(memset.o)
                0x0000d10c                memset
 .text          0x0000d11c       0x16 /root/imx-optee-os/out/arm-plat-imx/export-ta_arm32/lib/libutils.a(strcmp.o)
                0x0000d11c                strcmp
 .text          0x0000d132       0x2a /root/imx-optee-os/out/arm-plat-imx/export-ta_arm32/lib/libutils.a(strlcpy.o)
                0x0000d132                strlcpy
 .text          0x0000d15c       0x48 /root/imx-optee-os/out/arm-plat-imx/export-ta_arm32/lib/libutils.a(consttime_memcmp.o)
                0x0000d15c                consttime_memcmp
 .text          0x0000d1a4        0x0 ./ta_entry_a32.o
 .text          0x0000d1a4        0x0 /root/imx-optee-os/out/arm-plat-imx/export-ta_arm32/lib/libutils.a(arm32_aeabi_ldivmod_a32.o)
 .text          0x0000d1a4        0x0 /root/imx-optee-os/out/arm-plat-imx/export-ta_arm32/lib/libutee.a(abort.o)
 .text          0x0000d1a4        0x0 /root/imx-optee-os/out/arm-plat-imx/export-ta_arm32/lib/libutils.a(arm32_aeabi_divmod_a32.o)
 *fill*         0x0000d1a4        0x4 
 .text.__stub   0x0000d1a8       0x50 linker stubs
 *(SORT_BY_ALIGNMENT(.stub))
 *(SORT_BY_ALIGNMENT(.glue_7))
 .glue_7        0x0000d1f8        0x0 linker stubs
 *(SORT_BY_ALIGNMENT(.glue_7t))
 .glue_7t       0x0000d1f8        0x0 linker stubs
 *(SORT_BY_ALIGNMENT(.gnu.linkonce.t.*))
 *(SORT_BY_ALIGNMENT(.vfp11_veneer))
 .vfp11_veneer  0x0000d1f8        0x0 linker stubs
                0x0000d1f8                        __text_end = .

.v4_bx          0x0000d1f8        0x0
 .v4_bx         0x0000d1f8        0x0 linker stubs

.iplt           0x0000d1f8        0x0
 .iplt          0x0000d1f8        0x0 ./trusted_bmca.o

.note.gnu.property
 *(SORT_BY_ALIGNMENT(.note.gnu.property))

.plt            0x0000d1f8        0x0
 *(SORT_BY_ALIGNMENT(.plt))
 .plt           0x0000d1f8        0x0 ./trusted_bmca.o

.eh_frame_hdr
 *(SORT_BY_ALIGNMENT(.eh_frame_hdr))
 *(SORT_BY_ALIGNMENT(.eh_frame_entry) SORT_BY_ALIGNMENT(.eh_frame_entry.*))

.eh_frame
 *(SORT_BY_ALIGNMENT(.eh_frame))
 *(SORT_BY_ALIGNMENT(.eh_frame.*))

.gcc_except_table
 *(SORT_BY_ALIGNMENT(.gcc_except_table) SORT_BY_ALIGNMENT(.gcc_except_table.*))

.rodata         0x0000d1f8     0x1082
 *(SORT_BY_ALIGNMENT(.gnu.linkonce.r.*))
 *(SORT_BY_ALIGNMENT(.rodata) SORT_BY_ALIGNMENT(.rodata.*))
 .rodata./root/imx-optee-os/out/arm-plat-imx/export-ta_arm32/src/user_ta_header.c
                0x0000d1f8       0x23 ./user_ta_header.o
                0x0000d1f8                ta_num_props
                0x0000d210                __ta_no_share_heap_size
                0x0000d214                ta_heap_size
                0x0000d218                trace_ext_prefix
 *fill*         0x0000d21b        0x1 
 .rodata.lib/libutee/tee_api.c
                0x0000d21c       0x10 /root/imx-optee-os/out/arm-plat-imx/export-ta_arm32/lib/libutee.a(tee_api.o)
 .rodata.lib/libutee/tee_system_pta.c
                0x0000d22c       0x31 /root/imx-optee-os/out/arm-plat-imx/export-ta_arm32/lib/libutee.a(tee_system_pta.o)
 *fill*         0x0000d25d        0x3 
 .rodata.lib/libutee/tee_api_property.c
                0x0000d260       0x10 /root/imx-optee-os/out/arm-plat-imx/export-ta_arm32/lib/libutee.a(tee_api_property.o)
 .rodata.lib/libmbedtls/mbedtls/library/bignum.c
                0x0000d270       0xcc /root/imx-optee-os/out/arm-plat-imx/export-ta_arm32/lib/libmbedtls.a(bignum.o)
 .rodata.str1.1./root/imx-optee-os/out/arm-plat-imx/export-ta_arm32/src/user_ta_header.c
                0x0000d33c      0xc7d ./user_ta_header.o
                                 0xe5 (size before relaxing)
 .rodata.str1.1.lib/libutils/isoc/stack_check.c
                0x0000dfb9       0x18 /root/imx-optee-os/out/arm-plat-imx/export-ta_arm32/lib/libutils.a(stack_check.o)
 .rodata.str1.1.lib/libutils/ext/trace.c
                0x0000dfb9       0x1b /root/imx-optee-os/out/arm-plat-imx/export-ta_arm32/lib/libutils.a(trace.o)
 .rodata.lib/libutils/ext/trace.c
                0x0000dfb9        0x5 /root/imx-optee-os/out/arm-plat-imx/export-ta_arm32/lib/libutils.a(trace.o)
 .rodata.str1.1.lib/libutils/ext/snprintk.c
                0x0000dfbe       0x38 /root/imx-optee-os/out/arm-plat-imx/export-ta_arm32/lib/libutils.a(snprintk.o)
 .rodata.lib/libutils/ext/snprintk.c
                0x0000dfbe       0x22 /root/imx-optee-os/out/arm-plat-imx/export-ta_arm32/lib/libutils.a(snprintk.o)
 .rodata.str1.1.lib/libutee/trace_ext.c
                0x0000dfe0        0x2 /root/imx-optee-os/out/arm-plat-imx/export-ta_arm32/lib/libutee.a(trace_ext.o)
 .rodata.str1.1.lib/libutee/tee_api.c
                0x0000dfe0       0x11 /root/imx-optee-os/out/arm-plat-imx/export-ta_arm32/lib/libutee.a(tee_api.o)
 .rodata.str1.1.lib/libutee/tee_system_pta.c
                0x0000dfe0       0x55 /root/imx-optee-os/out/arm-plat-imx/export-ta_arm32/lib/libutee.a(tee_system_pta.o)
 .rodata.str1.1.lib/libutee/user_ta_entry.c
                0x0000dfe0       0x4f /root/imx-optee-os/out/arm-plat-imx/export-ta_arm32/lib/libutee.a(user_ta_entry.o)
 .rodata.lib/libutee/user_ta_entry.c
                0x0000dfe0       0x16 /root/imx-optee-os/out/arm-plat-imx/export-ta_arm32/lib/libutee.a(user_ta_entry.o)
 .rodata.str1.1.lib/libutee/abort.c
                0x0000dff6        0x7 /root/imx-optee-os/out/arm-plat-imx/export-ta_arm32/lib/libutee.a(abort.o)
 .rodata.str1.1.lib/libutee/tee_api_arith_mpi.c
                0x0000dff6       0xc9 /root/imx-optee-os/out/arm-plat-imx/export-ta_arm32/lib/libutee.a(tee_api_arith_mpi.o)
 .rodata.lib/libutee/tee_api_arith_mpi.c
                0x0000dff6      0x14e /root/imx-optee-os/out/arm-plat-imx/export-ta_arm32/lib/libutee.a(tee_api_arith_mpi.o)
 .rodata.str1.1.lib/libutee/tee_api_property.c
                0x0000e144       0x88 /root/imx-optee-os/out/arm-plat-imx/export-ta_arm32/lib/libutee.a(tee_api_property.o)
 .rodata.str1.1.lib/libutee/tcb.c
                0x0000e144       0x8d /root/imx-optee-os/out/arm-plat-imx/export-ta_arm32/lib/libutee.a(tcb.o)
 .rodata.lib/libutee/tcb.c
                0x0000e144       0x20 /root/imx-optee-os/out/arm-plat-imx/export-ta_arm32/lib/libutee.a(tcb.o)
 .rodata.str1.1.lib/libutee/assert.c
                0x0000e164       0x27 /root/imx-optee-os/out/arm-plat-imx/export-ta_arm32/lib/libutee.a(assert.o)
 .rodata.str1.1.lib/libmbedtls/mbedtls/library/bignum.c
                0x0000e164      0x45d /root/imx-optee-os/out/arm-plat-imx/export-ta_arm32/lib/libmbedtls.a(bignum.o)
 .rodata.str1.1.lib/libutils/isoc/bget_malloc.c
                0x0000e164      0x31c /root/imx-optee-os/out/arm-plat-imx/export-ta_arm32/lib/libutils.a(bget_malloc.o)
 .rodata.lib/libutils/isoc/bget_malloc.c
                0x0000e164       0x63 /root/imx-optee-os/out/arm-plat-imx/export-ta_arm32/lib/libutils.a(bget_malloc.o)
 .rodata.str1.1.lib/libutils/ext/mempool.c
                0x0000e1c7       0x89 /root/imx-optee-os/out/arm-plat-imx/export-ta_arm32/lib/libutils.a(mempool.o)
 .rodata.lib/libutils/ext/mempool.c
                0x0000e1c7       0x2c /root/imx-optee-os/out/arm-plat-imx/export-ta_arm32/lib/libutils.a(mempool.o)
 .rodata.lib/libutils/ext/base64.c
                0x0000e1f3       0x41 /root/imx-optee-os/out/arm-plat-imx/export-ta_arm32/lib/libutils.a(base64.o)
 .rodata.str1.1.lib/libutee/tee_api_operations.c
                0x0000e234       0x80 /root/imx-optee-os/out/arm-plat-imx/export-ta_arm32/lib/libutee.a(tee_api_operations.o)
 .rodata.lib/libutee/tee_api_operations.c
                0x0000e234       0x46 /root/imx-optee-os/out/arm-plat-imx/export-ta_arm32/lib/libutee.a(tee_api_operations.o)

.gnu.version_d  0x0000e27c        0x0
 .gnu.version_d
                0x0000e27c        0x0 ./trusted_bmca.o

.gnu.version    0x0000e27a        0x0
 .gnu.version   0x0000e27a        0x0 ./trusted_bmca.o

.gnu.version_r  0x0000e27c        0x0
 .gnu.version_r
                0x0000e27c        0x0 ./trusted_bmca.o

.gnu.hash       0x0000e27c       0x30
 .gnu.hash      0x0000e27c       0x30 ./trusted_bmca.o

.ta_head        0x0000e2b0       0x20
 .ta_head       0x0000e2b0       0x20 ./user_ta_header.o
                0x0000e2b0                ta_head

.ARM.extab      0x0000e2d0      0x3f4
 *(SORT_BY_ALIGNMENT(.ARM.extab*) SORT_BY_ALIGNMENT(.gnu.linkonce.armextab.*))
 .ARM.extab     0x0000e2d0        0xc /root/imx-optee-os/out/arm-plat-imx/export-ta_arm32/lib/libutils.a(snprintk.o)
 .ARM.extab.text.__aeabi_ldivmod
                0x0000e2dc        0xc /root/imx-optee-os/out/arm-plat-imx/export-ta_arm32/lib/libutils.a(arm32_aeabi_ldivmod_a32.o)
 .ARM.extab.text.__aeabi_uldivmod
                0x0000e2e8        0xc /root/imx-optee-os/out/arm-plat-imx/export-ta_arm32/lib/libutils.a(arm32_aeabi_ldivmod_a32.o)
 .ARM.extab     0x0000e2f4        0xc /root/imx-optee-os/out/arm-plat-imx/export-ta_arm32/lib/libutee.a(trace_ext.o)
 .ARM.extab     0x0000e300       0x24 /root/imx-optee-os/out/arm-plat-imx/export-ta_arm32/lib/libutee.a(tee_api.o)
 .ARM.extab     0x0000e324       0x24 /root/imx-optee-os/out/arm-plat-imx/export-ta_arm32/lib/libutee.a(tee_api_panic.o)
 .ARM.extab.text._utee_panic
                0x0000e348       0x10 /root/imx-optee-os/out/arm-plat-imx/export-ta_arm32/lib/libutee.a(utee_syscalls_a32.o)
 .ARM.extab.text._utee_return
                0x0000e358        0xc /root/imx-optee-os/out/arm-plat-imx/export-ta_arm32/lib/libutee.a(utee_syscalls_a32.o)
 .ARM.extab.text._utee_log
                0x0000e364        0xc /root/imx-optee-os/out/arm-plat-imx/export-ta_arm32/lib/libutee.a(utee_syscalls_a32.o)
 .ARM.extab.text.__utee_panic
                0x0000e370        0xc /root/imx-optee-os/out/arm-plat-imx/export-ta_arm32/lib/libutee.a(utee_syscalls_a32.o)
 .ARM.extab.text._utee_get_property
                0x0000e37c        0xc /root/imx-optee-os/out/arm-plat-imx/export-ta_arm32/lib/libutee.a(utee_syscalls_a32.o)
 .ARM.extab.text._utee_get_property_name_to_index
                0x0000e388        0xc /root/imx-optee-os/out/arm-plat-imx/export-ta_arm32/lib/libutee.a(utee_syscalls_a32.o)
 .ARM.extab.text._utee_open_ta_session
                0x0000e394        0xc /root/imx-optee-os/out/arm-plat-imx/export-ta_arm32/lib/libutee.a(utee_syscalls_a32.o)
 .ARM.extab.text._utee_close_ta_session
                0x0000e3a0        0xc /root/imx-optee-os/out/arm-plat-imx/export-ta_arm32/lib/libutee.a(utee_syscalls_a32.o)
 .ARM.extab.text._utee_invoke_ta_command
                0x0000e3ac        0xc /root/imx-optee-os/out/arm-plat-imx/export-ta_arm32/lib/libutee.a(utee_syscalls_a32.o)
 .ARM.extab.text._utee_get_cancellation_flag
                0x0000e3b8        0xc /root/imx-optee-os/out/arm-plat-imx/export-ta_arm32/lib/libutee.a(utee_syscalls_a32.o)
 .ARM.extab.text._utee_check_access_rights
                0x0000e3c4        0xc /root/imx-optee-os/out/arm-plat-imx/export-ta_arm32/lib/libutee.a(utee_syscalls_a32.o)
 .ARM.extab.text._utee_unmask_cancellation
                0x0000e3d0        0xc /root/imx-optee-os/out/arm-plat-imx/export-ta_arm32/lib/libutee.a(utee_syscalls_a32.o)
 .ARM.extab.text._utee_mask_cancellation
                0x0000e3dc        0xc /root/imx-optee-os/out/arm-plat-imx/export-ta_arm32/lib/libutee.a(utee_syscalls_a32.o)
 .ARM.extab.text._utee_wait
                0x0000e3e8        0xc /root/imx-optee-os/out/arm-plat-imx/export-ta_arm32/lib/libutee.a(utee_syscalls_a32.o)
 .ARM.extab.text._utee_get_time
                0x0000e3f4        0xc /root/imx-optee-os/out/arm-plat-imx/export-ta_arm32/lib/libutee.a(utee_syscalls_a32.o)
 .ARM.extab.text._utee_set_ta_time
                0x0000e400        0xc /root/imx-optee-os/out/arm-plat-imx/export-ta_arm32/lib/libutee.a(utee_syscalls_a32.o)
 .ARM.extab.text._utee_cryp_state_alloc
                0x0000e40c        0xc /root/imx-optee-os/out/arm-plat-imx/export-ta_arm32/lib/libutee.a(utee_syscalls_a32.o)
 .ARM.extab.text._utee_cryp_state_copy
                0x0000e418        0xc /root/imx-optee-os/out/arm-plat-imx/export-ta_arm32/lib/libutee.a(utee_syscalls_a32.o)
 .ARM.extab.text._utee_cryp_state_free
                0x0000e424        0xc /root/imx-optee-os/out/arm-plat-imx/export-ta_arm32/lib/libutee.a(utee_syscalls_a32.o)
 .ARM.extab.text._utee_hash_init
                0x0000e430        0xc /root/imx-optee-os/out/arm-plat-imx/export-ta_arm32/lib/libutee.a(utee_syscalls_a32.o)
 .ARM.extab.text._utee_hash_update
                0x0000e43c        0xc /root/imx-optee-os/out/arm-plat-imx/export-ta_arm32/lib/libutee.a(utee_syscalls_a32.o)
 .ARM.extab.text._utee_hash_final
                0x0000e448        0xc /root/imx-optee-os/out/arm-plat-imx/export-ta_arm32/lib/libutee.a(utee_syscalls_a32.o)
 .ARM.extab.text._utee_cipher_init
                0x0000e454        0xc /root/imx-optee-os/out/arm-plat-imx/export-ta_arm32/lib/libutee.a(utee_syscalls_a32.o)
 .ARM.extab.text._utee_cipher_update
                0x0000e460        0xc /root/imx-optee-os/out/arm-plat-imx/export-ta_arm32/lib/libutee.a(utee_syscalls_a32.o)
 .ARM.extab.text._utee_cipher_final
                0x0000e46c        0xc /root/imx-optee-os/out/arm-plat-imx/export-ta_arm32/lib/libutee.a(utee_syscalls_a32.o)
 .ARM.extab.text._utee_cryp_obj_get_info
                0x0000e478        0xc /root/imx-optee-os/out/arm-plat-imx/export-ta_arm32/lib/libutee.a(utee_syscalls_a32.o)
 .ARM.extab.text._utee_cryp_obj_restrict_usage
                0x0000e484        0xc /root/imx-optee-os/out/arm-plat-imx/export-ta_arm32/lib/libutee.a(utee_syscalls_a32.o)
 .ARM.extab.text._utee_cryp_obj_get_attr
                0x0000e490        0xc /root/imx-optee-os/out/arm-plat-imx/export-ta_arm32/lib/libutee.a(utee_syscalls_a32.o)
 .ARM.extab.text._utee_cryp_obj_alloc
                0x0000e49c        0xc /root/imx-optee-os/out/arm-plat-imx/export-ta_arm32/lib/libutee.a(utee_syscalls_a32.o)
 .ARM.extab.text._utee_cryp_obj_close
                0x0000e4a8        0xc /root/imx-optee-os/out/arm-plat-imx/export-ta_arm32/lib/libutee.a(utee_syscalls_a32.o)
 .ARM.extab.text._utee_cryp_obj_reset
                0x0000e4b4        0xc /root/imx-optee-os/out/arm-plat-imx/export-ta_arm32/lib/libutee.a(utee_syscalls_a32.o)
 .ARM.extab.text._utee_cryp_obj_populate
                0x0000e4c0        0xc /root/imx-optee-os/out/arm-plat-imx/export-ta_arm32/lib/libutee.a(utee_syscalls_a32.o)
 .ARM.extab.text._utee_cryp_obj_copy
                0x0000e4cc        0xc /root/imx-optee-os/out/arm-plat-imx/export-ta_arm32/lib/libutee.a(utee_syscalls_a32.o)
 .ARM.extab.text._utee_cryp_derive_key
                0x0000e4d8        0xc /root/imx-optee-os/out/arm-plat-imx/export-ta_arm32/lib/libutee.a(utee_syscalls_a32.o)
 .ARM.extab.text._utee_cryp_random_number_generate
                0x0000e4e4        0xc /root/imx-optee-os/out/arm-plat-imx/export-ta_arm32/lib/libutee.a(utee_syscalls_a32.o)
 .ARM.extab.text._utee_authenc_init
                0x0000e4f0        0xc /root/imx-optee-os/out/arm-plat-imx/export-ta_arm32/lib/libutee.a(utee_syscalls_a32.o)
 .ARM.extab.text._utee_authenc_update_aad
                0x0000e4fc        0xc /root/imx-optee-os/out/arm-plat-imx/export-ta_arm32/lib/libutee.a(utee_syscalls_a32.o)
 .ARM.extab.text._utee_authenc_update_payload
                0x0000e508        0xc /root/imx-optee-os/out/arm-plat-imx/export-ta_arm32/lib/libutee.a(utee_syscalls_a32.o)
 .ARM.extab.text._utee_authenc_enc_final
                0x0000e514        0xc /root/imx-optee-os/out/arm-plat-imx/export-ta_arm32/lib/libutee.a(utee_syscalls_a32.o)
 .ARM.extab.text._utee_authenc_dec_final
                0x0000e520        0xc /root/imx-optee-os/out/arm-plat-imx/export-ta_arm32/lib/libutee.a(utee_syscalls_a32.o)
 .ARM.extab.text._utee_asymm_operate
                0x0000e52c        0xc /root/imx-optee-os/out/arm-plat-imx/export-ta_arm32/lib/libutee.a(utee_syscalls_a32.o)
 .ARM.extab.text._utee_asymm_verify
                0x0000e538        0xc /root/imx-optee-os/out/arm-plat-imx/export-ta_arm32/lib/libutee.a(utee_syscalls_a32.o)
 .ARM.extab.text._utee_storage_obj_open
                0x0000e544        0xc /root/imx-optee-os/out/arm-plat-imx/export-ta_arm32/lib/libutee.a(utee_syscalls_a32.o)
 .ARM.extab.text._utee_storage_obj_create
                0x0000e550        0xc /root/imx-optee-os/out/arm-plat-imx/export-ta_arm32/lib/libutee.a(utee_syscalls_a32.o)
 .ARM.extab.text._utee_storage_obj_del
                0x0000e55c        0xc /root/imx-optee-os/out/arm-plat-imx/export-ta_arm32/lib/libutee.a(utee_syscalls_a32.o)
 .ARM.extab.text._utee_storage_obj_rename
                0x0000e568        0xc /root/imx-optee-os/out/arm-plat-imx/export-ta_arm32/lib/libutee.a(utee_syscalls_a32.o)
 .ARM.extab.text._utee_storage_alloc_enum
                0x0000e574        0xc /root/imx-optee-os/out/arm-plat-imx/export-ta_arm32/lib/libutee.a(utee_syscalls_a32.o)
 .ARM.extab.text._utee_storage_free_enum
                0x0000e580        0xc /root/imx-optee-os/out/arm-plat-imx/export-ta_arm32/lib/libutee.a(utee_syscalls_a32.o)
 .ARM.extab.text._utee_storage_reset_enum
                0x0000e58c        0xc /root/imx-optee-os/out/arm-plat-imx/export-ta_arm32/lib/libutee.a(utee_syscalls_a32.o)
 .ARM.extab.text._utee_storage_start_enum
                0x0000e598        0xc /root/imx-optee-os/out/arm-plat-imx/export-ta_arm32/lib/libutee.a(utee_syscalls_a32.o)
 .ARM.extab.text._utee_storage_next_enum
                0x0000e5a4        0xc /root/imx-optee-os/out/arm-plat-imx/export-ta_arm32/lib/libutee.a(utee_syscalls_a32.o)
 .ARM.extab.text._utee_storage_obj_read
                0x0000e5b0        0xc /root/imx-optee-os/out/arm-plat-imx/export-ta_arm32/lib/libutee.a(utee_syscalls_a32.o)
 .ARM.extab.text._utee_storage_obj_write
                0x0000e5bc        0xc /root/imx-optee-os/out/arm-plat-imx/export-ta_arm32/lib/libutee.a(utee_syscalls_a32.o)
 .ARM.extab.text._utee_storage_obj_trunc
                0x0000e5c8        0xc /root/imx-optee-os/out/arm-plat-imx/export-ta_arm32/lib/libutee.a(utee_syscalls_a32.o)
 .ARM.extab.text._utee_storage_obj_seek
                0x0000e5d4        0xc /root/imx-optee-os/out/arm-plat-imx/export-ta_arm32/lib/libutee.a(utee_syscalls_a32.o)
 .ARM.extab.text._utee_cryp_obj_generate_key
                0x0000e5e0        0xc /root/imx-optee-os/out/arm-plat-imx/export-ta_arm32/lib/libutee.a(utee_syscalls_a32.o)
 .ARM.extab.text._utee_cache_operation
                0x0000e5ec        0xc /root/imx-optee-os/out/arm-plat-imx/export-ta_arm32/lib/libutee.a(utee_syscalls_a32.o)
 .ARM.extab.text.unlikely
                0x0000e5f8        0xc /root/imx-optee-os/out/arm-plat-imx/export-ta_arm32/lib/libutee.a(abort.o)
 .ARM.extab     0x0000e604       0x3c /root/imx-optee-os/out/arm-plat-imx/export-ta_arm32/lib/libutee.a(tee_api_arith_mpi.o)
 .ARM.extab     0x0000e640        0xc /root/imx-optee-os/out/arm-plat-imx/export-ta_arm32/lib/libutee.a(assert.o)
 .ARM.extab     0x0000e64c       0x18 /root/imx-optee-os/out/arm-plat-imx/export-ta_arm32/lib/libmbedtls.a(bignum.o)
 .ARM.extab     0x0000e664       0x18 /root/imx-optee-os/out/arm-plat-imx/export-ta_arm32/lib/libutils.a(bget_malloc.o)
 .ARM.extab     0x0000e67c        0xc /root/imx-optee-os/out/arm-plat-imx/export-ta_arm32/lib/libutils.a(snprintf.o)
 .ARM.extab     0x0000e688        0xc /root/imx-optee-os/out/arm-plat-imx/export-ta_arm32/lib/libutee.a(tee_api_operations.o)
 .ARM.extab     0x0000e694       0x30 /root/imx-optee-os/out/arm-plat-imx/export-ta_arm32/lib/libutee.a(tee_api_objects.o)
 .ARM.extab     0x0000e6c4        0x0 ./trusted_bmca.o
 .ARM.extab     0x0000e6c4        0x0 ./user_ta_header.o
 .ARM.extab.text.__ta_entry
                0x0000e6c4        0x0 ./ta_entry_a32.o
 .ARM.extab     0x0000e6c4        0x0 /root/imx-optee-os/out/arm-plat-imx/export-ta_arm32/lib/libutils.a(stack_check.o)
 .ARM.extab     0x0000e6c4        0x0 /root/imx-optee-os/out/arm-plat-imx/export-ta_arm32/lib/libutils.a(memcpy.o)
 .ARM.extab     0x0000e6c4        0x0 /root/imx-optee-os/out/arm-plat-imx/export-ta_arm32/lib/libutils.a(trace.o)
 .ARM.extab     0x0000e6c4        0x0 /root/imx-optee-os/out/arm-plat-imx/export-ta_arm32/lib/libutils.a(aeabi_unwind.o)
 .ARM.extab     0x0000e6c4        0x0 /root/imx-optee-os/out/arm-plat-imx/export-ta_arm32/lib/libutils.a(memchr.o)
 .ARM.extab     0x0000e6c4        0x0 /root/imx-optee-os/out/arm-plat-imx/export-ta_arm32/lib/libutils.a(strlen.o)
 .ARM.extab     0x0000e6c4        0x0 /root/imx-optee-os/out/arm-plat-imx/export-ta_arm32/lib/libutils.a(arm32_aeabi_ldivmod.o)
 .ARM.extab     0x0000e6c4        0x0 /root/imx-optee-os/out/arm-plat-imx/export-ta_arm32/lib/libutee.a(tee_system_pta.o)
 .ARM.extab     0x0000e6c4        0x0 /root/imx-optee-os/out/arm-plat-imx/export-ta_arm32/lib/libutee.a(user_ta_entry.o)
 .ARM.extab     0x0000e6c4        0x0 /root/imx-optee-os/out/arm-plat-imx/export-ta_arm32/lib/libutee.a(tee_api_property.o)
 .ARM.extab     0x0000e6c4        0x0 /root/imx-optee-os/out/arm-plat-imx/export-ta_arm32/lib/libutee.a(tcb.o)
 .ARM.extab     0x0000e6c4        0x0 /root/imx-optee-os/out/arm-plat-imx/export-ta_arm32/lib/libmbedtls.a(bignum_core.o)
 .ARM.extab     0x0000e6c4        0x0 /root/imx-optee-os/out/arm-plat-imx/export-ta_arm32/lib/libmbedtls.a(constant_time.o)
 .ARM.extab     0x0000e6c4        0x0 /root/imx-optee-os/out/arm-plat-imx/export-ta_arm32/lib/libmbedtls.a(platform_util.o)
 .ARM.extab     0x0000e6c4        0x0 /root/imx-optee-os/out/arm-plat-imx/export-ta_arm32/lib/libutils.a(memmove.o)
 .ARM.extab     0x0000e6c4        0x0 /root/imx-optee-os/out/arm-plat-imx/export-ta_arm32/lib/libutils.a(memset.o)
 .ARM.extab     0x0000e6c4        0x0 /root/imx-optee-os/out/arm-plat-imx/export-ta_arm32/lib/libutils.a(strcmp.o)
 .ARM.extab     0x0000e6c4        0x0 /root/imx-optee-os/out/arm-plat-imx/export-ta_arm32/lib/libutils.a(arm32_aeabi_divmod.o)
 .ARM.extab     0x0000e6c4        0x0 /root/imx-optee-os/out/arm-plat-imx/export-ta_arm32/lib/libutils.a(strlcpy.o)
 .ARM.extab     0x0000e6c4        0x0 /root/imx-optee-os/out/arm-plat-imx/export-ta_arm32/lib/libutils.a(mempool.o)
 .ARM.extab     0x0000e6c4        0x0 /root/imx-optee-os/out/arm-plat-imx/export-ta_arm32/lib/libutils.a(consttime_memcmp.o)
 .ARM.extab     0x0000e6c4        0x0 /root/imx-optee-os/out/arm-plat-imx/export-ta_arm32/lib/libutils.a(base64.o)
 .ARM.extab.text.ret_idivmod_values
                0x0000e6c4        0x0 /root/imx-optee-os/out/arm-plat-imx/export-ta_arm32/lib/libutils.a(arm32_aeabi_divmod_a32.o)
 .ARM.extab.text.ret_uidivmod_values
                0x0000e6c4        0x0 /root/imx-optee-os/out/arm-plat-imx/export-ta_arm32/lib/libutils.a(arm32_aeabi_divmod_a32.o)
                [!provide]                        PROVIDE (__exidx_start = .)

.ARM.exidx      0x0000e6c4      0xcc8
 *(SORT_BY_ALIGNMENT(.ARM.exidx*) SORT_BY_ALIGNMENT(.gnu.linkonce.armexidx.*))
 .ARM.exidx     0x0000e6c4       0x18 ./trusted_bmca.o
                                 0x38 (size before relaxing)
 .ARM.exidx     0x0000e6dc       0x10 ./user_ta_header.o
 .ARM.exidx.text.__ta_entry
                0x0000e6ec        0x8 ./ta_entry_a32.o
 .ARM.exidx     0x0000e6f4        0x8 /root/imx-optee-os/out/arm-plat-imx/export-ta_arm32/lib/libutils.a(stack_check.o)
 .ARM.exidx     0x0000e6fc        0x8 /root/imx-optee-os/out/arm-plat-imx/export-ta_arm32/lib/libutils.a(memcpy.o)
 .ARM.exidx     0x0000e704       0x20 /root/imx-optee-os/out/arm-plat-imx/export-ta_arm32/lib/libutils.a(trace.o)
                                 0x28 (size before relaxing)
 .ARM.exidx     0x0000e724       0x28 /root/imx-optee-os/out/arm-plat-imx/export-ta_arm32/lib/libutils.a(snprintk.o)
 .ARM.exidx.text.__aeabi_ldivmod
                0x0000e74c        0x8 /root/imx-optee-os/out/arm-plat-imx/export-ta_arm32/lib/libutils.a(arm32_aeabi_ldivmod_a32.o)
 .ARM.exidx.text.__aeabi_uldivmod
                0x0000e754        0x8 /root/imx-optee-os/out/arm-plat-imx/export-ta_arm32/lib/libutils.a(arm32_aeabi_ldivmod_a32.o)
 .ARM.exidx     0x0000e75c       0x28 /root/imx-optee-os/out/arm-plat-imx/export-ta_arm32/lib/libutee.a(trace_ext.o)
 .ARM.exidx     0x0000e784       0xa0 /root/imx-optee-os/out/arm-plat-imx/export-ta_arm32/lib/libutee.a(tee_api.o)
                                0x138 (size before relaxing)
 .ARM.exidx     0x0000e824       0x50 /root/imx-optee-os/out/arm-plat-imx/export-ta_arm32/lib/libutee.a(tee_api_panic.o)
                                 0x60 (size before relaxing)
 .ARM.exidx     0x0000e874       0x20 /root/imx-optee-os/out/arm-plat-imx/export-ta_arm32/lib/libutee.a(tee_system_pta.o)
 .ARM.exidx     0x0000e894       0x48 /root/imx-optee-os/out/arm-plat-imx/export-ta_arm32/lib/libutee.a(user_ta_entry.o)
                                 0x50 (size before relaxing)
 .ARM.exidx.text._utee_panic
                0x0000e8dc        0x8 /root/imx-optee-os/out/arm-plat-imx/export-ta_arm32/lib/libutee.a(utee_syscalls_a32.o)
 .ARM.exidx.text._utee_return
                0x0000e8e4        0x8 /root/imx-optee-os/out/arm-plat-imx/export-ta_arm32/lib/libutee.a(utee_syscalls_a32.o)
 .ARM.exidx.text._utee_log
                0x0000e8ec        0x8 /root/imx-optee-os/out/arm-plat-imx/export-ta_arm32/lib/libutee.a(utee_syscalls_a32.o)
 .ARM.exidx.text.__utee_panic
                0x0000e8f4        0x8 /root/imx-optee-os/out/arm-plat-imx/export-ta_arm32/lib/libutee.a(utee_syscalls_a32.o)
 .ARM.exidx.text._utee_get_property
                0x0000e8fc        0x8 /root/imx-optee-os/out/arm-plat-imx/export-ta_arm32/lib/libutee.a(utee_syscalls_a32.o)
 .ARM.exidx.text._utee_get_property_name_to_index
                0x0000e904        0x8 /root/imx-optee-os/out/arm-plat-imx/export-ta_arm32/lib/libutee.a(utee_syscalls_a32.o)
 .ARM.exidx.text._utee_open_ta_session
                0x0000e90c        0x8 /root/imx-optee-os/out/arm-plat-imx/export-ta_arm32/lib/libutee.a(utee_syscalls_a32.o)
 .ARM.exidx.text._utee_close_ta_session
                0x0000e914        0x8 /root/imx-optee-os/out/arm-plat-imx/export-ta_arm32/lib/libutee.a(utee_syscalls_a32.o)
 .ARM.exidx.text._utee_invoke_ta_command
                0x0000e91c        0x8 /root/imx-optee-os/out/arm-plat-imx/export-ta_arm32/lib/libutee.a(utee_syscalls_a32.o)
 .ARM.exidx.text._utee_get_cancellation_flag
                0x0000e924        0x8 /root/imx-optee-os/out/arm-plat-imx/export-ta_arm32/lib/libutee.a(utee_syscalls_a32.o)
 .ARM.exidx.text._utee_check_access_rights
                0x0000e92c        0x8 /root/imx-optee-os/out/arm-plat-imx/export-ta_arm32/lib/libutee.a(utee_syscalls_a32.o)
 .ARM.exidx.text._utee_unmask_cancellation
                0x0000e934        0x8 /root/imx-optee-os/out/arm-plat-imx/export-ta_arm32/lib/libutee.a(utee_syscalls_a32.o)
 .ARM.exidx.text._utee_mask_cancellation
                0x0000e93c        0x8 /root/imx-optee-os/out/arm-plat-imx/export-ta_arm32/lib/libutee.a(utee_syscalls_a32.o)
 .ARM.exidx.text._utee_wait
                0x0000e944        0x8 /root/imx-optee-os/out/arm-plat-imx/export-ta_arm32/lib/libutee.a(utee_syscalls_a32.o)
 .ARM.exidx.text._utee_get_time
                0x0000e94c        0x8 /root/imx-optee-os/out/arm-plat-imx/export-ta_arm32/lib/libutee.a(utee_syscalls_a32.o)
 .ARM.exidx.text._utee_set_ta_time
                0x0000e954        0x8 /root/imx-optee-os/out/arm-plat-imx/export-ta_arm32/lib/libutee.a(utee_syscalls_a32.o)
 .ARM.exidx.text._utee_cryp_state_alloc
                0x0000e95c        0x8 /root/imx-optee-os/out/arm-plat-imx/export-ta_arm32/lib/libutee.a(utee_syscalls_a32.o)
 .ARM.exidx.text._utee_cryp_state_copy
                0x0000e964        0x8 /root/imx-optee-os/out/arm-plat-imx/export-ta_arm32/lib/libutee.a(utee_syscalls_a32.o)
 .ARM.exidx.text._utee_cryp_state_free
                0x0000e96c        0x8 /root/imx-optee-os/out/arm-plat-imx/export-ta_arm32/lib/libutee.a(utee_syscalls_a32.o)
 .ARM.exidx.text._utee_hash_init
                0x0000e974        0x8 /root/imx-optee-os/out/arm-plat-imx/export-ta_arm32/lib/libutee.a(utee_syscalls_a32.o)
 .ARM.exidx.text._utee_hash_update
                0x0000e97c        0x8 /root/imx-optee-os/out/arm-plat-imx/export-ta_arm32/lib/libutee.a(utee_syscalls_a32.o)
 .ARM.exidx.text._utee_hash_final
                0x0000e984        0x8 /root/imx-optee-os/out/arm-plat-imx/export-ta_arm32/lib/libutee.a(utee_syscalls_a32.o)
 .ARM.exidx.text._utee_cipher_init
                0x0000e98c        0x8 /root/imx-optee-os/out/arm-plat-imx/export-ta_arm32/lib/libutee.a(utee_syscalls_a32.o)
 .ARM.exidx.text._utee_cipher_update
                0x0000e994        0x8 /root/imx-optee-os/out/arm-plat-imx/export-ta_arm32/lib/libutee.a(utee_syscalls_a32.o)
 .ARM.exidx.text._utee_cipher_final
                0x0000e99c        0x8 /root/imx-optee-os/out/arm-plat-imx/export-ta_arm32/lib/libutee.a(utee_syscalls_a32.o)
 .ARM.exidx.text._utee_cryp_obj_get_info
                0x0000e9a4        0x8 /root/imx-optee-os/out/arm-plat-imx/export-ta_arm32/lib/libutee.a(utee_syscalls_a32.o)
 .ARM.exidx.text._utee_cryp_obj_restrict_usage
                0x0000e9ac        0x8 /root/imx-optee-os/out/arm-plat-imx/export-ta_arm32/lib/libutee.a(utee_syscalls_a32.o)
 .ARM.exidx.text._utee_cryp_obj_get_attr
                0x0000e9b4        0x8 /root/imx-optee-os/out/arm-plat-imx/export-ta_arm32/lib/libutee.a(utee_syscalls_a32.o)
 .ARM.exidx.text._utee_cryp_obj_alloc
                0x0000e9bc        0x8 /root/imx-optee-os/out/arm-plat-imx/export-ta_arm32/lib/libutee.a(utee_syscalls_a32.o)
 .ARM.exidx.text._utee_cryp_obj_close
                0x0000e9c4        0x8 /root/imx-optee-os/out/arm-plat-imx/export-ta_arm32/lib/libutee.a(utee_syscalls_a32.o)
 .ARM.exidx.text._utee_cryp_obj_reset
                0x0000e9cc        0x8 /root/imx-optee-os/out/arm-plat-imx/export-ta_arm32/lib/libutee.a(utee_syscalls_a32.o)
 .ARM.exidx.text._utee_cryp_obj_populate
                0x0000e9d4        0x8 /root/imx-optee-os/out/arm-plat-imx/export-ta_arm32/lib/libutee.a(utee_syscalls_a32.o)
 .ARM.exidx.text._utee_cryp_obj_copy
                0x0000e9dc        0x8 /root/imx-optee-os/out/arm-plat-imx/export-ta_arm32/lib/libutee.a(utee_syscalls_a32.o)
 .ARM.exidx.text._utee_cryp_derive_key
                0x0000e9e4        0x8 /root/imx-optee-os/out/arm-plat-imx/export-ta_arm32/lib/libutee.a(utee_syscalls_a32.o)
 .ARM.exidx.text._utee_cryp_random_number_generate
                0x0000e9ec        0x8 /root/imx-optee-os/out/arm-plat-imx/export-ta_arm32/lib/libutee.a(utee_syscalls_a32.o)
 .ARM.exidx.text._utee_authenc_init
                0x0000e9f4        0x8 /root/imx-optee-os/out/arm-plat-imx/export-ta_arm32/lib/libutee.a(utee_syscalls_a32.o)
 .ARM.exidx.text._utee_authenc_update_aad
                0x0000e9fc        0x8 /root/imx-optee-os/out/arm-plat-imx/export-ta_arm32/lib/libutee.a(utee_syscalls_a32.o)
 .ARM.exidx.text._utee_authenc_update_payload
                0x0000ea04        0x8 /root/imx-optee-os/out/arm-plat-imx/export-ta_arm32/lib/libutee.a(utee_syscalls_a32.o)
 .ARM.exidx.text._utee_authenc_enc_final
                0x0000ea0c        0x8 /root/imx-optee-os/out/arm-plat-imx/export-ta_arm32/lib/libutee.a(utee_syscalls_a32.o)
 .ARM.exidx.text._utee_authenc_dec_final
                0x0000ea14        0x8 /root/imx-optee-os/out/arm-plat-imx/export-ta_arm32/lib/libutee.a(utee_syscalls_a32.o)
 .ARM.exidx.text._utee_asymm_operate
                0x0000ea1c        0x8 /root/imx-optee-os/out/arm-plat-imx/export-ta_arm32/lib/libutee.a(utee_syscalls_a32.o)
 .ARM.exidx.text._utee_asymm_verify
                0x0000ea24        0x8 /root/imx-optee-os/out/arm-plat-imx/export-ta_arm32/lib/libutee.a(utee_syscalls_a32.o)
 .ARM.exidx.text._utee_storage_obj_open
                0x0000ea2c        0x8 /root/imx-optee-os/out/arm-plat-imx/export-ta_arm32/lib/libutee.a(utee_syscalls_a32.o)
 .ARM.exidx.text._utee_storage_obj_create
                0x0000ea34        0x8 /root/imx-optee-os/out/arm-plat-imx/export-ta_arm32/lib/libutee.a(utee_syscalls_a32.o)
 .ARM.exidx.text._utee_storage_obj_del
                0x0000ea3c        0x8 /root/imx-optee-os/out/arm-plat-imx/export-ta_arm32/lib/libutee.a(utee_syscalls_a32.o)
 .ARM.exidx.text._utee_storage_obj_rename
                0x0000ea44        0x8 /root/imx-optee-os/out/arm-plat-imx/export-ta_arm32/lib/libutee.a(utee_syscalls_a32.o)
 .ARM.exidx.text._utee_storage_alloc_enum
                0x0000ea4c        0x8 /root/imx-optee-os/out/arm-plat-imx/export-ta_arm32/lib/libutee.a(utee_syscalls_a32.o)
 .ARM.exidx.text._utee_storage_free_enum
                0x0000ea54        0x8 /root/imx-optee-os/out/arm-plat-imx/export-ta_arm32/lib/libutee.a(utee_syscalls_a32.o)
 .ARM.exidx.text._utee_storage_reset_enum
                0x0000ea5c        0x8 /root/imx-optee-os/out/arm-plat-imx/export-ta_arm32/lib/libutee.a(utee_syscalls_a32.o)
 .ARM.exidx.text._utee_storage_start_enum
                0x0000ea64        0x8 /root/imx-optee-os/out/arm-plat-imx/export-ta_arm32/lib/libutee.a(utee_syscalls_a32.o)
 .ARM.exidx.text._utee_storage_next_enum
                0x0000ea6c        0x8 /root/imx-optee-os/out/arm-plat-imx/export-ta_arm32/lib/libutee.a(utee_syscalls_a32.o)
 .ARM.exidx.text._utee_storage_obj_read
                0x0000ea74        0x8 /root/imx-optee-os/out/arm-plat-imx/export-ta_arm32/lib/libutee.a(utee_syscalls_a32.o)
 .ARM.exidx.text._utee_storage_obj_write
                0x0000ea7c        0x8 /root/imx-optee-os/out/arm-plat-imx/export-ta_arm32/lib/libutee.a(utee_syscalls_a32.o)
 .ARM.exidx.text._utee_storage_obj_trunc
                0x0000ea84        0x8 /root/imx-optee-os/out/arm-plat-imx/export-ta_arm32/lib/libutee.a(utee_syscalls_a32.o)
 .ARM.exidx.text._utee_storage_obj_seek
                0x0000ea8c        0x8 /root/imx-optee-os/out/arm-plat-imx/export-ta_arm32/lib/libutee.a(utee_syscalls_a32.o)
 .ARM.exidx.text._utee_cryp_obj_generate_key
                0x0000ea94        0x8 /root/imx-optee-os/out/arm-plat-imx/export-ta_arm32/lib/libutee.a(utee_syscalls_a32.o)
 .ARM.exidx.text._utee_cache_operation
                0x0000ea9c        0x8 /root/imx-optee-os/out/arm-plat-imx/export-ta_arm32/lib/libutee.a(utee_syscalls_a32.o)
 .ARM.exidx.text.unlikely
                0x0000eaa4        0x8 /root/imx-optee-os/out/arm-plat-imx/export-ta_arm32/lib/libutee.a(abort.o)
 .ARM.exidx     0x0000eaac      0x148 /root/imx-optee-os/out/arm-plat-imx/export-ta_arm32/lib/libutee.a(tee_api_arith_mpi.o)
                                0x1b8 (size before relaxing)
 .ARM.exidx     0x0000ebf4       0x78 /root/imx-optee-os/out/arm-plat-imx/export-ta_arm32/lib/libutee.a(tee_api_property.o)
                                 0x98 (size before relaxing)
 .ARM.exidx     0x0000ec6c       0x18 /root/imx-optee-os/out/arm-plat-imx/export-ta_arm32/lib/libutee.a(tcb.o)
 .ARM.exidx     0x0000ec84       0x10 /root/imx-optee-os/out/arm-plat-imx/export-ta_arm32/lib/libutee.a(assert.o)
 .ARM.exidx     0x0000ec94      0x190 /root/imx-optee-os/out/arm-plat-imx/export-ta_arm32/lib/libmbedtls.a(bignum.o)
                                0x1d0 (size before relaxing)
 .ARM.exidx     0x0000ee24       0xf0 /root/imx-optee-os/out/arm-plat-imx/export-ta_arm32/lib/libmbedtls.a(bignum_core.o)
                                0x108 (size before relaxing)
 .ARM.exidx     0x0000ef14       0x40 /root/imx-optee-os/out/arm-plat-imx/export-ta_arm32/lib/libmbedtls.a(constant_time.o)
 .ARM.exidx     0x0000ef54        0x8 /root/imx-optee-os/out/arm-plat-imx/export-ta_arm32/lib/libmbedtls.a(platform_util.o)
                                 0x10 (size before relaxing)
 .ARM.exidx     0x0000ef5c       0xc8 /root/imx-optee-os/out/arm-plat-imx/export-ta_arm32/lib/libutils.a(bget_malloc.o)
                                0x100 (size before relaxing)
 .ARM.exidx     0x0000f024       0x10 /root/imx-optee-os/out/arm-plat-imx/export-ta_arm32/lib/libutils.a(snprintf.o)
 .ARM.exidx     0x0000f034       0x28 /root/imx-optee-os/out/arm-plat-imx/export-ta_arm32/lib/libutils.a(arm32_aeabi_divmod.o)
 .ARM.exidx     0x0000f05c       0x20 /root/imx-optee-os/out/arm-plat-imx/export-ta_arm32/lib/libutils.a(mempool.o)
 .ARM.exidx     0x0000f07c        0x8 /root/imx-optee-os/out/arm-plat-imx/export-ta_arm32/lib/libutils.a(base64.o)
                                 0x18 (size before relaxing)
 .ARM.exidx.text.ret_idivmod_values
                0x0000f084        0x8 /root/imx-optee-os/out/arm-plat-imx/export-ta_arm32/lib/libutils.a(arm32_aeabi_divmod_a32.o)
 .ARM.exidx.text.ret_uidivmod_values
                0x0000f08c        0x0 /root/imx-optee-os/out/arm-plat-imx/export-ta_arm32/lib/libutils.a(arm32_aeabi_divmod_a32.o)
                                  0x8 (size before relaxing)
 .ARM.exidx     0x0000f08c      0x188 /root/imx-optee-os/out/arm-plat-imx/export-ta_arm32/lib/libutee.a(tee_api_operations.o)
                                0x1e8 (size before relaxing)
 .ARM.exidx     0x0000f214      0x128 /root/imx-optee-os/out/arm-plat-imx/export-ta_arm32/lib/libutee.a(tee_api_objects.o)
                                0x180 (size before relaxing)
 .ARM.exidx     0x0000f33c        0x8 /root/imx-optee-os/out/arm-plat-imx/export-ta_arm32/lib/libutils.a(aeabi_unwind.o)
                                 0x18 (size before relaxing)
 .ARM.exidx     0x0000f344        0x8 /root/imx-optee-os/out/arm-plat-imx/export-ta_arm32/lib/libutils.a(memchr.o)
 .ARM.exidx     0x0000f34c        0x8 /root/imx-optee-os/out/arm-plat-imx/export-ta_arm32/lib/libutils.a(strlen.o)
 .ARM.exidx     0x0000f354       0x10 /root/imx-optee-os/out/arm-plat-imx/export-ta_arm32/lib/libutils.a(arm32_aeabi_ldivmod.o)
 .ARM.exidx     0x0000f364        0x8 /root/imx-optee-os/out/arm-plat-imx/export-ta_arm32/lib/libutils.a(memmove.o)
 .ARM.exidx     0x0000f36c        0x8 /root/imx-optee-os/out/arm-plat-imx/export-ta_arm32/lib/libutils.a(memset.o)
 .ARM.exidx     0x0000f374        0x0 /root/imx-optee-os/out/arm-plat-imx/export-ta_arm32/lib/libutils.a(strcmp.o)
                                  0x8 (size before relaxing)
 .ARM.exidx     0x0000f374        0x8 /root/imx-optee-os/out/arm-plat-imx/export-ta_arm32/lib/libutils.a(strlcpy.o)
 .ARM.exidx     0x0000f37c       0x10 /root/imx-optee-os/out/arm-plat-imx/export-ta_arm32/lib/libutils.a(consttime_memcmp.o)
                                  0x8 (size before relaxing)
                [!provide]                        PROVIDE (__exidx_end = .)

.ctors
 *(SORT_BY_ALIGNMENT(.ctors))

.dtors
 *(SORT_BY_ALIGNMENT(.dtors))

.dynsym         0x0000f38c       0x70
 *(SORT_BY_ALIGNMENT(.dynsym))
 .dynsym        0x0000f38c       0x70 ./trusted_bmca.o

.dynstr         0x0000f3fc       0x36
 *(SORT_BY_ALIGNMENT(.dynstr))
 .dynstr        0x0000f3fc       0x36 ./trusted_bmca.o

.hash           0x0000f434       0x30
 *(SORT_BY_ALIGNMENT(.hash))
 .hash          0x0000f434       0x30 ./trusted_bmca.o
                0x00010000                        . = ALIGN (0x1000)

.dynamic        0x00010000       0x88
 *(SORT_BY_ALIGNMENT(.dynamic))
 .dynamic       0x00010000       0x88 ./trusted_bmca.o
                0x00010000                _DYNAMIC

.tdata
 *(SORT_BY_ALIGNMENT(.tdata) SORT_BY_ALIGNMENT(.tdata.*) SORT_BY_ALIGNMENT(.gnu.linkonce.td.*))

.tbss
 *(SORT_BY_ALIGNMENT(.tbss) SORT_BY_ALIGNMENT(.tbss.*) SORT_BY_ALIGNMENT(.gnu.linkonce.tb.*))
 *(SORT_BY_ALIGNMENT(.tcommon))

.got            0x00010088       0x68
 *(SORT_BY_ALIGNMENT(.got.plt))
 .got.plt       0x00010088        0xc ./trusted_bmca.o
                0x00010088                _GLOBAL_OFFSET_TABLE_
 *(SORT_BY_ALIGNMENT(.got))
 .got           0x00010094       0x5c ./trusted_bmca.o

.rel.text
 *(SORT_BY_ALIGNMENT(.rel.text))
 *(SORT_BY_ALIGNMENT(.rel.gnu.linkonce.t*))

.rela.text
 *(SORT_BY_ALIGNMENT(.rela.text))
 *(SORT_BY_ALIGNMENT(.rela.gnu.linkonce.t*))

.rel.data
 *(SORT_BY_ALIGNMENT(.rel.data))
 *(SORT_BY_ALIGNMENT(.rel.gnu.linkonce.d*))

.rela.data
 *(SORT_BY_ALIGNMENT(.rela.data))
 *(SORT_BY_ALIGNMENT(.rela.gnu.linkonce.d*))

.rel.tdata
 *(SORT_BY_ALIGNMENT(.rel.tdata) SORT_BY_ALIGNMENT(.rel.tdata.*) SORT_BY_ALIGNMENT(.rel.gnu.linkonce.td.*))

.rela.tdata
 *(SORT_BY_ALIGNMENT(.rela.tdata) SORT_BY_ALIGNMENT(.rela.tdata.*) SORT_BY_ALIGNMENT(.rela.gnu.linkonce.td.*))

.rel.tbss
 *(SORT_BY_ALIGNMENT(.rel.tbss) SORT_BY_ALIGNMENT(.rel.tbss.*) SORT_BY_ALIGNMENT(.rel.gnu.linkonce.tb.*))

.rela.tbss
 *(SORT_BY_ALIGNMENT(.rela.tbss) SORT_BY_ALIGNMENT(.rela.tbss.*) SORT_BY_ALIGNMENT(.rela.gnu.linkonce.tb.*))

.rel.rodata
 *(SORT_BY_ALIGNMENT(.rel.rodata))
 *(SORT_BY_ALIGNMENT(.rel.gnu.linkonce.r*))

.rela.rodata
 *(SORT_BY_ALIGNMENT(.rela.rodata))
 *(SORT_BY_ALIGNMENT(.rela.gnu.linkonce.r*))

.rel.dyn        0x000100f0      0x108
 *(SORT_BY_ALIGNMENT(.rel.dyn))
 .rel.data.rel.ro
                0x000100f0        0x8 ./trusted_bmca.o
 .rel.iplt      0x000100f8        0x0 ./trusted_bmca.o
 .rel.data.rel.ro.local
                0x000100f8       0xd0 ./trusted_bmca.o
 .rel.data.rel.local
                0x000101c8       0x30 ./trusted_bmca.o

.rel.got        0x000101f8       0xb8
 *(SORT_BY_ALIGNMENT(.rel.got))
 .rel.got       0x000101f8       0xb8 ./trusted_bmca.o

.rela.got
 *(SORT_BY_ALIGNMENT(.rela.got))

.rel.ctors
 *(SORT_BY_ALIGNMENT(.rel.ctors))

.rela.ctors
 *(SORT_BY_ALIGNMENT(.rela.ctors))

.rel.dtors
 *(SORT_BY_ALIGNMENT(.rel.dtors))

.rela.dtors
 *(SORT_BY_ALIGNMENT(.rela.dtors))

.rel.init
 *(SORT_BY_ALIGNMENT(.rel.init))

.rela.init
 *(SORT_BY_ALIGNMENT(.rela.init))

.rel.fini
 *(SORT_BY_ALIGNMENT(.rel.fini))

.rela.fini
 *(SORT_BY_ALIGNMENT(.rela.fini))

.rel.bss        0x000102b0        0x0
 *(SORT_BY_ALIGNMENT(.rel.bss))
 .rel.bss       0x000102b0        0x0 ./trusted_bmca.o

.rela.bss
 *(SORT_BY_ALIGNMENT(.rela.bss))

.rel.plt        0x000102b0        0x0
 *(SORT_BY_ALIGNMENT(.rel.plt))
 .rel.plt       0x000102b0        0x0 ./trusted_bmca.o

.rela.plt
 *(SORT_BY_ALIGNMENT(.rela.plt))

.data           0x000102b0       0xe4
 *(SORT_BY_ALIGNMENT(.data) SORT_BY_ALIGNMENT(.data.*) SORT_BY_ALIGNMENT(.gnu.linkonce.d.*))
 .data          0x000102b0        0x4 ./user_ta_header.o
                0x000102b0                trace_level
 .data.rel.ro.local
                0x000102b4       0x6c ./user_ta_header.o
                0x000102b4                ta_props
 .data          0x00010320        0x4 /root/imx-optee-os/out/arm-plat-imx/export-ta_arm32/lib/libutils.a(stack_check.o)
                0x00010320                __stack_chk_guard
 .data.rel.local
                0x00010324       0x10 /root/imx-optee-os/out/arm-plat-imx/export-ta_arm32/lib/libutee.a(user_ta_entry.o)
 .data.rel.ro.local
                0x00010334       0x30 /root/imx-optee-os/out/arm-plat-imx/export-ta_arm32/lib/libutee.a(tee_api_property.o)
                0x00010334                tee_props
 .data.rel.ro   0x00010364        0x4 /root/imx-optee-os/out/arm-plat-imx/export-ta_arm32/lib/libmbedtls.a(platform_util.o)
 .data          0x00010368        0x4 /root/imx-optee-os/out/arm-plat-imx/export-ta_arm32/lib/libutils.a(bget_malloc.o)
 .data.rel.local
                0x0001036c       0x28 /root/imx-optee-os/out/arm-plat-imx/export-ta_arm32/lib/libutils.a(bget_malloc.o)
 .data          0x00010394        0x0 ./trusted_bmca.o
 .data.rel.ro   0x00010394        0x0 ./trusted_bmca.o
 .data          0x00010394        0x0 ./ta_entry_a32.o
 .data          0x00010394        0x0 /root/imx-optee-os/out/arm-plat-imx/export-ta_arm32/lib/libutils.a(memcpy.o)
 .data          0x00010394        0x0 /root/imx-optee-os/out/arm-plat-imx/export-ta_arm32/lib/libutils.a(trace.o)
 .data          0x00010394        0x0 /root/imx-optee-os/out/arm-plat-imx/export-ta_arm32/lib/libutils.a(aeabi_unwind.o)
 .data          0x00010394        0x0 /root/imx-optee-os/out/arm-plat-imx/export-ta_arm32/lib/libutils.a(snprintk.o)
 .data          0x00010394        0x0 /root/imx-optee-os/out/arm-plat-imx/export-ta_arm32/lib/libutils.a(memchr.o)
 .data          0x00010394        0x0 /root/imx-optee-os/out/arm-plat-imx/export-ta_arm32/lib/libutils.a(strlen.o)
 .data          0x00010394        0x0 /root/imx-optee-os/out/arm-plat-imx/export-ta_arm32/lib/libutils.a(arm32_aeabi_ldivmod_a32.o)
 .data          0x00010394        0x0 /root/imx-optee-os/out/arm-plat-imx/export-ta_arm32/lib/libutils.a(arm32_aeabi_ldivmod.o)
 .data          0x00010394        0x0 /root/imx-optee-os/out/arm-plat-imx/export-ta_arm32/lib/libutee.a(trace_ext.o)
 .data          0x00010394        0x0 /root/imx-optee-os/out/arm-plat-imx/export-ta_arm32/lib/libutee.a(tee_api.o)
 .data          0x00010394        0x0 /root/imx-optee-os/out/arm-plat-imx/export-ta_arm32/lib/libutee.a(tee_api_panic.o)
 .data          0x00010394        0x0 /root/imx-optee-os/out/arm-plat-imx/export-ta_arm32/lib/libutee.a(tee_system_pta.o)
 .data          0x00010394        0x0 /root/imx-optee-os/out/arm-plat-imx/export-ta_arm32/lib/libutee.a(user_ta_entry.o)
 .data          0x00010394        0x0 /root/imx-optee-os/out/arm-plat-imx/export-ta_arm32/lib/libutee.a(utee_syscalls_a32.o)
 .data          0x00010394        0x0 /root/imx-optee-os/out/arm-plat-imx/export-ta_arm32/lib/libutee.a(abort.o)
 .data          0x00010394        0x0 /root/imx-optee-os/out/arm-plat-imx/export-ta_arm32/lib/libutee.a(tee_api_arith_mpi.o)
 .data          0x00010394        0x0 /root/imx-optee-os/out/arm-plat-imx/export-ta_arm32/lib/libutee.a(tee_api_property.o)
 .data          0x00010394        0x0 /root/imx-optee-os/out/arm-plat-imx/export-ta_arm32/lib/libutee.a(tcb.o)
 .data          0x00010394        0x0 /root/imx-optee-os/out/arm-plat-imx/export-ta_arm32/lib/libutee.a(assert.o)
 .data          0x00010394        0x0 /root/imx-optee-os/out/arm-plat-imx/export-ta_arm32/lib/libmbedtls.a(bignum.o)
 .data          0x00010394        0x0 /root/imx-optee-os/out/arm-plat-imx/export-ta_arm32/lib/libmbedtls.a(bignum_core.o)
 .data          0x00010394        0x0 /root/imx-optee-os/out/arm-plat-imx/export-ta_arm32/lib/libmbedtls.a(constant_time.o)
 .data          0x00010394        0x0 /root/imx-optee-os/out/arm-plat-imx/export-ta_arm32/lib/libmbedtls.a(platform_util.o)
 .data          0x00010394        0x0 /root/imx-optee-os/out/arm-plat-imx/export-ta_arm32/lib/libutils.a(snprintf.o)
 .data          0x00010394        0x0 /root/imx-optee-os/out/arm-plat-imx/export-ta_arm32/lib/libutils.a(memmove.o)
 .data          0x00010394        0x0 /root/imx-optee-os/out/arm-plat-imx/export-ta_arm32/lib/libutils.a(memset.o)
 .data          0x00010394        0x0 /root/imx-optee-os/out/arm-plat-imx/export-ta_arm32/lib/libutils.a(strcmp.o)
 .data          0x00010394        0x0 /root/imx-optee-os/out/arm-plat-imx/export-ta_arm32/lib/libutils.a(arm32_aeabi_divmod.o)
 .data          0x00010394        0x0 /root/imx-optee-os/out/arm-plat-imx/export-ta_arm32/lib/libutils.a(strlcpy.o)
 .data          0x00010394        0x0 /root/imx-optee-os/out/arm-plat-imx/export-ta_arm32/lib/libutils.a(mempool.o)
 .data          0x00010394        0x0 /root/imx-optee-os/out/arm-plat-imx/export-ta_arm32/lib/libutils.a(consttime_memcmp.o)
 .data          0x00010394        0x0 /root/imx-optee-os/out/arm-plat-imx/export-ta_arm32/lib/libutils.a(base64.o)
 .data          0x00010394        0x0 /root/imx-optee-os/out/arm-plat-imx/export-ta_arm32/lib/libutils.a(arm32_aeabi_divmod_a32.o)
 .data          0x00010394        0x0 /root/imx-optee-os/out/arm-plat-imx/export-ta_arm32/lib/libutee.a(tee_api_operations.o)
 .data          0x00010394        0x0 /root/imx-optee-os/out/arm-plat-imx/export-ta_arm32/lib/libutee.a(tee_api_objects.o)

.igot.plt       0x00010394        0x0
 .igot.plt      0x00010394        0x0 ./trusted_bmca.o

.bss            0x00010394     0xb86c
 *(SORT_BY_ALIGNMENT(.bss) SORT_BY_ALIGNMENT(.bss.*) SORT_BY_ALIGNMENT(.gnu.linkonce.b.*) SORT_BY_ALIGNMENT(COMMON))
 .bss           0x00010394        0x8 /root/imx-optee-os/out/arm-plat-imx/export-ta_arm32/lib/libutee.a(tee_api.o)
 .bss           0x0001039c        0x4 /root/imx-optee-os/out/arm-plat-imx/export-ta_arm32/lib/libutee.a(tee_system_pta.o)
 .bss           0x000103a0       0x3c /root/imx-optee-os/out/arm-plat-imx/export-ta_arm32/lib/libutee.a(user_ta_entry.o)
                0x000103a8                __elf_phdr_info
                0x000103b4                __ta_no_share_malloc_ctx
                0x000103b8                ta_params
                0x000103d8                ta_param_types
 .bss           0x000103dc     0x3800 /root/imx-optee-os/out/arm-plat-imx/export-ta_arm32/lib/libutee.a(tee_api_arith_mpi.o)
 .bss           0x00013bdc        0x8 /root/imx-optee-os/out/arm-plat-imx/export-ta_arm32/lib/libutee.a(tcb.o)
 .bss           0x00013be4        0x4 /root/imx-optee-os/out/arm-plat-imx/export-ta_arm32/lib/libmbedtls.a(bignum.o)
                0x00013be4                mbedtls_mpi_mempool
 .bss           0x00013be8        0x4 /root/imx-optee-os/out/arm-plat-imx/export-ta_arm32/lib/libmbedtls.a(constant_time.o)
                0x00013be8                mbedtls_ct_zero
 .bss           0x00013bec        0x4 /root/imx-optee-os/out/arm-plat-imx/export-ta_arm32/lib/libutils.a(bget_malloc.o)
 .bss           0x00013bf0        0xe ./trusted_bmca.o
 .bss           0x00013bfe     0x8001 ./user_ta_header.o
                0x00013bff                ta_heap
                0x00013bff                __ta_no_share_heap
 .bss           0x0001bbff        0x0 ./ta_entry_a32.o
 .bss           0x0001bbff        0x0 /root/imx-optee-os/out/arm-plat-imx/export-ta_arm32/lib/libutils.a(stack_check.o)
 .bss           0x0001bbff        0x0 /root/imx-optee-os/out/arm-plat-imx/export-ta_arm32/lib/libutils.a(memcpy.o)
 .bss           0x0001bbff        0x0 /root/imx-optee-os/out/arm-plat-imx/export-ta_arm32/lib/libutils.a(trace.o)
 .bss           0x0001bbff        0x0 /root/imx-optee-os/out/arm-plat-imx/export-ta_arm32/lib/libutils.a(aeabi_unwind.o)
 .bss           0x0001bbff        0x0 /root/imx-optee-os/out/arm-plat-imx/export-ta_arm32/lib/libutils.a(snprintk.o)
 .bss           0x0001bbff        0x0 /root/imx-optee-os/out/arm-plat-imx/export-ta_arm32/lib/libutils.a(memchr.o)
 .bss           0x0001bbff        0x0 /root/imx-optee-os/out/arm-plat-imx/export-ta_arm32/lib/libutils.a(strlen.o)
 .bss           0x0001bbff        0x0 /root/imx-optee-os/out/arm-plat-imx/export-ta_arm32/lib/libutils.a(arm32_aeabi_ldivmod_a32.o)
 .bss           0x0001bbff        0x0 /root/imx-optee-os/out/arm-plat-imx/export-ta_arm32/lib/libutils.a(arm32_aeabi_ldivmod.o)
 .bss           0x0001bbff        0x0 /root/imx-optee-os/out/arm-plat-imx/export-ta_arm32/lib/libutee.a(trace_ext.o)
 .bss           0x0001bbff        0x0 /root/imx-optee-os/out/arm-plat-imx/export-ta_arm32/lib/libutee.a(tee_api_panic.o)
 .bss           0x0001bbff        0x0 /root/imx-optee-os/out/arm-plat-imx/export-ta_arm32/lib/libutee.a(utee_syscalls_a32.o)
 .bss           0x0001bbff        0x0 /root/imx-optee-os/out/arm-plat-imx/export-ta_arm32/lib/libutee.a(abort.o)
 .bss           0x0001bbff        0x0 /root/imx-optee-os/out/arm-plat-imx/export-ta_arm32/lib/libutee.a(tee_api_property.o)
 .bss           0x0001bbff        0x0 /root/imx-optee-os/out/arm-plat-imx/export-ta_arm32/lib/libutee.a(assert.o)
 .bss           0x0001bbff        0x0 /root/imx-optee-os/out/arm-plat-imx/export-ta_arm32/lib/libmbedtls.a(bignum_core.o)
 .bss           0x0001bbff        0x0 /root/imx-optee-os/out/arm-plat-imx/export-ta_arm32/lib/libmbedtls.a(platform_util.o)
 .bss           0x0001bbff        0x0 /root/imx-optee-os/out/arm-plat-imx/export-ta_arm32/lib/libutils.a(snprintf.o)
 .bss           0x0001bbff        0x0 /root/imx-optee-os/out/arm-plat-imx/export-ta_arm32/lib/libutils.a(memmove.o)
 .bss           0x0001bbff        0x0 /root/imx-optee-os/out/arm-plat-imx/export-ta_arm32/lib/libutils.a(memset.o)
 .bss           0x0001bbff        0x0 /root/imx-optee-os/out/arm-plat-imx/export-ta_arm32/lib/libutils.a(strcmp.o)
 .bss           0x0001bbff        0x0 /root/imx-optee-os/out/arm-plat-imx/export-ta_arm32/lib/libutils.a(arm32_aeabi_divmod.o)
 .bss           0x0001bbff        0x0 /root/imx-optee-os/out/arm-plat-imx/export-ta_arm32/lib/libutils.a(strlcpy.o)
 .bss           0x0001bbff        0x0 /root/imx-optee-os/out/arm-plat-imx/export-ta_arm32/lib/libutils.a(mempool.o)
 .bss           0x0001bbff        0x0 /root/imx-optee-os/out/arm-plat-imx/export-ta_arm32/lib/libutils.a(consttime_memcmp.o)
 .bss           0x0001bbff        0x0 /root/imx-optee-os/out/arm-plat-imx/export-ta_arm32/lib/libutils.a(base64.o)
 .bss           0x0001bbff        0x0 /root/imx-optee-os/out/arm-plat-imx/export-ta_arm32/lib/libutils.a(arm32_aeabi_divmod_a32.o)
 .bss           0x0001bbff        0x0 /root/imx-optee-os/out/arm-plat-imx/export-ta_arm32/lib/libutee.a(tee_api_operations.o)
 .bss           0x0001bbff        0x0 /root/imx-optee-os/out/arm-plat-imx/export-ta_arm32/lib/libutee.a(tee_api_objects.o)
                0x0001bc00                        . = ALIGN (0x8)
 *fill*         0x0001bbff        0x1 
                0x0001bc00                        __ftrace_buf_start = .
                0x0001bc00                        . = (. + DEFINED (__gnu_mcount_nc)?0x800:0x0)
                0x0001bc00                        __ftrace_buf_end = .

.dynbss         0x0001bc00        0x0
 .dynbss        0x0001bc00        0x0 ./trusted_bmca.o

/DISCARD/
 *(SORT_BY_ALIGNMENT(.interp))
LOAD ./trusted_bmca.o
LOAD ./user_ta_header.o
LOAD ./ta_entry_a32.o
START GROUP
LOAD /root/imx-optee-os/out/arm-plat-imx/export-ta_arm32/lib/libutils.a