Archive member included to satisfy reference by file (symbol)

/root/imx-optee-os/out/arm-plat-imx/export-ta_arm32/lib/libutils.a(stack_check.o)
                              ./register_ta.o (__stack_chk_fail)
/root/imx-optee-os/out/arm-plat-imx/export-ta_arm32/lib/libutils.a(arm32_aeabi_ldivmod_a32.o)
                              ./register_ta.o (__aeabi_ldivmod)
/root/imx-optee-os/out/arm-plat-imx/export-ta_arm32/lib/libutils.a(arm32_aeabi_ldivmod.o)
                              /root/imx-optee-os/out/arm-plat-imx/export-ta_arm32/lib/libutils.a(arm32_aeabi_ldivmod_a32.o) (__ul_divmod)
/root/imx-optee-os/out/arm-plat-imx/export-ta_arm32/lib/libutils.a(trace.o)
                              /root/imx-optee-os/out/arm-plat-imx/export-ta_arm32/lib/libutils.a(stack_check.o) (trace_printf)
/root/imx-optee-os/out/arm-plat-imx/export-ta_arm32/lib/libutils.a(aeabi_unwind.o)
                              ./register_ta.o (__aeabi_unwind_cpp_pr0)
/root/imx-optee-os/out/arm-plat-imx/export-ta_arm32/lib/libutils.a(snprintk.o)
                              /root/imx-optee-os/out/arm-plat-imx/export-ta_arm32/lib/libutils.a(trace.o) (vsnprintk)
/root/imx-optee-os/out/arm-plat-imx/export-ta_arm32/lib/libutils.a(memchr.o)
                              /root/imx-optee-os/out/arm-plat-imx/export-ta_arm32/lib/libutils.a(snprintk.o) (memchr)
/root/imx-optee-os/out/arm-plat-imx/export-ta_arm32/lib/libutils.a(strlen.o)
                              /root/imx-optee-os/out/arm-plat-imx/export-ta_arm32/lib/libutils.a(snprintk.o) (strlen)
/root/imx-optee-os/out/arm-plat-imx/export-ta_arm32/lib/libutee.a(trace_ext.o)
                              /root/imx-optee-os/out/arm-plat-imx/export-ta_arm32/lib/libutils.a(trace.o) (trace_ext_puts)
/root/imx-optee-os/out/arm-plat-imx/export-ta_arm32/lib/libutee.a(tee_api.o)
                              ./register_ta.o (TEE_GetTAPersistentTime)
/root/imx-optee-os/out/arm-plat-imx/export-ta_arm32/lib/libutee.a(tee_api_operations.o)
                              ./register_ta.o (TEE_GenerateRandom)
/root/imx-optee-os/out/arm-plat-imx/export-ta_arm32/lib/libutee.a(tee_api_panic.o)
                              /root/imx-optee-os/out/arm-plat-imx/export-ta_arm32/lib/libutee.a(tee_api.o) (TEE_Panic)
/root/imx-optee-os/out/arm-plat-imx/export-ta_arm32/lib/libutee.a(tee_system_pta.o)
                              /root/imx-optee-os/out/arm-plat-imx/export-ta_arm32/lib/libutee.a(tee_api.o) (tee_map_zi)
/root/imx-optee-os/out/arm-plat-imx/export-ta_arm32/lib/libutee.a(user_ta_entry.o)
                              ./user_ta_header.o (__utee_entry)
/root/imx-optee-os/out/arm-plat-imx/export-ta_arm32/lib/libutee.a(utee_syscalls_a32.o)
                              /root/imx-optee-os/out/arm-plat-imx/export-ta_arm32/lib/libutils.a(stack_check.o) (_utee_panic)
/root/imx-optee-os/out/arm-plat-imx/export-ta_arm32/lib/libutee.a(abort.o)
                              /root/imx-optee-os/out/arm-plat-imx/export-ta_arm32/lib/libutee.a(user_ta_entry.o) (abort)
/root/imx-optee-os/out/arm-plat-imx/export-ta_arm32/lib/libutee.a(assert.o)
                              /root/imx-optee-os/out/arm-plat-imx/export-ta_arm32/lib/libutee.a(tee_api_operations.o) (_assert_log)
/root/imx-optee-os/out/arm-plat-imx/export-ta_arm32/lib/libutee.a(tee_api_arith_mpi.o)
                              /root/imx-optee-os/out/arm-plat-imx/export-ta_arm32/lib/libutee.a(user_ta_entry.o) (_TEE_MathAPI_Init)
/root/imx-optee-os/out/arm-plat-imx/export-ta_arm32/lib/libutee.a(tee_api_objects.o)
                              /root/imx-optee-os/out/arm-plat-imx/export-ta_arm32/lib/libutee.a(tee_api_operations.o) (__utee_from_attr)
/root/imx-optee-os/out/arm-plat-imx/export-ta_arm32/lib/libutee.a(tee_api_property.o)
                              /root/imx-optee-os/out/arm-plat-imx/export-ta_arm32/lib/libutee.a(user_ta_entry.o) (TEE_GetPropertyAsU32)
/root/imx-optee-os/out/arm-plat-imx/export-ta_arm32/lib/libutee.a(tcb.o)
                              /root/imx-optee-os/out/arm-plat-imx/export-ta_arm32/lib/libutee.a(user_ta_entry.o) (__utee_tcb_init)
/root/imx-optee-os/out/arm-plat-imx/export-ta_arm32/lib/libmbedtls.a(bignum.o)
                              /root/imx-optee-os/out/arm-plat-imx/export-ta_arm32/lib/libutee.a(tee_api_arith_mpi.o) (mbedtls_mpi_init_mempool)
/root/imx-optee-os/out/arm-plat-imx/export-ta_arm32/lib/libmbedtls.a(bignum_core.o)
                              /root/imx-optee-os/out/arm-plat-imx/export-ta_arm32/lib/libmbedtls.a(bignum.o) (mbedtls_mpi_core_bitlen)
/root/imx-optee-os/out/arm-plat-imx/export-ta_arm32/lib/libmbedtls.a(constant_time.o)
                              /root/imx-optee-os/out/arm-plat-imx/export-ta_arm32/lib/libmbedtls.a(bignum.o) (mbedtls_ct_zero)
/root/imx-optee-os/out/arm-plat-imx/export-ta_arm32/lib/libmbedtls.a(platform_util.o)
                              /root/imx-optee-os/out/arm-plat-imx/export-ta_arm32/lib/libmbedtls.a(bignum.o) (mbedtls_platform_zeroize)
[...]
Memory Configuration

Name             Origin             Length             Attributes
*default*        0x00000000         0xffffffff

Linker script and memory map


.text           0x00000000     0xce90
                0x00000000                        __text_start = .
 *(SORT_BY_ALIGNMENT(.text) SORT_BY_ALIGNMENT(.text.*))
 .text          0x00000000      0x1e0 ./register_ta.o
                0x00000000                TA_CreateEntryPoint
                0x00000004                TA_DestroyEntryPoint
                0x00000006                TA_OpenSessionEntryPoint
                0x00000024                TA_CloseSessionEntryPoint
                0x0000002c                TA_InvokeCommandEntryPoint
 .text          0x000001e0       0x64 ./user_ta_header.o
                0x000001e0                __ta_entry_c
                0x00000240                tahead_get_trace_level
 .text.__ta_entry
                0x00000244        0x4 ./ta_entry_a32.o
                0x00000244                __ta_entry
 .text          0x00000248       0x24 /root/imx-optee-os/out/arm-plat-imx/export-ta_arm32/lib/libutils.a(stack_check.o)
                0x00000248                __stack_chk_fail
 .text.__aeabi_ldivmod
                0x0000026c       0x18 /root/imx-optee-os/out/arm-plat-imx/export-ta_arm32/lib/libutils.a(arm32_aeabi_ldivmod_a32.o)
                0x0000026c                __aeabi_ldivmod
 .text.__aeabi_uldivmod
                0x00000284       0x18 /root/imx-optee-os/out/arm-plat-imx/export-ta_arm32/lib/libutils.a(arm32_aeabi_ldivmod_a32.o)
                0x00000284                __aeabi_uldivmod
 .text          0x0000029c      0x1f4 /root/imx-optee-os/out/arm-plat-imx/export-ta_arm32/lib/libutils.a(trace.o)
                0x0000029c                trace_set_level
                0x000002b8                trace_get_level
                0x000002cc                trace_vprintf
                0x00000440                trace_printf
                0x0000048c                dhex_dump
 .text          0x00000490      0x888 /root/imx-optee-os/out/arm-plat-imx/export-ta_arm32/lib/libutils.a(snprintk.o)
                0x00000490                __vsnprintf
                0x000004f4                vsnprintk
                0x00000502                snprintk
                0x00000d00                __vsprintf
 .text          0x00000d18      0x108 /root/imx-optee-os/out/arm-plat-imx/export-ta_arm32/lib/libutee.a(trace_ext.o)
                0x00000d18                trace_ext_puts
                0x00000d2c                trace_ext_get_thread_id
                0x00000d32                printf
                0x00000da4                puts
                0x00000dc8                putchar
 .text          0x00000e20      0xac4 /root/imx-optee-os/out/arm-plat-imx/export-ta_arm32/lib/libutee.a(tee_api.o)
                0x0000107c                TEE_CloseTASession
                0x00001090                TEE_GetCancellationFlag
                0x000010e0                TEE_UnmaskCancellation
                0x00001130                TEE_MaskCancellation
                0x00001180                TEE_CheckMemoryAccessRights
                0x000012e0                TEE_OpenTASession
                0x000013c0                __GP11_TEE_OpenTASession
                0x00001494                TEE_InvokeTACommand
                0x00001590                __GP11_TEE_InvokeTACommand
                0x00001680                __GP11_TEE_CheckMemoryAccessRights
                0x00001684                TEE_SetInstanceData
                0x00001690                TEE_GetInstanceData
                0x0000169c                TEE_MemMove
                0x000016a0                __GP11_TEE_MemMove
                0x000016a4                TEE_MemCompare
                0x000016a8                __GP11_TEE_MemCompare
                0x000016ac                TEE_MemFill
                0x000016b0                __GP11_TEE_MemFill
                0x000016b4                TEE_GetSystemTime
                0x000016ca                TEE_Wait
                0x000016e8                TEE_GetTAPersistentTime
                0x00001724                TEE_SetTAPersistentTime
                0x0000174c                TEE_GetREETime
                0x00001762                TEE_Malloc
                0x00001814                __GP11_TEE_Malloc
                0x00001818                TEE_Free
                0x00001854                TEE_Realloc
                0x000018cc                __GP11_TEE_Realloc
                0x000018d0                TEE_CacheClean
                0x000018d6                TEE_CacheFlush
                0x000018dc                TEE_CacheInvalidate
 .text          0x000018e4     0x2d68 /root/imx-optee-os/out/arm-plat-imx/export-ta_arm32/lib/libutee.a(tee_api_operations.o)
                0x00001e30                TEE_FreeOperation
                0x00001e54                TEE_AllocateOperation
                0x00002670                __GP11_TEE_FreeOperation
                0x00002684                TEE_GetOperationInfo
                0x000026b4                TEE_GetOperationInfoMultiple
                0x000027b8                __GP11_TEE_GetOperationInfoMultiple
                0x00002818                TEE_ResetOperation
                0x00002838                TEE_SetOperationKey
                0x00002908                __GP11_TEE_SetOperationKey
                0x00002926                TEE_SetOperationKey2
                0x0000293c                __GP11_TEE_SetOperationKey2
                0x0000295e                TEE_CopyOperation
                0x00002a1c                TEE_DigestUpdate
                0x00002a4c                __GP11_TEE_DigestUpdate
                0x00002a50                TEE_DigestDoFinal
                0x00002b44                __GP11_TEE_DigestDoFinal
                0x00002bb0                TEE_DigestExtract
                0x00002cdc                TEE_CipherInit
                0x00002d50                __GP11_TEE_CipherInit
                0x00002d54                TEE_CipherUpdate
                0x00002ed0                __GP11_TEE_CipherUpdate
                0x00002f3c                TEE_CipherDoFinal
                0x000030a8                __GP11_TEE_CipherDoFinal
                0x00003118                TEE_MACInit
                0x0000316e                __GP11_TEE_MACInit
                0x00003172                TEE_MACUpdate
                0x000031c0                __GP11_TEE_MACUpdate
                0x000031c4                TEE_MACComputeFinal
                0x00003278                __GP11_TEE_MACComputeFinal
                0x000032e4                TEE_MACCompareFinal
                0x00003398                __GP11_TEE_MACCompareFinal
                0x0000339c                TEE_AEInit
                0x0000340c                __GP11_TEE_AEInit
                0x00003410                TEE_AEUpdateAAD
                0x0000345c                __GP11_TEE_AEUpdateAAD
                0x000034a2                TEE_AEUpdate
                0x0000350c                __GP11_TEE_AEUpdate
                0x000035b8                TEE_AEEncryptFinal
                0x00003724                __GP11_TEE_AEEncryptFinal
                0x000037b0                TEE_AEDecryptFinal
                0x000038ec                __GP11_TEE_AEDecryptFinal
                0x00003964                TEE_AsymmetricEncrypt
                0x00003a74                __GP11_TEE_AsymmetricEncrypt
                0x00003b64                TEE_AsymmetricDecrypt
                0x00003c74                __GP11_TEE_AsymmetricDecrypt
                0x00003d68                TEE_AsymmetricSignDigest
                0x00003e54                __GP11_TEE_AsymmetricSignDigest
                0x00003f40                TEE_AsymmetricVerifyDigest
                0x0000401c                __GP11_TEE_AsymmetricVerifyDigest
                0x000040f8                TEE_DeriveKey
                0x000041f0                __GP11_TEE_DeriveKey
                0x000042e8                TEE_GenerateRandom
                0x000042fa                __GP11_TEE_GenerateRandom
                0x000042fe                rand
                0x00004348                TEE_IsAlgorithmSupported
 .text          0x0000464c       0xc0 /root/imx-optee-os/out/arm-plat-imx/export-ta_arm32/lib/libutee.a(tee_api_panic.o)
                0x0000466c                TEE_Panic
                0x00004676                __utee_check_outbuf_annotation
                0x000046a4                __utee_check_gp11_outbuf_annotation
                0x000046a6                __utee_check_instring_annotation
                0x000046c2                __utee_check_outstring_annotation
                0x000046c4                __utee_check_gp11_outstring_annotation
                0x000046c6                __utee_check_out_annotation
                0x000046dc                __utee_check_attr_in_annotation
                0x000046f4                __utee_check_gp11_attr_in_annotation
                0x000046f6                __utee_check_inout_annotation
 .text          0x0000470c      0x1f8 /root/imx-optee-os/out/arm-plat-imx/export-ta_arm32/lib/libutee.a(tee_system_pta.o)
                0x0000475c                tee_map_zi
                0x000047c8                tee_unmap
                0x00004848                tee_invoke_supp_plugin
 .text          0x00004904      0x580 /root/imx-optee-os/out/arm-plat-imx/export-ta_arm32/lib/libutee.a(user_ta_entry.o)
                0x00004af0                __utee_call_elf_init_fn
                0x00004bdc                __utee_call_elf_fini_fn
                0x00004c58                __utee_entry
 .text          0x00004e84        0x0 /root/imx-optee-os/out/arm-plat-imx/export-ta_arm32/lib/libutee.a(utee_syscalls_a32.o)
 .text._utee_panic
                0x00004e84       0x14 /root/imx-optee-os/out/arm-plat-imx/export-ta_arm32/lib/libutee.a(utee_syscalls_a32.o)
                0x00004e84                _utee_panic
 .text._utee_return
                0x00004e98       0x14 /root/imx-optee-os/out/arm-plat-imx/export-ta_arm32/lib/libutee.a(utee_syscalls_a32.o)
                0x00004e98                _utee_return
 .text._utee_log
                0x00004eac       0x14 /root/imx-optee-os/out/arm-plat-imx/export-ta_arm32/lib/libutee.a(utee_syscalls_a32.o)
                0x00004eac                _utee_log
 .text.__utee_panic
                0x00004ec0       0x14 /root/imx-optee-os/out/arm-plat-imx/export-ta_arm32/lib/libutee.a(utee_syscalls_a32.o)
                0x00004ec0                __utee_panic
 .text._utee_get_property
                0x00004ed4       0x18 /root/imx-optee-os/out/arm-plat-imx/export-ta_arm32/lib/libutee.a(utee_syscalls_a32.o)
                0x00004ed4                _utee_get_property
 .text._utee_get_property_name_to_index
                0x00004eec       0x14 /root/imx-optee-os/out/arm-plat-imx/export-ta_arm32/lib/libutee.a(utee_syscalls_a32.o)
                0x00004eec                _utee_get_property_name_to_index
 .text._utee_open_ta_session
                0x00004f00       0x18 /root/imx-optee-os/out/arm-plat-imx/export-ta_arm32/lib/libutee.a(utee_syscalls_a32.o)
                0x00004f00                _utee_open_ta_session
 .text._utee_close_ta_session
                0x00004f18       0x14 /root/imx-optee-os/out/arm-plat-imx/export-ta_arm32/lib/libutee.a(utee_syscalls_a32.o)
                0x00004f18                _utee_close_ta_session
 .text._utee_invoke_ta_command
                0x00004f2c       0x18 /root/imx-optee-os/out/arm-plat-imx/export-ta_arm32/lib/libutee.a(utee_syscalls_a32.o)
                0x00004f2c                _utee_invoke_ta_command
 .text._utee_get_cancellation_flag
                0x00004f44       0x14 /root/imx-optee-os/out/arm-plat-imx/export-ta_arm32/lib/libutee.a(utee_syscalls_a32.o)
                0x00004f44                _utee_get_cancellation_flag
 .text._utee_check_access_rights
                0x00004f58       0x14 /root/imx-optee-os/out/arm-plat-imx/export-ta_arm32/lib/libutee.a(utee_syscalls_a32.o)
                0x00004f58                _utee_check_access_rights
 .text._utee_unmask_cancellation
                0x00004f6c       0x14 /root/imx-optee-os/out/arm-plat-imx/export-ta_arm32/lib/libutee.a(utee_syscalls_a32.o)
                0x00004f6c                _utee_unmask_cancellation
 .text._utee_mask_cancellation
                0x00004f80       0x14 /root/imx-optee-os/out/arm-plat-imx/export-ta_arm32/lib/libutee.a(utee_syscalls_a32.o)
                0x00004f80                _utee_mask_cancellation
 .text._utee_wait
                0x00004f94       0x14 /root/imx-optee-os/out/arm-plat-imx/export-ta_arm32/lib/libutee.a(utee_syscalls_a32.o)
                0x00004f94                _utee_wait
 .text._utee_get_time
                0x00004fa8       0x14 /root/imx-optee-os/out/arm-plat-imx/export-ta_arm32/lib/libutee.a(utee_syscalls_a32.o)
                0x00004fa8                _utee_get_time
 .text._utee_set_ta_time
                0x00004fbc       0x14 /root/imx-optee-os/out/arm-plat-imx/export-ta_arm32/lib/libutee.a(utee_syscalls_a32.o)
                0x00004fbc                _utee_set_ta_time
 .text._utee_cryp_state_alloc
                0x00004fd0       0x18 /root/imx-optee-os/out/arm-plat-imx/export-ta_arm32/lib/libutee.a(utee_syscalls_a32.o)
                0x00004fd0                _utee_cryp_state_alloc
 .text._utee_cryp_state_copy
                0x00004fe8       0x14 /root/imx-optee-os/out/arm-plat-imx/export-ta_arm32/lib/libutee.a(utee_syscalls_a32.o)
                0x00004fe8                _utee_cryp_state_copy
 .text._utee_cryp_state_free
                0x00004ffc       0x14 /root/imx-optee-os/out/arm-plat-imx/export-ta_arm32/lib/libutee.a(utee_syscalls_a32.o)
                0x00004ffc                _utee_cryp_state_free
 .text._utee_hash_init
                0x00005010       0x14 /root/imx-optee-os/out/arm-plat-imx/export-ta_arm32/lib/libutee.a(utee_syscalls_a32.o)
                0x00005010                _utee_hash_init
 .text._utee_hash_update
                0x00005024       0x14 /root/imx-optee-os/out/arm-plat-imx/export-ta_arm32/lib/libutee.a(utee_syscalls_a32.o)
                0x00005024                _utee_hash_update
 .text._utee_hash_final
                0x00005038       0x18 /root/imx-optee-os/out/arm-plat-imx/export-ta_arm32/lib/libutee.a(utee_syscalls_a32.o)
                0x00005038                _utee_hash_final
 .text._utee_cipher_init
                0x00005050       0x14 /root/imx-optee-os/out/arm-plat-imx/export-ta_arm32/lib/libutee.a(utee_syscalls_a32.o)
                0x00005050                _utee_cipher_init
 .text._utee_cipher_update
                0x00005064       0x18 /root/imx-optee-os/out/arm-plat-imx/export-ta_arm32/lib/libutee.a(utee_syscalls_a32.o)
                0x00005064                _utee_cipher_update
 .text._utee_cipher_final
                0x0000507c       0x18 /root/imx-optee-os/out/arm-plat-imx/export-ta_arm32/lib/libutee.a(utee_syscalls_a32.o)
                0x0000507c                _utee_cipher_final
 .text._utee_cryp_obj_get_info
                0x00005094       0x14 /root/imx-optee-os/out/arm-plat-imx/export-ta_arm32/lib/libutee.a(utee_syscalls_a32.o)
                0x00005094                _utee_cryp_obj_get_info
 .text._utee_cryp_obj_restrict_usage
                0x000050a8       0x14 /root/imx-optee-os/out/arm-plat-imx/export-ta_arm32/lib/libutee.a(utee_syscalls_a32.o)
                0x000050a8                _utee_cryp_obj_restrict_usage
 .text._utee_cryp_obj_get_attr
                0x000050bc       0x14 /root/imx-optee-os/out/arm-plat-imx/export-ta_arm32/lib/libutee.a(utee_syscalls_a32.o)
                0x000050bc                _utee_cryp_obj_get_attr
 .text._utee_cryp_obj_alloc
                0x000050d0       0x14 /root/imx-optee-os/out/arm-plat-imx/export-ta_arm32/lib/libutee.a(utee_syscalls_a32.o)
                0x000050d0                _utee_cryp_obj_alloc
 .text._utee_cryp_obj_close
                0x000050e4       0x14 /root/imx-optee-os/out/arm-plat-imx/export-ta_arm32/lib/libutee.a(utee_syscalls_a32.o)
                0x000050e4                _utee_cryp_obj_close
 .text._utee_cryp_obj_reset
                0x000050f8       0x14 /root/imx-optee-os/out/arm-plat-imx/export-ta_arm32/lib/libutee.a(utee_syscalls_a32.o)
                0x000050f8                _utee_cryp_obj_reset
 .text._utee_cryp_obj_populate
                0x0000510c       0x14 /root/imx-optee-os/out/arm-plat-imx/export-ta_arm32/lib/libutee.a(utee_syscalls_a32.o)
                0x0000510c                _utee_cryp_obj_populate
 .text._utee_cryp_obj_copy
                0x00005120       0x14 /root/imx-optee-os/out/arm-plat-imx/export-ta_arm32/lib/libutee.a(utee_syscalls_a32.o)
                0x00005120                _utee_cryp_obj_copy
 .text._utee_cryp_derive_key
                0x00005134       0x14 /root/imx-optee-os/out/arm-plat-imx/export-ta_arm32/lib/libutee.a(utee_syscalls_a32.o)
                0x00005134                _utee_cryp_derive_key
 .text._utee_cryp_random_number_generate
                0x00005148       0x14 /root/imx-optee-os/out/arm-plat-imx/export-ta_arm32/lib/libutee.a(utee_syscalls_a32.o)
                0x00005148                _utee_cryp_random_number_generate
 .text._utee_authenc_init
                0x0000515c       0x18 /root/imx-optee-os/out/arm-plat-imx/export-ta_arm32/lib/libutee.a(utee_syscalls_a32.o)
                0x0000515c                _utee_authenc_init
 .text._utee_authenc_update_aad
                0x00005174       0x14 /root/imx-optee-os/out/arm-plat-imx/export-ta_arm32/lib/libutee.a(utee_syscalls_a32.o)
                0x00005174                _utee_authenc_update_aad
 .text._utee_authenc_update_payload
                0x00005188       0x18 /root/imx-optee-os/out/arm-plat-imx/export-ta_arm32/lib/libutee.a(utee_syscalls_a32.o)
                0x00005188                _utee_authenc_update_payload
 .text._utee_authenc_enc_final
                0x000051a0       0x18 /root/imx-optee-os/out/arm-plat-imx/export-ta_arm32/lib/libutee.a(utee_syscalls_a32.o)
                0x000051a0                _utee_authenc_enc_final
 .text._utee_authenc_dec_final
                0x000051b8       0x18 /root/imx-optee-os/out/arm-plat-imx/export-ta_arm32/lib/libutee.a(utee_syscalls_a32.o)
                0x000051b8                _utee_authenc_dec_final
 .text._utee_asymm_operate
                0x000051d0       0x18 /root/imx-optee-os/out/arm-plat-imx/export-ta_arm32/lib/libutee.a(utee_syscalls_a32.o)
                0x000051d0                _utee_asymm_operate
 .text._utee_asymm_verify
                0x000051e8       0x18 /root/imx-optee-os/out/arm-plat-imx/export-ta_arm32/lib/libutee.a(utee_syscalls_a32.o)
                0x000051e8                _utee_asymm_verify
 .text._utee_storage_obj_open
                0x00005200       0x18 /root/imx-optee-os/out/arm-plat-imx/export-ta_arm32/lib/libutee.a(utee_syscalls_a32.o)
                0x00005200                _utee_storage_obj_open
 .text._utee_storage_obj_create
                0x00005218       0x18 /root/imx-optee-os/out/arm-plat-imx/export-ta_arm32/lib/libutee.a(utee_syscalls_a32.o)
                0x00005218                _utee_storage_obj_create
 .text._utee_storage_obj_del
                0x00005230       0x14 /root/imx-optee-os/out/arm-plat-imx/export-ta_arm32/lib/libutee.a(utee_syscalls_a32.o)
                0x00005230                _utee_storage_obj_del
 .text._utee_storage_obj_rename
                0x00005244       0x14 /root/imx-optee-os/out/arm-plat-imx/export-ta_arm32/lib/libutee.a(utee_syscalls_a32.o)
                0x00005244                _utee_storage_obj_rename
 .text._utee_storage_alloc_enum
                0x00005258       0x14 /root/imx-optee-os/out/arm-plat-imx/export-ta_arm32/lib/libutee.a(utee_syscalls_a32.o)
                0x00005258                _utee_storage_alloc_enum
 .text._utee_storage_free_enum
                0x0000526c       0x14 /root/imx-optee-os/out/arm-plat-imx/export-ta_arm32/lib/libutee.a(utee_syscalls_a32.o)
                0x0000526c                _utee_storage_free_enum
 .text._utee_storage_reset_enum
                0x00005280       0x14 /root/imx-optee-os/out/arm-plat-imx/export-ta_arm32/lib/libutee.a(utee_syscalls_a32.o)
                0x00005280                _utee_storage_reset_enum
 .text._utee_storage_start_enum
                0x00005294       0x14 /root/imx-optee-os/out/arm-plat-imx/export-ta_arm32/lib/libutee.a(utee_syscalls_a32.o)
                0x00005294                _utee_storage_start_enum
 .text._utee_storage_next_enum
                0x000052a8       0x14 /root/imx-optee-os/out/arm-plat-imx/export-ta_arm32/lib/libutee.a(utee_syscalls_a32.o)
                0x000052a8                _utee_storage_next_enum
 .text._utee_storage_obj_read
                0x000052bc       0x14 /root/imx-optee-os/out/arm-plat-imx/export-ta_arm32/lib/libutee.a(utee_syscalls_a32.o)
                0x000052bc                _utee_storage_obj_read
 .text._utee_storage_obj_write
                0x000052d0       0x14 /root/imx-optee-os/out/arm-plat-imx/export-ta_arm32/lib/libutee.a(utee_syscalls_a32.o)
                0x000052d0                _utee_storage_obj_write
 .text._utee_storage_obj_trunc
                0x000052e4       0x14 /root/imx-optee-os/out/arm-plat-imx/export-ta_arm32/lib/libutee.a(utee_syscalls_a32.o)
                0x000052e4                _utee_storage_obj_trunc
 .text._utee_storage_obj_seek
                0x000052f8       0x14 /root/imx-optee-os/out/arm-plat-imx/export-ta_arm32/lib/libutee.a(utee_syscalls_a32.o)
                0x000052f8                _utee_storage_obj_seek
 .text._utee_cryp_obj_generate_key
                0x0000530c       0x14 /root/imx-optee-os/out/arm-plat-imx/export-ta_arm32/lib/libutee.a(utee_syscalls_a32.o)
                0x0000530c                _utee_cryp_obj_generate_key
 .text._utee_cache_operation
                0x00005320       0x14 /root/imx-optee-os/out/arm-plat-imx/export-ta_arm32/lib/libutee.a(utee_syscalls_a32.o)
                0x00005320                _utee_cache_operation
 .text.unlikely
                0x00005334       0x18 /root/imx-optee-os/out/arm-plat-imx/export-ta_arm32/lib/libutee.a(abort.o)
                0x00005334                abort
 .text          0x0000534c       0x38 /root/imx-optee-os/out/arm-plat-imx/export-ta_arm32/lib/libutee.a(assert.o)
                0x0000534c                _assert_log
                0x00005374                _assert_break
 .text          0x00005384     0x18e4 /root/imx-optee-os/out/arm-plat-imx/export-ta_arm32/lib/libutee.a(tee_api_arith_mpi.o)
                0x000059f4                _TEE_MathAPI_Init
                0x00005a38                TEE_BigIntInit
                0x00005a70                __GP11_TEE_BigIntInit
                0x00005a74                TEE_BigIntConvertFromOctetString
                0x00005b00                __GP11_TEE_BigIntConvertFromOctetString
                0x00005b04                TEE_BigIntConvertToOctetString
                0x00005b90                __GP11_TEE_BigIntConvertToOctetString
                0x00005bdc                TEE_BigIntConvertFromS32
                0x00005c60                TEE_BigIntConvertToS32
                0x00005cf4                TEE_BigIntCmp
                0x00005d60                TEE_BigIntCmpS32
                0x00005f04                TEE_BigIntShiftRight
                0x00006050                __GP11_TEE_BigIntShiftRight
                0x00006054                TEE_BigIntGetBit
                0x000060b0                TEE_BigIntGetBitCount
                0x00006104                TEE_BigIntSetBit
                0x00006180                TEE_BigIntAssign
                0x000061ac                TEE_BigIntAbs
                0x000061bc                TEE_BigIntAdd
                0x000061dc                TEE_BigIntSub
                0x000061fc                TEE_BigIntNeg
                0x000062a8                TEE_BigIntMul
                0x00006384                TEE_BigIntSquare
                0x0000638a                TEE_BigIntDiv
                0x000064b0                TEE_BigIntMod
                0x00006500                TEE_BigIntAddMod
                0x0000651c                TEE_BigIntSubMod
                0x00006538                TEE_BigIntMulMod
                0x00006554                TEE_BigIntSquareMod
                0x0000655c                TEE_BigIntInvMod
                0x00006654                TEE_BigIntRelativePrime
                0x00006704                TEE_BigIntExpMod
                0x00006854                TEE_BigIntComputeExtendedGcd
                0x00006a3c                TEE_BigIntIsProbablePrime
                0x00006aac                TEE_BigIntInitFMM
                0x00006ab0                __GP11_TEE_BigIntInitFMM
                0x00006ab4                TEE_BigIntInitFMMContext
                0x00006ab6                __GP11_TEE_BigIntInitFMMContext
                0x00006aba                TEE_BigIntInitFMMContext1
                0x00006abe                TEE_BigIntFMMSizeInU32
                0x00006ac6                __GP11_TEE_BigIntFMMSizeInU32
                0x00006aca                TEE_BigIntFMMContextSizeInU32
                0x00006ace                __GP11_TEE_BigIntFMMContextSizeInU32
                0x00006ad2                TEE_BigIntConvertToFMM
                0x00006ad6                TEE_BigIntConvertFromFMM
                0x00006b74                TEE_BigIntComputeFMM
 .text          0x00006c68     0x11b0 /root/imx-optee-os/out/arm-plat-imx/export-ta_arm32/lib/libutee.a(tee_api_objects.o)
                0x00006c68                __utee_from_attr
                0x00006c92                __utee_from_gp11_attr
                0x00006cbc                TEE_GetObjectInfo
                0x00006d48                __GP11_TEE_GetObjectInfo
                0x00006dd4                TEE_GetObjectInfo1
                0x00006e5c                __GP11_TEE_GetObjectInfo1
                0x00006ee4                TEE_RestrictObjectUsage1
                0x00006f04                TEE_RestrictObjectUsage
                0x00006f70                TEE_GetObjectBufferAttribute
                0x00007030                __GP11_TEE_GetObjectBufferAttribute
                0x00007094                TEE_GetObjectValueAttribute
                0x00007170                TEE_CloseObject
                0x00007184                __GP11_TEE_AllocateTransientObject
                0x000071f8                TEE_AllocateTransientObject
                0x00007210                TEE_FreeTransientObject
                0x00007280                TEE_ResetTransientObject
                0x000072f0                TEE_PopulateTransientObject
                0x000073a8                __GP11_TEE_PopulateTransientObject
                0x00007460                TEE_InitRefAttribute
                0x00007482                __GP11_TEE_InitRefAttribute
                0x000074a4                TEE_InitValueAttribute
                0x000074c6                __GP11_TEE_InitValueAttribute
                0x000074e8                TEE_CopyObjectAttributes1
                0x000075a0                TEE_CopyObjectAttributes
                0x0000760c                TEE_GenerateKey
                0x00007694                __GP11_TEE_GenerateKey
                0x0000771c                TEE_OpenPersistentObject
                0x000077c0                __GP11_TEE_OpenPersistentObject
                0x000077c4                TEE_CreatePersistentObject
                0x00007898                __GP11_TEE_CreatePersistentObject
                0x000078d6                TEE_CloseAndDeletePersistentObject1
                0x000078fc                TEE_CloseAndDeletePersistentObject
                0x00007912                TEE_RenamePersistentObject
                0x0000794c                __GP11_TEE_RenamePersistentObject
                0x00007950                TEE_AllocatePersistentObjectEnumerator
                0x000079b8                TEE_FreePersistentObjectEnumerator
                0x000079cc                TEE_ResetPersistentObjectEnumerator
                0x000079e0                TEE_StartPersistentObjectEnumerator
                0x00007a0c                TEE_GetNextPersistentObject
                0x00007ae4                __GP11_TEE_GetNextPersistentObject
                0x00007bbc                TEE_ReadObjectData
                0x00007c48                __GP11_TEE_ReadObjectData
                0x00007cac                TEE_WriteObjectData
                0x00007cec                __GP11_TEE_WriteObjectData
                0x00007cf0                TEE_TruncateObjectData
                0x00007d28                __GP11_TEE_TruncateObjectData
                0x00007d2c                TEE_SeekObjectData
                0x00007e04                __GP11_TEE_SeekObjectData
 .text          0x00007e18      0xa10 /root/imx-optee-os/out/arm-plat-imx/export-ta_arm32/lib/libutee.a(tee_api_property.o)
                0x00008074                TEE_GetPropertyAsString
                0x00008204                __GP11_TEE_GetPropertyAsString
                0x00008268                TEE_GetPropertyAsBool
                0x000082fc                TEE_GetPropertyAsU32
                0x00008394                TEE_GetPropertyAsU64
                0x0000842c                __GP11_TEE_GetPropertyAsBinaryBlock
                0x000084c8                TEE_GetPropertyAsBinaryBlock
                0x0000852c                TEE_GetPropertyAsUUID
                0x000085c4                TEE_GetPropertyAsIdentity
                0x0000865c                TEE_ResetPropertyEnumerator
                0x00008664                TEE_AllocatePropertyEnumerator
                0x0000868c                TEE_FreePropertyEnumerator
                0x00008690                TEE_StartPropertyEnumerator
                0x0000869a                __GP11_TEE_GetPropertyName
                0x00008750                TEE_GetPropertyName
                0x000087b0                TEE_GetNextProperty
 .text          0x00008828      0x254 /root/imx-optee-os/out/arm-plat-imx/export-ta_arm32/lib/libutee.a(tcb.o)
                0x00008828                __utee_tcb_init
                0x000089bc                __tls_get_addr
                0x000089d4                dl_iterate_phdr
 .text          0x00008a7c     0x22f4 /root/imx-optee-os/out/arm-plat-imx/export-ta_arm32/lib/libmbedtls.a(bignum.o)
                0x00008ac4                mbedtls_mpi_lt_mpi_ct
                0x00008b68                mbedtls_mpi_init
                0x00008b74                mbedtls_mpi_init_mempool
                0x00008b98                mbedtls_mpi_free
                0x00008bd8                mbedtls_mpi_grow
                0x00008c70                mbedtls_mpi_safe_cond_assign
                0x00008cc2                mbedtls_mpi_safe_cond_swap
                0x00008d5a                mbedtls_mpi_shrink
                0x00008e0c                mbedtls_mpi_copy
                0x00008e78                mbedtls_mpi_swap
                0x00008ed4                mbedtls_mpi_lset
                0x00008f0c                mbedtls_mpi_get_bit
                0x00008f2c                mbedtls_mpi_set_bit
                0x00008f7a                mbedtls_mpi_lsb
                0x00008fa0                mbedtls_mpi_bitlen
                0x00008fa8                mbedtls_mpi_size
                0x00008fb4                mbedtls_mpi_read_binary_le
                0x00008fe0                mbedtls_mpi_read_binary
                0x0000900c                mbedtls_mpi_write_binary_le
                0x00009018                mbedtls_mpi_write_binary
                0x00009024                mbedtls_mpi_shift_l
                0x0000905e                mbedtls_mpi_shift_r
                0x00009070                mbedtls_mpi_cmp_abs
                0x000090ce                mbedtls_mpi_cmp_mpi
                0x00009158                mbedtls_mpi_cmp_int
                0x000091bc                mbedtls_mpi_add_abs
                0x00009252                mbedtls_mpi_sub_abs
                0x00009350                mbedtls_mpi_add_mpi
                0x00009354                mbedtls_mpi_sub_mpi
                0x0000935a                mbedtls_mpi_add_int
                0x000093c0                mbedtls_mpi_sub_int
                0x00009424                mbedtls_mpi_mul_mpi
                0x00009534                mbedtls_mpi_mul_int
                0x00009596                mbedtls_mpi_read_string
                0x00009710                mbedtls_mpi_div_mpi
                0x00009a9a                mbedtls_mpi_div_int
                0x00009b00                mbedtls_mpi_mod_mpi
                0x00009d88                mbedtls_mpi_mod_int
                0x00009e00                mbedtls_mpi_write_string
                0x0000a024                mbedtls_mpi_montg_init
                0x0000a032                mbedtls_mpi_montmul
                0x0000a056                mbedtls_mpi_montred
                0x0000a0ac                mbedtls_mpi_exp_mod
                0x0000a0be                mbedtls_mpi_exp_mod_unsafe
                0x0000a0d2                mbedtls_mpi_gcd
                0x0000a208                mbedtls_mpi_fill_random
                0x0000a400                mbedtls_mpi_random
                0x0000a43e                mbedtls_mpi_inv_mod
                0x0000a75c                mbedtls_mpi_is_prime_ext
                0x0000a7f8                mbedtls_mpi_gen_prime
                0x0000aa3c                mbedtls_mpi_self_test
 .text          0x0000ad70      0xb04 /root/imx-optee-os/out/arm-plat-imx/export-ta_arm32/lib/libmbedtls.a(bignum_core.o)
                0x0000adcc                mbedtls_mpi_core_clz
                0x0000add2                mbedtls_mpi_core_bitlen
                0x0000adf6                mbedtls_mpi_core_bigendian_to_host
                0x0000ae1c                mbedtls_mpi_core_uint_le_mpi
                0x0000ae58                mbedtls_mpi_core_lt_ct
                0x0000aea8                mbedtls_mpi_core_cond_assign
                0x0000aee4                mbedtls_mpi_core_cond_swap
                0x0000af34                mbedtls_mpi_core_read_le
                0x0000af7e                mbedtls_mpi_core_read_be
                0x0000afc8                mbedtls_mpi_core_write_le
                0x0000b02c                mbedtls_mpi_core_write_be
                0x0000b090                mbedtls_mpi_core_shift_r
                0x0000b100                mbedtls_mpi_core_shift_l
                0x0000b16c                mbedtls_mpi_core_add
                0x0000b198                mbedtls_mpi_core_add_if
                0x0000b1d2                mbedtls_mpi_core_sub
                0x0000b20e                mbedtls_mpi_core_mla
                0x0000b38e                mbedtls_mpi_core_mul
                0x0000b3d0                mbedtls_mpi_core_montmul_init
                0x0000b3f8                mbedtls_mpi_core_montmul
                0x0000b648                mbedtls_mpi_core_get_mont_r2_unsafe
                0x0000b67c                mbedtls_mpi_core_fill_random
                0x0000b6da                mbedtls_mpi_core_random
                0x0000b774                mbedtls_mpi_core_exp_mod_working_limbs
                0x0000b78a                mbedtls_mpi_core_exp_mod
                0x0000b7aa                mbedtls_mpi_core_exp_mod_unsafe
                0x0000b7cc                mbedtls_mpi_core_sub_int
                0x0000b7f4                mbedtls_mpi_core_check_zero_ct
                0x0000b80c                mbedtls_mpi_core_to_mont_rep
                0x0000b822                mbedtls_mpi_core_from_mont_rep
 .text          0x0000b874      0x1d4 /root/imx-optee-os/out/arm-plat-imx/export-ta_arm32/lib/libmbedtls.a(constant_time.o)
                0x0000b8d0                mbedtls_ct_memcmp
                0x0000b8ea                mbedtls_ct_memcmp_partial
                0x0000b938                mbedtls_ct_memmove_left
                0x0000b9a4                mbedtls_ct_memcpy_if
                0x0000b9e0                mbedtls_ct_memcpy_offset
                0x0000ba34                mbedtls_ct_zeroize_if
 .text          0x0000ba48       0x2c /root/imx-optee-os/out/arm-plat-imx/export-ta_arm32/lib/libmbedtls.a(platform_util.o)
                0x0000ba48                mbedtls_platform_zeroize
                0x0000ba60                mbedtls_zeroize_and_free
 .text          0x0000ba74      0xc14 /root/imx-optee-os/out/arm-plat-imx/export-ta_arm32/lib/libutils.a(bget_malloc.o)
                0x0000bac0                bget
                0x0000bcd8                bgetz
                0x0000bd34                brel
                0x0000bf1c                bgetr
                0x0000bf9c                bpool
                0x0000c034                bget_main_test
                0x0000c258                raw_malloc_flags
                0x0000c31a                raw_memalign
                0x0000c338                raw_malloc
                0x0000c356                raw_free
                0x0000c35e                raw_calloc
                0x0000c37c                raw_realloc
                0x0000c39a                free_flags
                0x0000c3b0                malloc
                0x0000c3d8                malloc_flags
                0x0000c3fc                calloc
                0x0000c424                realloc
                0x0000c44c                memalign
                0x0000c474                aligned_alloc
                0x0000c4ac                free
                0x0000c4b4                free_wipe
                0x0000c4bc                raw_malloc_get_ctx_size
                0x0000c4c0                raw_malloc_init_ctx
                0x0000c4d2                raw_malloc_add_pool
                0x0000c558                raw_malloc_buffer_overlaps_heap
                0x0000c5a8                raw_malloc_buffer_is_within_alloced
                0x0000c64c                malloc_add_pool
                0x0000c660                malloc_buffer_is_within_alloced
                0x0000c674                malloc_buffer_overlaps_heap
 .text          0x0000c688       0x64 /root/imx-optee-os/out/arm-plat-imx/export-ta_arm32/lib/libutils.a(snprintf.o)
                0x0000c688                snprintf
                0x0000c6dc                vsnprintf
 .text          0x0000c6ec       0xdc /root/imx-optee-os/out/arm-plat-imx/export-ta_arm32/lib/libutils.a(memcpy.o)
                0x0000c6ec                memcpy
 .text          0x0000c7c8      0x1a4 /root/imx-optee-os/out/arm-plat-imx/export-ta_arm32/lib/libutils.a(arm32_aeabi_divmod.o)
                0x0000c814                __aeabi_uidiv
                0x0000c86c                __aeabi_uidivmod
                0x0000c896                __aeabi_idiv
                0x0000c918                __aeabi_idivmod
 .text          0x0000c96c       0xf0 /root/imx-optee-os/out/arm-plat-imx/export-ta_arm32/lib/libutils.a(mempool.o)
                0x0000c96c                mempool_alloc_pool
                0x0000c9ec                mempool_alloc
                0x0000ca28                mempool_calloc
                0x0000ca4c                mempool_free
 .text          0x0000ca5c      0x190 /root/imx-optee-os/out/arm-plat-imx/export-ta_arm32/lib/libutils.a(base64.o)
                0x0000ca5c                base64_enc_len
                0x0000ca70                base64_enc
                0x0000cb34                base64_dec
 .text.ret_idivmod_values
                0x0000cbec        0x4 /root/imx-optee-os/out/arm-plat-imx/export-ta_arm32/lib/libutils.a(arm32_aeabi_divmod_a32.o)
                0x0000cbec                ret_idivmod_values
 .text.ret_uidivmod_values
                0x0000cbf0        0x4 /root/imx-optee-os/out/arm-plat-imx/export-ta_arm32/lib/libutils.a(arm32_aeabi_divmod_a32.o)
                0x0000cbf0                ret_uidivmod_values
 .text          0x0000cbf4      0x14c /root/imx-optee-os/out/arm-plat-imx/export-ta_arm32/lib/libutils.a(arm32_aeabi_ldivmod.o)
                0x0000cbf4                __ul_divmod
                0x0000cc62                __l_divmod
 .text          0x0000cd40        0x6 /root/imx-optee-os/out/arm-plat-imx/export-ta_arm32/lib/libutils.a(aeabi_unwind.o)
                0x0000cd40                __aeabi_unwind_cpp_pr0
                0x0000cd42                __aeabi_unwind_cpp_pr1
                0x0000cd44                __aeabi_unwind_cpp_pr2
 .text          0x0000cd46       0x1c /root/imx-optee-os/out/arm-plat-imx/export-ta_arm32/lib/libutils.a(memchr.o)
                0x0000cd46                memchr
 .text          0x0000cd62       0x10 /root/imx-optee-os/out/arm-plat-imx/export-ta_arm32/lib/libutils.a(strlen.o)
                0x0000cd62                strlen
 .text          0x0000cd72       0x32 /root/imx-optee-os/out/arm-plat-imx/export-ta_arm32/lib/libutils.a(memmove.o)
                0x0000cd72                memmove
 .text          0x0000cda4       0x10 /root/imx-optee-os/out/arm-plat-imx/export-ta_arm32/lib/libutils.a(memset.o)
                0x0000cda4                memset
 .text          0x0000cdb4       0x16 /root/imx-optee-os/out/arm-plat-imx/export-ta_arm32/lib/libutils.a(strcmp.o)
                0x0000cdb4                strcmp
 .text          0x0000cdca       0x2a /root/imx-optee-os/out/arm-plat-imx/export-ta_arm32/lib/libutils.a(strlcpy.o)
                0x0000cdca                strlcpy
 .text          0x0000cdf4       0x48 /root/imx-optee-os/out/arm-plat-imx/export-ta_arm32/lib/libutils.a(consttime_memcmp.o)
                0x0000cdf4                consttime_memcmp
 .text          0x0000ce3c        0x0 ./ta_entry_a32.o
 .text          0x0000ce3c        0x0 /root/imx-optee-os/out/arm-plat-imx/export-ta_arm32/lib/libutils.a(arm32_aeabi_ldivmod_a32.o)
 .text          0x0000ce3c        0x0 /root/imx-optee-os/out/arm-plat-imx/export-ta_arm32/lib/libutee.a(abort.o)
 .text          0x0000ce3c        0x0 /root/imx-optee-os/out/arm-plat-imx/export-ta_arm32/lib/libutils.a(arm32_aeabi_divmod_a32.o)
 *fill*         0x0000ce3c        0x4 
 .text.__stub   0x0000ce40       0x50 linker stubs
 *(SORT_BY_ALIGNMENT(.stub))
 *(SORT_BY_ALIGNMENT(.glue_7))
 .glue_7        0x0000ce90        0x0 linker stubs
 *(SORT_BY_ALIGNMENT(.glue_7t))
 .glue_7t       0x0000ce90        0x0 linker stubs
 *(SORT_BY_ALIGNMENT(.gnu.linkonce.t.*))
 *(SORT_BY_ALIGNMENT(.vfp11_veneer))
 .vfp11_veneer  0x0000ce90        0x0 linker stubs
                0x0000ce90                        __text_end = .

.v4_bx          0x0000ce90        0x0
 .v4_bx         0x0000ce90        0x0 linker stubs

.iplt           0x0000ce90        0x0
 .iplt          0x0000ce90        0x0 ./register_ta.o

.note.gnu.property
 *(SORT_BY_ALIGNMENT(.note.gnu.property))

.plt            0x0000ce90        0x0
 *(SORT_BY_ALIGNMENT(.plt))
 .plt           0x0000ce90        0x0 ./register_ta.o

.eh_frame_hdr
 *(SORT_BY_ALIGNMENT(.eh_frame_hdr))
 *(SORT_BY_ALIGNMENT(.eh_frame_entry) SORT_BY_ALIGNMENT(.eh_frame_entry.*))

.eh_frame
 *(SORT_BY_ALIGNMENT(.eh_frame))
 *(SORT_BY_ALIGNMENT(.eh_frame.*))

.gcc_except_table
 *(SORT_BY_ALIGNMENT(.gcc_except_table) SORT_BY_ALIGNMENT(.gcc_except_table.*))

.rodata         0x0000ce90     0x1082
 *(SORT_BY_ALIGNMENT(.gnu.linkonce.r.*))
 *(SORT_BY_ALIGNMENT(.rodata) SORT_BY_ALIGNMENT(.rodata.*))
 .rodata./root/imx-optee-os/out/arm-plat-imx/export-ta_arm32/src/user_ta_header.c
                0x0000ce90       0x23 ./user_ta_header.o
                0x0000ce90                ta_num_props
                0x0000cea8                __ta_no_share_heap_size
                0x0000ceac                ta_heap_size
                0x0000ceb0                trace_ext_prefix
 *fill*         0x0000ceb3        0x1 
 .rodata.lib/libutee/tee_api.c
                0x0000ceb4       0x10 /root/imx-optee-os/out/arm-plat-imx/export-ta_arm32/lib/libutee.a(tee_api.o)
 .rodata.lib/libutee/tee_system_pta.c
                0x0000cec4       0x31 /root/imx-optee-os/out/arm-plat-imx/export-ta_arm32/lib/libutee.a(tee_system_pta.o)
 *fill*         0x0000cef5        0x3 
 .rodata.lib/libutee/tee_api_property.c
                0x0000cef8       0x10 /root/imx-optee-os/out/arm-plat-imx/export-ta_arm32/lib/libutee.a(tee_api_property.o)
 .rodata.lib/libmbedtls/mbedtls/library/bignum.c
                0x0000cf08       0xcc /root/imx-optee-os/out/arm-plat-imx/export-ta_arm32/lib/libmbedtls.a(bignum.o)
 .rodata.str1.1./root/imx-optee-os/out/arm-plat-imx/export-ta_arm32/src/user_ta_header.c
                0x0000cfd4      0xc7d ./user_ta_header.o
                                 0xe5 (size before relaxing)
 .rodata.str1.1.lib/libutils/isoc/stack_check.c
                0x0000dc51       0x18 /root/imx-optee-os/out/arm-plat-imx/export-ta_arm32/lib/libutils.a(stack_check.o)
 .rodata.str1.1.lib/libutils/ext/trace.c
                0x0000dc51       0x1b /root/imx-optee-os/out/arm-plat-imx/export-ta_arm32/lib/libutils.a(trace.o)
 .rodata.lib/libutils/ext/trace.c
                0x0000dc51        0x5 /root/imx-optee-os/out/arm-plat-imx/export-ta_arm32/lib/libutils.a(trace.o)
 .rodata.str1.1.lib/libutils/ext/snprintk.c
                0x0000dc56       0x38 /root/imx-optee-os/out/arm-plat-imx/export-ta_arm32/lib/libutils.a(snprintk.o)
 .rodata.lib/libutils/ext/snprintk.c
                0x0000dc56       0x22 /root/imx-optee-os/out/arm-plat-imx/export-ta_arm32/lib/libutils.a(snprintk.o)
 .rodata.str1.1.lib/libutee/trace_ext.c
                0x0000dc78        0x2 /root/imx-optee-os/out/arm-plat-imx/export-ta_arm32/lib/libutee.a(trace_ext.o)
 .rodata.str1.1.lib/libutee/tee_api.c
                0x0000dc78       0x11 /root/imx-optee-os/out/arm-plat-imx/export-ta_arm32/lib/libutee.a(tee_api.o)
 .rodata.str1.1.lib/libutee/tee_api_operations.c
                0x0000dc78       0x80 /root/imx-optee-os/out/arm-plat-imx/export-ta_arm32/lib/libutee.a(tee_api_operations.o)
 .rodata.lib/libutee/tee_api_operations.c
                0x0000dc78       0x46 /root/imx-optee-os/out/arm-plat-imx/export-ta_arm32/lib/libutee.a(tee_api_operations.o)
 .rodata.str1.1.lib/libutee/tee_system_pta.c
                0x0000dcbe       0x55 /root/imx-optee-os/out/arm-plat-imx/export-ta_arm32/lib/libutee.a(tee_system_pta.o)
 .rodata.str1.1.lib/libutee/user_ta_entry.c
                0x0000dcbe       0x4f /root/imx-optee-os/out/arm-plat-imx/export-ta_arm32/lib/libutee.a(user_ta_entry.o)
 .rodata.lib/libutee/user_ta_entry.c
                0x0000dcbe       0x16 /root/imx-optee-os/out/arm-plat-imx/export-ta_arm32/lib/libutee.a(user_ta_entry.o)
 .rodata.str1.1.lib/libutee/abort.c
                0x0000dcd4        0x7 /root/imx-optee-os/out/arm-plat-imx/export-ta_arm32/lib/libutee.a(abort.o)
 .rodata.str1.1.lib/libutee/assert.c
                0x0000dcd4       0x27 /root/imx-optee-os/out/arm-plat-imx/export-ta_arm32/lib/libutee.a(assert.o)
 .rodata.str1.1.lib/libutee/tee_api_arith_mpi.c
                0x0000dcd4       0xc9 /root/imx-optee-os/out/arm-plat-imx/export-ta_arm32/lib/libutee.a(tee_api_arith_mpi.o)
 .rodata.lib/libutee/tee_api_arith_mpi.c
                0x0000dcd4      0x14e /root/imx-optee-os/out/arm-plat-imx/export-ta_arm32/lib/libutee.a(tee_api_arith_mpi.o)
 .rodata.str1.1.lib/libutee/tee_api_property.c
                0x0000de22       0x88 /root/imx-optee-os/out/arm-plat-imx/export-ta_arm32/lib/libutee.a(tee_api_property.o)
 .rodata.str1.1.lib/libutee/tcb.c
                0x0000de22       0x8d /root/imx-optee-os/out/arm-plat-imx/export-ta_arm32/lib/libutee.a(tcb.o)
 .rodata.lib/libutee/tcb.c
                0x0000de22       0x20 /root/imx-optee-os/out/arm-plat-imx/export-ta_arm32/lib/libutee.a(tcb.o)
 .rodata.str1.1.lib/libmbedtls/mbedtls/library/bignum.c
                0x0000de42      0x45d /root/imx-optee-os/out/arm-plat-imx/export-ta_arm32/lib/libmbedtls.a(bignum.o)
 .rodata.str1.1.lib/libutils/isoc/bget_malloc.c
                0x0000de42      0x31c /root/imx-optee-os/out/arm-plat-imx/export-ta_arm32/lib/libutils.a(bget_malloc.o)
 .rodata.lib/libutils/isoc/bget_malloc.c
                0x0000de42       0x63 /root/imx-optee-os/out/arm-plat-imx/export-ta_arm32/lib/libutils.a(bget_malloc.o)
 .rodata.str1.1.lib/libutils/ext/mempool.c
                0x0000dea5       0x89 /root/imx-optee-os/out/arm-plat-imx/export-ta_arm32/lib/libutils.a(mempool.o)
 .rodata.lib/libutils/ext/mempool.c
                0x0000dea5       0x2c /root/imx-optee-os/out/arm-plat-imx/export-ta_arm32/lib/libutils.a(mempool.o)
 .rodata.lib/libutils/ext/base64.c
                0x0000ded1       0x41 /root/imx-optee-os/out/arm-plat-imx/export-ta_arm32/lib/libutils.a(base64.o)

.gnu.version_d  0x0000df14        0x0
 .gnu.version_d
                0x0000df14        0x0 ./register_ta.o

.gnu.version    0x0000df12        0x0
 .gnu.version   0x0000df12        0x0 ./register_ta.o

.gnu.version_r  0x0000df14        0x0
 .gnu.version_r
                0x0000df14        0x0 ./register_ta.o

.gnu.hash       0x0000df14       0x30
 .gnu.hash      0x0000df14       0x30 ./register_ta.o

.ta_head        0x0000df48       0x20
 .ta_head       0x0000df48       0x20 ./user_ta_header.o
                0x0000df48                ta_head

.ARM.extab      0x0000df68      0x3f4
 *(SORT_BY_ALIGNMENT(.ARM.extab*) SORT_BY_ALIGNMENT(.gnu.linkonce.armextab.*))
 .ARM.extab.text.__aeabi_ldivmod
                0x0000df68        0xc /root/imx-optee-os/out/arm-plat-imx/export-ta_arm32/lib/libutils.a(arm32_aeabi_ldivmod_a32.o)
 .ARM.extab.text.__aeabi_uldivmod
                0x0000df74        0xc /root/imx-optee-os/out/arm-plat-imx/export-ta_arm32/lib/libutils.a(arm32_aeabi_ldivmod_a32.o)
 .ARM.extab     0x0000df80        0xc /root/imx-optee-os/out/arm-plat-imx/export-ta_arm32/lib/libutils.a(snprintk.o)
 .ARM.extab     0x0000df8c        0xc /root/imx-optee-os/out/arm-plat-imx/export-ta_arm32/lib/libutee.a(trace_ext.o)
 .ARM.extab     0x0000df98       0x24 /root/imx-optee-os/out/arm-plat-imx/export-ta_arm32/lib/libutee.a(tee_api.o)
 .ARM.extab     0x0000dfbc        0xc /root/imx-optee-os/out/arm-plat-imx/export-ta_arm32/lib/libutee.a(tee_api_operations.o)
 .ARM.extab     0x0000dfc8       0x24 /root/imx-optee-os/out/arm-plat-imx/export-ta_arm32/lib/libutee.a(tee_api_panic.o)
 .ARM.extab.text._utee_panic
                0x0000dfec       0x10 /root/imx-optee-os/out/arm-plat-imx/export-ta_arm32/lib/libutee.a(utee_syscalls_a32.o)
 .ARM.extab.text._utee_return
                0x0000dffc        0xc /root/imx-optee-os/out/arm-plat-imx/export-ta_arm32/lib/libutee.a(utee_syscalls_a32.o)
 .ARM.extab.text._utee_log
                0x0000e008        0xc /root/imx-optee-os/out/arm-plat-imx/export-ta_arm32/lib/libutee.a(utee_syscalls_a32.o)
 .ARM.extab.text.__utee_panic
                0x0000e014        0xc /root/imx-optee-os/out/arm-plat-imx/export-ta_arm32/lib/libutee.a(utee_syscalls_a32.o)
 .ARM.extab.text._utee_get_property
                0x0000e020        0xc /root/imx-optee-os/out/arm-plat-imx/export-ta_arm32/lib/libutee.a(utee_syscalls_a32.o)
 .ARM.extab.text._utee_get_property_name_to_index
                0x0000e02c        0xc /root/imx-optee-os/out/arm-plat-imx/export-ta_arm32/lib/libutee.a(utee_syscalls_a32.o)
 .ARM.extab.text._utee_open_ta_session
                0x0000e038        0xc /root/imx-optee-os/out/arm-plat-imx/export-ta_arm32/lib/libutee.a(utee_syscalls_a32.o)
 .ARM.extab.text._utee_close_ta_session
                0x0000e044        0xc /root/imx-optee-os/out/arm-plat-imx/export-ta_arm32/lib/libutee.a(utee_syscalls_a32.o)
 .ARM.extab.text._utee_invoke_ta_command
                0x0000e050        0xc /root/imx-optee-os/out/arm-plat-imx/export-ta_arm32/lib/libutee.a(utee_syscalls_a32.o)
 .ARM.extab.text._utee_get_cancellation_flag
                0x0000e05c        0xc /root/imx-optee-os/out/arm-plat-imx/export-ta_arm32/lib/libutee.a(utee_syscalls_a32.o)
 .ARM.extab.text._utee_check_access_rights
                0x0000e068        0xc /root/imx-optee-os/out/arm-plat-imx/export-ta_arm32/lib/libutee.a(utee_syscalls_a32.o)
 .ARM.extab.text._utee_unmask_cancellation
                0x0000e074        0xc /root/imx-optee-os/out/arm-plat-imx/export-ta_arm32/lib/libutee.a(utee_syscalls_a32.o)
 .ARM.extab.text._utee_mask_cancellation
                0x0000e080        0xc /root/imx-optee-os/out/arm-plat-imx/export-ta_arm32/lib/libutee.a(utee_syscalls_a32.o)
 .ARM.extab.text._utee_wait
                0x0000e08c        0xc /root/imx-optee-os/out/arm-plat-imx/export-ta_arm32/lib/libutee.a(utee_syscalls_a32.o)
 .ARM.extab.text._utee_get_time
                0x0000e098        0xc /root/imx-optee-os/out/arm-plat-imx/export-ta_arm32/lib/libutee.a(utee_syscalls_a32.o)
 .ARM.extab.text._utee_set_ta_time
                0x0000e0a4        0xc /root/imx-optee-os/out/arm-plat-imx/export-ta_arm32/lib/libutee.a(utee_syscalls_a32.o)
 .ARM.extab.text._utee_cryp_state_alloc
                0x0000e0b0        0xc /root/imx-optee-os/out/arm-plat-imx/export-ta_arm32/lib/libutee.a(utee_syscalls_a32.o)
 .ARM.extab.text._utee_cryp_state_copy
                0x0000e0bc        0xc /root/imx-optee-os/out/arm-plat-imx/export-ta_arm32/lib/libutee.a(utee_syscalls_a32.o)
 .ARM.extab.text._utee_cryp_state_free
                0x0000e0c8        0xc /root/imx-optee-os/out/arm-plat-imx/export-ta_arm32/lib/libutee.a(utee_syscalls_a32.o)
 .ARM.extab.text._utee_hash_init
                0x0000e0d4        0xc /root/imx-optee-os/out/arm-plat-imx/export-ta_arm32/lib/libutee.a(utee_syscalls_a32.o)
 .ARM.extab.text._utee_hash_update
                0x0000e0e0        0xc /root/imx-optee-os/out/arm-plat-imx/export-ta_arm32/lib/libutee.a(utee_syscalls_a32.o)
 .ARM.extab.text._utee_hash_final
                0x0000e0ec        0xc /root/imx-optee-os/out/arm-plat-imx/export-ta_arm32/lib/libutee.a(utee_syscalls_a32.o)
 .ARM.extab.text._utee_cipher_init
                0x0000e0f8        0xc /root/imx-optee-os/out/arm-plat-imx/export-ta_arm32/lib/libutee.a(utee_syscalls_a32.o)
 .ARM.extab.text._utee_cipher_update
                0x0000e104        0xc /root/imx-optee-os/out/arm-plat-imx/export-ta_arm32/lib/libutee.a(utee_syscalls_a32.o)
 .ARM.extab.text._utee_cipher_final
                0x0000e110        0xc /root/imx-optee-os/out/arm-plat-imx/export-ta_arm32/lib/libutee.a(utee_syscalls_a32.o)
 .ARM.extab.text._utee_cryp_obj_get_info
                0x0000e11c        0xc /root/imx-optee-os/out/arm-plat-imx/export-ta_arm32/lib/libutee.a(utee_syscalls_a32.o)
 .ARM.extab.text._utee_cryp_obj_restrict_usage
                0x0000e128        0xc /root/imx-optee-os/out/arm-plat-imx/export-ta_arm32/lib/libutee.a(utee_syscalls_a32.o)
 .ARM.extab.text._utee_cryp_obj_get_attr
                0x0000e134        0xc /root/imx-optee-os/out/arm-plat-imx/export-ta_arm32/lib/libutee.a(utee_syscalls_a32.o)
 .ARM.extab.text._utee_cryp_obj_alloc
                0x0000e140        0xc /root/imx-optee-os/out/arm-plat-imx/export-ta_arm32/lib/libutee.a(utee_syscalls_a32.o)
 .ARM.extab.text._utee_cryp_obj_close
                0x0000e14c        0xc /root/imx-optee-os/out/arm-plat-imx/export-ta_arm32/lib/libutee.a(utee_syscalls_a32.o)
 .ARM.extab.text._utee_cryp_obj_reset
                0x0000e158        0xc /root/imx-optee-os/out/arm-plat-imx/export-ta_arm32/lib/libutee.a(utee_syscalls_a32.o)
 .ARM.extab.text._utee_cryp_obj_populate
                0x0000e164        0xc /root/imx-optee-os/out/arm-plat-imx/export-ta_arm32/lib/libutee.a(utee_syscalls_a32.o)
 .ARM.extab.text._utee_cryp_obj_copy
                0x0000e170        0xc /root/imx-optee-os/out/arm-plat-imx/export-ta_arm32/lib/libutee.a(utee_syscalls_a32.o)
 .ARM.extab.text._utee_cryp_derive_key
                0x0000e17c        0xc /root/imx-optee-os/out/arm-plat-imx/export-ta_arm32/lib/libutee.a(utee_syscalls_a32.o)
 .ARM.extab.text._utee_cryp_random_number_generate
                0x0000e188        0xc /root/imx-optee-os/out/arm-plat-imx/export-ta_arm32/lib/libutee.a(utee_syscalls_a32.o)
 .ARM.extab.text._utee_authenc_init
                0x0000e194        0xc /root/imx-optee-os/out/arm-plat-imx/export-ta_arm32/lib/libutee.a(utee_syscalls_a32.o)
 .ARM.extab.text._utee_authenc_update_aad
                0x0000e1a0        0xc /root/imx-optee-os/out/arm-plat-imx/export-ta_arm32/lib/libutee.a(utee_syscalls_a32.o)
 .ARM.extab.text._utee_authenc_update_payload
                0x0000e1ac        0xc /root/imx-optee-os/out/arm-plat-imx/export-ta_arm32/lib/libutee.a(utee_syscalls_a32.o)
 .ARM.extab.text._utee_authenc_enc_final
                0x0000e1b8        0xc /root/imx-optee-os/out/arm-plat-imx/export-ta_arm32/lib/libutee.a(utee_syscalls_a32.o)
 .ARM.extab.text._utee_authenc_dec_final
                0x0000e1c4        0xc /root/imx-optee-os/out/arm-plat-imx/export-ta_arm32/lib/libutee.a(utee_syscalls_a32.o)
 .ARM.extab.text._utee_asymm_operate
                0x0000e1d0        0xc /root/imx-optee-os/out/arm-plat-imx/export-ta_arm32/lib/libutee.a(utee_syscalls_a32.o)
 .ARM.extab.text._utee_asymm_verify
                0x0000e1dc        0xc /root/imx-optee-os/out/arm-plat-imx/export-ta_arm32/lib/libutee.a(utee_syscalls_a32.o)
 .ARM.extab.text._utee_storage_obj_open
                0x0000e1e8        0xc /root/imx-optee-os/out/arm-plat-imx/export-ta_arm32/lib/libutee.a(utee_syscalls_a32.o)
 .ARM.extab.text._utee_storage_obj_create
                0x0000e1f4        0xc /root/imx-optee-os/out/arm-plat-imx/export-ta_arm32/lib/libutee.a(utee_syscalls_a32.o)
 .ARM.extab.text._utee_storage_obj_del
                0x0000e200        0xc /root/imx-optee-os/out/arm-plat-imx/export-ta_arm32/lib/libutee.a(utee_syscalls_a32.o)
 .ARM.extab.text._utee_storage_obj_rename
                0x0000e20c        0xc /root/imx-optee-os/out/arm-plat-imx/export-ta_arm32/lib/libutee.a(utee_syscalls_a32.o)
 .ARM.extab.text._utee_storage_alloc_enum
                0x0000e218        0xc /root/imx-optee-os/out/arm-plat-imx/export-ta_arm32/lib/libutee.a(utee_syscalls_a32.o)
 .ARM.extab.text._utee_storage_free_enum
                0x0000e224        0xc /root/imx-optee-os/out/arm-plat-imx/export-ta_arm32/lib/libutee.a(utee_syscalls_a32.o)
 .ARM.extab.text._utee_storage_reset_enum
                0x0000e230        0xc /root/imx-optee-os/out/arm-plat-imx/export-ta_arm32/lib/libutee.a(utee_syscalls_a32.o)
 .ARM.extab.text._utee_storage_start_enum
                0x0000e23c        0xc /root/imx-optee-os/out/arm-plat-imx/export-ta_arm32/lib/libutee.a(utee_syscalls_a32.o)
 .ARM.extab.text._utee_storage_next_enum
                0x0000e248        0xc /root/imx-optee-os/out/arm-plat-imx/export-ta_arm32/lib/libutee.a(utee_syscalls_a32.o)
 .ARM.extab.text._utee_storage_obj_read
                0x0000e254        0xc /root/imx-optee-os/out/arm-plat-imx/export-ta_arm32/lib/libutee.a(utee_syscalls_a32.o)
 .ARM.extab.text._utee_storage_obj_write
                0x0000e260        0xc /root/imx-optee-os/out/arm-plat-imx/export-ta_arm32/lib/libutee.a(utee_syscalls_a32.o)
 .ARM.extab.text._utee_storage_obj_trunc
                0x0000e26c        0xc /root/imx-optee-os/out/arm-plat-imx/export-ta_arm32/lib/libutee.a(utee_syscalls_a32.o)
 .ARM.extab.text._utee_storage_obj_seek
                0x0000e278        0xc /root/imx-optee-os/out/arm-plat-imx/export-ta_arm32/lib/libutee.a(utee_syscalls_a32.o)
 .ARM.extab.text._utee_cryp_obj_generate_key
                0x0000e284        0xc /root/imx-optee-os/out/arm-plat-imx/export-ta_arm32/lib/libutee.a(utee_syscalls_a32.o)
 .ARM.extab.text._utee_cache_operation
                0x0000e290        0xc /root/imx-optee-os/out/arm-plat-imx/export-ta_arm32/lib/libutee.a(utee_syscalls_a32.o)
 .ARM.extab.text.unlikely
                0x0000e29c        0xc /root/imx-optee-os/out/arm-plat-imx/export-ta_arm32/lib/libutee.a(abort.o)
 .ARM.extab     0x0000e2a8        0xc /root/imx-optee-os/out/arm-plat-imx/export-ta_arm32/lib/libutee.a(assert.o)
 .ARM.extab     0x0000e2b4       0x3c /root/imx-optee-os/out/arm-plat-imx/export-ta_arm32/lib/libutee.a(tee_api_arith_mpi.o)
 .ARM.extab     0x0000e2f0       0x30 /root/imx-optee-os/out/arm-plat-imx/export-ta_arm32/lib/libutee.a(tee_api_objects.o)
 .ARM.extab     0x0000e320       0x18 /root/imx-optee-os/out/arm-plat-imx/export-ta_arm32/lib/libmbedtls.a(bignum.o)
 .ARM.extab     0x0000e338       0x18 /root/imx-optee-os/out/arm-plat-imx/export-ta_arm32/lib/libutils.a(bget_malloc.o)
 .ARM.extab     0x0000e350        0xc /root/imx-optee-os/out/arm-plat-imx/export-ta_arm32/lib/libutils.a(snprintf.o)
 .ARM.extab     0x0000e35c        0x0 ./register_ta.o
 .ARM.extab     0x0000e35c        0x0 ./user_ta_header.o
 .ARM.extab.text.__ta_entry
                0x0000e35c        0x0 ./ta_entry_a32.o
 .ARM.extab     0x0000e35c        0x0 /root/imx-optee-os/out/arm-plat-imx/export-ta_arm32/lib/libutils.a(stack_check.o)
 .ARM.extab     0x0000e35c        0x0 /root/imx-optee-os/out/arm-plat-imx/export-ta_arm32/lib/libutils.a(arm32_aeabi_ldivmod.o)
 .ARM.extab     0x0000e35c        0x0 /root/imx-optee-os/out/arm-plat-imx/export-ta_arm32/lib/libutils.a(trace.o)
 .ARM.extab     0x0000e35c        0x0 /root/imx-optee-os/out/arm-plat-imx/export-ta_arm32/lib/libutils.a(aeabi_unwind.o)
 .ARM.extab     0x0000e35c        0x0 /root/imx-optee-os/out/arm-plat-imx/export-ta_arm32/lib/libutils.a(memchr.o)
 .ARM.extab     0x0000e35c        0x0 /root/imx-optee-os/out/arm-plat-imx/export-ta_arm32/lib/libutils.a(strlen.o)
 .ARM.extab     0x0000e35c        0x0 /root/imx-optee-os/out/arm-plat-imx/export-ta_arm32/lib/libutee.a(tee_system_pta.o)
 .ARM.extab     0x0000e35c        0x0 /root/imx-optee-os/out/arm-plat-imx/export-ta_arm32/lib/libutee.a(user_ta_entry.o)
 .ARM.extab     0x0000e35c        0x0 /root/imx-optee-os/out/arm-plat-imx/export-ta_arm32/lib/libutee.a(tee_api_property.o)
 .ARM.extab     0x0000e35c        0x0 /root/imx-optee-os/out/arm-plat-imx/export-ta_arm32/lib/libutee.a(tcb.o)
 .ARM.extab     0x0000e35c        0x0 /root/imx-optee-os/out/arm-plat-imx/export-ta_arm32/lib/libmbedtls.a(bignum_core.o)
 .ARM.extab     0x0000e35c        0x0 /root/imx-optee-os/out/arm-plat-imx/export-ta_arm32/lib/libmbedtls.a(constant_time.o)
 .ARM.extab     0x0000e35c        0x0 /root/imx-optee-os/out/arm-plat-imx/export-ta_arm32/lib/libmbedtls.a(platform_util.o)
 .ARM.extab     0x0000e35c        0x0 /root/imx-optee-os/out/arm-plat-imx/export-ta_arm32/lib/libutils.a(memcpy.o)
 .ARM.extab     0x0000e35c        0x0 /root/imx-optee-os/out/arm-plat-imx/export-ta_arm32/lib/libutils.a(memmove.o)
 .ARM.extab     0x0000e35c        0x0 /root/imx-optee-os/out/arm-plat-imx/export-ta_arm32/lib/libutils.a(memset.o)
 .ARM.extab     0x0000e35c        0x0 /root/imx-optee-os/out/arm-plat-imx/export-ta_arm32/lib/libutils.a(strcmp.o)
 .ARM.extab     0x0000e35c        0x0 /root/imx-optee-os/out/arm-plat-imx/export-ta_arm32/lib/libutils.a(arm32_aeabi_divmod.o)
 .ARM.extab     0x0000e35c        0x0 /root/imx-optee-os/out/arm-plat-imx/export-ta_arm32/lib/libutils.a(strlcpy.o)
 .ARM.extab     0x0000e35c        0x0 /root/imx-optee-os/out/arm-plat-imx/export-ta_arm32/lib/libutils.a(mempool.o)
 .ARM.extab     0x0000e35c        0x0 /root/imx-optee-os/out/arm-plat-imx/export-ta_arm32/lib/libutils.a(consttime_memcmp.o)
 .ARM.extab     0x0000e35c        0x0 /root/imx-optee-os/out/arm-plat-imx/export-ta_arm32/lib/libutils.a(base64.o)
 .ARM.extab.text.ret_idivmod_values
                0x0000e35c        0x0 /root/imx-optee-os/out/arm-plat-imx/export-ta_arm32/lib/libutils.a(arm32_aeabi_divmod_a32.o)
 .ARM.extab.text.ret_uidivmod_values
                0x0000e35c        0x0 /root/imx-optee-os/out/arm-plat-imx/export-ta_arm32/lib/libutils.a(arm32_aeabi_divmod_a32.o)
                [!provide]                        PROVIDE (__exidx_start = .)

.ARM.exidx      0x0000e35c      0xcd0
 *(SORT_BY_ALIGNMENT(.ARM.exidx*) SORT_BY_ALIGNMENT(.gnu.linkonce.armexidx.*))
 .ARM.exidx     0x0000e35c       0x20 ./register_ta.o
                                 0x28 (size before relaxing)
 .ARM.exidx     0x0000e37c       0x10 ./user_ta_header.o
 .ARM.exidx.text.__ta_entry
                0x0000e38c        0x8 ./ta_entry_a32.o
 .ARM.exidx     0x0000e394        0x8 /root/imx-optee-os/out/arm-plat-imx/export-ta_arm32/lib/libutils.a(stack_check.o)
 .ARM.exidx.text.__aeabi_ldivmod
                0x0000e39c        0x8 /root/imx-optee-os/out/arm-plat-imx/export-ta_arm32/lib/libutils.a(arm32_aeabi_ldivmod_a32.o)
 .ARM.exidx.text.__aeabi_uldivmod
                0x0000e3a4        0x8 /root/imx-optee-os/out/arm-plat-imx/export-ta_arm32/lib/libutils.a(arm32_aeabi_ldivmod_a32.o)
 .ARM.exidx     0x0000e3ac       0x20 /root/imx-optee-os/out/arm-plat-imx/export-ta_arm32/lib/libutils.a(trace.o)
                                 0x28 (size before relaxing)
 .ARM.exidx     0x0000e3cc       0x28 /root/imx-optee-os/out/arm-plat-imx/export-ta_arm32/lib/libutils.a(snprintk.o)
 .ARM.exidx     0x0000e3f4       0x28 /root/imx-optee-os/out/arm-plat-imx/export-ta_arm32/lib/libutee.a(trace_ext.o)
 .ARM.exidx     0x0000e41c       0xa0 /root/imx-optee-os/out/arm-plat-imx/export-ta_arm32/lib/libutee.a(tee_api.o)
                                0x138 (size before relaxing)
 .ARM.exidx     0x0000e4bc      0x188 /root/imx-optee-os/out/arm-plat-imx/export-ta_arm32/lib/libutee.a(tee_api_operations.o)
                                0x1e8 (size before relaxing)
 .ARM.exidx     0x0000e644       0x50 /root/imx-optee-os/out/arm-plat-imx/export-ta_arm32/lib/libutee.a(tee_api_panic.o)
                                 0x60 (size before relaxing)
 .ARM.exidx     0x0000e694       0x20 /root/imx-optee-os/out/arm-plat-imx/export-ta_arm32/lib/libutee.a(tee_system_pta.o)
 .ARM.exidx     0x0000e6b4       0x48 /root/imx-optee-os/out/arm-plat-imx/export-ta_arm32/lib/libutee.a(user_ta_entry.o)
                                 0x50 (size before relaxing)
 .ARM.exidx.text._utee_panic
                0x0000e6fc        0x8 /root/imx-optee-os/out/arm-plat-imx/export-ta_arm32/lib/libutee.a(utee_syscalls_a32.o)
 .ARM.exidx.text._utee_return
                0x0000e704        0x8 /root/imx-optee-os/out/arm-plat-imx/export-ta_arm32/lib/libutee.a(utee_syscalls_a32.o)
 .ARM.exidx.text._utee_log
                0x0000e70c        0x8 /root/imx-optee-os/out/arm-plat-imx/export-ta_arm32/lib/libutee.a(utee_syscalls_a32.o)
 .ARM.exidx.text.__utee_panic
                0x0000e714        0x8 /root/imx-optee-os/out/arm-plat-imx/export-ta_arm32/lib/libutee.a(utee_syscalls_a32.o)
 .ARM.exidx.text._utee_get_property
                0x0000e71c        0x8 /root/imx-optee-os/out/arm-plat-imx/export-ta_arm32/lib/libutee.a(utee_syscalls_a32.o)
 .ARM.exidx.text._utee_get_property_name_to_index
                0x0000e724        0x8 /root/imx-optee-os/out/arm-plat-imx/export-ta_arm32/lib/libutee.a(utee_syscalls_a32.o)
 .ARM.exidx.text._utee_open_ta_session
                0x0000e72c        0x8 /root/imx-optee-os/out/arm-plat-imx/export-ta_arm32/lib/libutee.a(utee_syscalls_a32.o)
 .ARM.exidx.text._utee_close_ta_session
                0x0000e734        0x8 /root/imx-optee-os/out/arm-plat-imx/export-ta_arm32/lib/libutee.a(utee_syscalls_a32.o)
 .ARM.exidx.text._utee_invoke_ta_command
                0x0000e73c        0x8 /root/imx-optee-os/out/arm-plat-imx/export-ta_arm32/lib/libutee.a(utee_syscalls_a32.o)
 .ARM.exidx.text._utee_get_cancellation_flag
                0x0000e744        0x8 /root/imx-optee-os/out/arm-plat-imx/export-ta_arm32/lib/libutee.a(utee_syscalls_a32.o)
 .ARM.exidx.text._utee_check_access_rights
                0x0000e74c        0x8 /root/imx-optee-os/out/arm-plat-imx/export-ta_arm32/lib/libutee.a(utee_syscalls_a32.o)
 .ARM.exidx.text._utee_unmask_cancellation
                0x0000e754        0x8 /root/imx-optee-os/out/arm-plat-imx/export-ta_arm32/lib/libutee.a(utee_syscalls_a32.o)
 .ARM.exidx.text._utee_mask_cancellation
                0x0000e75c        0x8 /root/imx-optee-os/out/arm-plat-imx/export-ta_arm32/lib/libutee.a(utee_syscalls_a32.o)
 .ARM.exidx.text._utee_wait
                0x0000e764        0x8 /root/imx-optee-os/out/arm-plat-imx/export-ta_arm32/lib/libutee.a(utee_syscalls_a32.o)
 .ARM.exidx.text._utee_get_time
                0x0000e76c        0x8 /root/imx-optee-os/out/arm-plat-imx/export-ta_arm32/lib/libutee.a(utee_syscalls_a32.o)
 .ARM.exidx.text._utee_set_ta_time
                0x0000e774        0x8 /root/imx-optee-os/out/arm-plat-imx/export-ta_arm32/lib/libutee.a(utee_syscalls_a32.o)
 .ARM.exidx.text._utee_cryp_state_alloc
                0x0000e77c        0x8 /root/imx-optee-os/out/arm-plat-imx/export-ta_arm32/lib/libutee.a(utee_syscalls_a32.o)
 .ARM.exidx.text._utee_cryp_state_copy
                0x0000e784        0x8 /root/imx-optee-os/out/arm-plat-imx/export-ta_arm32/lib/libutee.a(utee_syscalls_a32.o)
 .ARM.exidx.text._utee_cryp_state_free
                0x0000e78c        0x8 /root/imx-optee-os/out/arm-plat-imx/export-ta_arm32/lib/libutee.a(utee_syscalls_a32.o)
 .ARM.exidx.text._utee_hash_init
                0x0000e794        0x8 /root/imx-optee-os/out/arm-plat-imx/export-ta_arm32/lib/libutee.a(utee_syscalls_a32.o)
 .ARM.exidx.text._utee_hash_update
                0x0000e79c        0x8 /root/imx-optee-os/out/arm-plat-imx/export-ta_arm32/lib/libutee.a(utee_syscalls_a32.o)
 .ARM.exidx.text._utee_hash_final
                0x0000e7a4        0x8 /root/imx-optee-os/out/arm-plat-imx/export-ta_arm32/lib/libutee.a(utee_syscalls_a32.o)
 .ARM.exidx.text._utee_cipher_init
                0x0000e7ac        0x8 /root/imx-optee-os/out/arm-plat-imx/export-ta_arm32/lib/libutee.a(utee_syscalls_a32.o)
 .ARM.exidx.text._utee_cipher_update
                0x0000e7b4        0x8 /root/imx-optee-os/out/arm-plat-imx/export-ta_arm32/lib/libutee.a(utee_syscalls_a32.o)
 .ARM.exidx.text._utee_cipher_final
                0x0000e7bc        0x8 /root/imx-optee-os/out/arm-plat-imx/export-ta_arm32/lib/libutee.a(utee_syscalls_a32.o)
 .ARM.exidx.text._utee_cryp_obj_get_info
                0x0000e7c4        0x8 /root/imx-optee-os/out/arm-plat-imx/export-ta_arm32/lib/libutee.a(utee_syscalls_a32.o)
 .ARM.exidx.text._utee_cryp_obj_restrict_usage
                0x0000e7cc        0x8 /root/imx-optee-os/out/arm-plat-imx/export-ta_arm32/lib/libutee.a(utee_syscalls_a32.o)
 .ARM.exidx.text._utee_cryp_obj_get_attr
                0x0000e7d4        0x8 /root/imx-optee-os/out/arm-plat-imx/export-ta_arm32/lib/libutee.a(utee_syscalls_a32.o)
 .ARM.exidx.text._utee_cryp_obj_alloc
                0x0000e7dc        0x8 /root/imx-optee-os/out/arm-plat-imx/export-ta_arm32/lib/libutee.a(utee_syscalls_a32.o)
 .ARM.exidx.text._utee_cryp_obj_close
                0x0000e7e4        0x8 /root/imx-optee-os/out/arm-plat-imx/export-ta_arm32/lib/libutee.a(utee_syscalls_a32.o)
 .ARM.exidx.text._utee_cryp_obj_reset
                0x0000e7ec        0x8 /root/imx-optee-os/out/arm-plat-imx/export-ta_arm32/lib/libutee.a(utee_syscalls_a32.o)
 .ARM.exidx.text._utee_cryp_obj_populate
                0x0000e7f4        0x8 /root/imx-optee-os/out/arm-plat-imx/export-ta_arm32/lib/libutee.a(utee_syscalls_a32.o)
 .ARM.exidx.text._utee_cryp_obj_copy
                0x0000e7fc        0x8 /root/imx-optee-os/out/arm-plat-imx/export-ta_arm32/lib/libutee.a(utee_syscalls_a32.o)
 .ARM.exidx.text._utee_cryp_derive_key
                0x0000e804        0x8 /root/imx-optee-os/out/arm-plat-imx/export-ta_arm32/lib/libutee.a(utee_syscalls_a32.o)
 .ARM.exidx.text._utee_cryp_random_number_generate
                0x0000e80c        0x8 /root/imx-optee-os/out/arm-plat-imx/export-ta_arm32/lib/libutee.a(utee_syscalls_a32.o)
 .ARM.exidx.text._utee_authenc_init
                0x0000e814        0x8 /root/imx-optee-os/out/arm-plat-imx/export-ta_arm32/lib/libutee.a(utee_syscalls_a32.o)
 .ARM.exidx.text._utee_authenc_update_aad
                0x0000e81c        0x8 /root/imx-optee-os/out/arm-plat-imx/export-ta_arm32/lib/libutee.a(utee_syscalls_a32.o)
 .ARM.exidx.text._utee_authenc_update_payload
                0x0000e824        0x8 /root/imx-optee-os/out/arm-plat-imx/export-ta_arm32/lib/libutee.a(utee_syscalls_a32.o)
 .ARM.exidx.text._utee_authenc_enc_final
                0x0000e82c        0x8 /root/imx-optee-os/out/arm-plat-imx/export-ta_arm32/lib/libutee.a(utee_syscalls_a32.o)
 .ARM.exidx.text._utee_authenc_dec_final
                0x0000e834        0x8 /root/imx-optee-os/out/arm-plat-imx/export-ta_arm32/lib/libutee.a(utee_syscalls_a32.o)
 .ARM.exidx.text._utee_asymm_operate
                0x0000e83c        0x8 /root/imx-optee-os/out/arm-plat-imx/export-ta_arm32/lib/libutee.a(utee_syscalls_a32.o)
 .ARM.exidx.text._utee_asymm_verify
                0x0000e844        0x8 /root/imx-optee-os/out/arm-plat-imx/export-ta_arm32/lib/libutee.a(utee_syscalls_a32.o)
 .ARM.exidx.text._utee_storage_obj_open
                0x0000e84c        0x8 /root/imx-optee-os/out/arm-plat-imx/export-ta_arm32/lib/libutee.a(utee_syscalls_a32.o)
 .ARM.exidx.text._utee_storage_obj_create
                0x0000e854        0x8 /root/imx-optee-os/out/arm-plat-imx/export-ta_arm32/lib/libutee.a(utee_syscalls_a32.o)
 .ARM.exidx.text._utee_storage_obj_del
                0x0000e85c        0x8 /root/imx-optee-os/out/arm-plat-imx/export-ta_arm32/lib/libutee.a(utee_syscalls_a32.o)
 .ARM.exidx.text._utee_storage_obj_rename
                0x0000e864        0x8 /root/imx-optee-os/out/arm-plat-imx/export-ta_arm32/lib/libutee.a(utee_syscalls_a32.o)
 .ARM.exidx.text._utee_storage_alloc_enum
                0x0000e86c        0x8 /root/imx-optee-os/out/arm-plat-imx/export-ta_arm32/lib/libutee.a(utee_syscalls_a32.o)
 .ARM.exidx.text._utee_storage_free_enum
                0x0000e874        0x8 /root/imx-optee-os/out/arm-plat-imx/export-ta_arm32/lib/libutee.a(utee_syscalls_a32.o)
 .ARM.exidx.text._utee_storage_reset_enum
                0x0000e87c        0x8 /root/imx-optee-os/out/arm-plat-imx/export-ta_arm32/lib/libutee.a(utee_syscalls_a32.o)
 .ARM.exidx.text._utee_storage_start_enum
                0x0000e884        0x8 /root/imx-optee-os/out/arm-plat-imx/export-ta_arm32/lib/libutee.a(utee_syscalls_a32.o)
 .ARM.exidx.text._utee_storage_next_enum
                0x0000e88c        0x8 /root/imx-optee-os/out/arm-plat-imx/export-ta_arm32/lib/libutee.a(utee_syscalls_a32.o)
 .ARM.exidx.text._utee_storage_obj_read
                0x0000e894        0x8 /root/imx-optee-os/out/arm-plat-imx/export-ta_arm32/lib/libutee.a(utee_syscalls_a32.o)
 .ARM.exidx.text._utee_storage_obj_write
                0x0000e89c        0x8 /root/imx-optee-os/out/arm-plat-imx/export-ta_arm32/lib/libutee.a(utee_syscalls_a32.o)
 .ARM.exidx.text._utee_storage_obj_trunc
                0x0000e8a4        0x8 /root/imx-optee-os/out/arm-plat-imx/export-ta_arm32/lib/libutee.a(utee_syscalls_a32.o)
 .ARM.exidx.text._utee_storage_obj_seek
                0x0000e8ac        0x8 /root/imx-optee-os/out/arm-plat-imx/export-ta_arm32/lib/libutee.a(utee_syscalls_a32.o)
 .ARM.exidx.text._utee_cryp_obj_generate_key
                0x0000e8b4        0x8 /root/imx-optee-os/out/arm-plat-imx/export-ta_arm32/lib/libutee.a(utee_syscalls_a32.o)
 .ARM.exidx.text._utee_cache_operation
                0x0000e8bc        0x8 /root/imx-optee-os/out/arm-plat-imx/export-ta_arm32/lib/libutee.a(utee_syscalls_a32.o)
 .ARM.exidx.text.unlikely
                0x0000e8c4        0x8 /root/imx-optee-os/out/arm-plat-imx/export-ta_arm32/lib/libutee.a(abort.o)
 .ARM.exidx     0x0000e8cc       0x10 /root/imx-optee-os/out/arm-plat-imx/export-ta_arm32/lib/libutee.a(assert.o)
 .ARM.exidx     0x0000e8dc      0x148 /root/imx-optee-os/out/arm-plat-imx/export-ta_arm32/lib/libutee.a(tee_api_arith_mpi.o)
                                0x1b8 (size before relaxing)
 .ARM.exidx     0x0000ea24      0x128 /root/imx-optee-os/out/arm-plat-imx/export-ta_arm32/lib/libutee.a(tee_api_objects.o)
                                0x180 (size before relaxing)
 .ARM.exidx     0x0000eb4c       0x78 /root/imx-optee-os/out/arm-plat-imx/export-ta_arm32/lib/libutee.a(tee_api_property.o)
                                 0x98 (size before relaxing)
 .ARM.exidx     0x0000ebc4       0x18 /root/imx-optee-os/out/arm-plat-imx/export-ta_arm32/lib/libutee.a(tcb.o)
 .ARM.exidx     0x0000ebdc      0x190 /root/imx-optee-os/out/arm-plat-imx/export-ta_arm32/lib/libmbedtls.a(bignum.o)
                                0x1d0 (size before relaxing)
 .ARM.exidx     0x0000ed6c       0xf0 /root/imx-optee-os/out/arm-plat-imx/export-ta_arm32/lib/libmbedtls.a(bignum_core.o)
                                0x108 (size before relaxing)
 .ARM.exidx     0x0000ee5c       0x40 /root/imx-optee-os/out/arm-plat-imx/export-ta_arm32/lib/libmbedtls.a(constant_time.o)
 .ARM.exidx     0x0000ee9c        0x8 /root/imx-optee-os/out/arm-plat-imx/export-ta_arm32/lib/libmbedtls.a(platform_util.o)
                                 0x10 (size before relaxing)
 .ARM.exidx     0x0000eea4       0xc8 /root/imx-optee-os/out/arm-plat-imx/export-ta_arm32/lib/libutils.a(bget_malloc.o)
                                0x100 (size before relaxing)
 .ARM.exidx     0x0000ef6c       0x10 /root/imx-optee-os/out/arm-plat-imx/export-ta_arm32/lib/libutils.a(snprintf.o)
 .ARM.exidx     0x0000ef7c        0x8 /root/imx-optee-os/out/arm-plat-imx/export-ta_arm32/lib/libutils.a(memcpy.o)
 .ARM.exidx     0x0000ef84       0x28 /root/imx-optee-os/out/arm-plat-imx/export-ta_arm32/lib/libutils.a(arm32_aeabi_divmod.o)
 .ARM.exidx     0x0000efac       0x20 /root/imx-optee-os/out/arm-plat-imx/export-ta_arm32/lib/libutils.a(mempool.o)
 .ARM.exidx     0x0000efcc        0x8 /root/imx-optee-os/out/arm-plat-imx/export-ta_arm32/lib/libutils.a(base64.o)
                                 0x18 (size before relaxing)
 .ARM.exidx.text.ret_idivmod_values
                0x0000efd4        0x8 /root/imx-optee-os/out/arm-plat-imx/export-ta_arm32/lib/libutils.a(arm32_aeabi_divmod_a32.o)
 .ARM.exidx.text.ret_uidivmod_values
                0x0000efdc        0x0 /root/imx-optee-os/out/arm-plat-imx/export-ta_arm32/lib/libutils.a(arm32_aeabi_divmod_a32.o)
                                  0x8 (size before relaxing)
 .ARM.exidx     0x0000efdc       0x10 /root/imx-optee-os/out/arm-plat-imx/export-ta_arm32/lib/libutils.a(arm32_aeabi_ldivmod.o)
 .ARM.exidx     0x0000efec        0x8 /root/imx-optee-os/out/arm-plat-imx/export-ta_arm32/lib/libutils.a(aeabi_unwind.o)
                                 0x18 (size before relaxing)
 .ARM.exidx     0x0000eff4        0x8 /root/imx-optee-os/out/arm-plat-imx/export-ta_arm32/lib/libutils.a(memchr.o)
 .ARM.exidx     0x0000effc        0x8 /root/imx-optee-os/out/arm-plat-imx/export-ta_arm32/lib/libutils.a(strlen.o)
 .ARM.exidx     0x0000f004        0x8 /root/imx-optee-os/out/arm-plat-imx/export-ta_arm32/lib/libutils.a(memmove.o)
 .ARM.exidx     0x0000f00c        0x8 /root/imx-optee-os/out/arm-plat-imx/export-ta_arm32/lib/libutils.a(memset.o)
 .ARM.exidx     0x0000f014        0x0 /root/imx-optee-os/out/arm-plat-imx/export-ta_arm32/lib/libutils.a(strcmp.o)
                                  0x8 (size before relaxing)
 .ARM.exidx     0x0000f014        0x8 /root/imx-optee-os/out/arm-plat-imx/export-ta_arm32/lib/libutils.a(strlcpy.o)
 .ARM.exidx     0x0000f01c       0x10 /root/imx-optee-os/out/arm-plat-imx/export-ta_arm32/lib/libutils.a(consttime_memcmp.o)
                                  0x8 (size before relaxing)
                [!provide]                        PROVIDE (__exidx_end = .)

.ctors
 *(SORT_BY_ALIGNMENT(.ctors))

.dtors
 *(SORT_BY_ALIGNMENT(.dtors))

.dynsym         0x0000f02c       0x70
 *(SORT_BY_ALIGNMENT(.dynsym))
 .dynsym        0x0000f02c       0x70 ./register_ta.o

.dynstr         0x0000f09c       0x36
 *(SORT_BY_ALIGNMENT(.dynstr))
 .dynstr        0x0000f09c       0x36 ./register_ta.o

.hash           0x0000f0d4       0x30
 *(SORT_BY_ALIGNMENT(.hash))
 .hash          0x0000f0d4       0x30 ./register_ta.o
                0x00010000                        . = ALIGN (0x1000)

.dynamic        0x00010000       0x88
 *(SORT_BY_ALIGNMENT(.dynamic))
 .dynamic       0x00010000       0x88 ./register_ta.o
                0x00010000                _DYNAMIC

.tdata
 *(SORT_BY_ALIGNMENT(.tdata) SORT_BY_ALIGNMENT(.tdata.*) SORT_BY_ALIGNMENT(.gnu.linkonce.td.*))

.tbss
 *(SORT_BY_ALIGNMENT(.tbss) SORT_BY_ALIGNMENT(.tbss.*) SORT_BY_ALIGNMENT(.gnu.linkonce.tb.*))
 *(SORT_BY_ALIGNMENT(.tcommon))

.got            0x00010088       0x68
 *(SORT_BY_ALIGNMENT(.got.plt))
 .got.plt       0x00010088        0xc ./register_ta.o
                0x00010088                _GLOBAL_OFFSET_TABLE_
 *(SORT_BY_ALIGNMENT(.got))
 .got           0x00010094       0x5c ./register_ta.o

.rel.text
 *(SORT_BY_ALIGNMENT(.rel.text))
 *(SORT_BY_ALIGNMENT(.rel.gnu.linkonce.t*))

.rela.text
 *(SORT_BY_ALIGNMENT(.rela.text))
 *(SORT_BY_ALIGNMENT(.rela.gnu.linkonce.t*))

.rel.data
 *(SORT_BY_ALIGNMENT(.rel.data))
 *(SORT_BY_ALIGNMENT(.rel.gnu.linkonce.d*))

.rela.data
 *(SORT_BY_ALIGNMENT(.rela.data))
 *(SORT_BY_ALIGNMENT(.rela.gnu.linkonce.d*))

.rel.tdata
 *(SORT_BY_ALIGNMENT(.rel.tdata) SORT_BY_ALIGNMENT(.rel.tdata.*) SORT_BY_ALIGNMENT(.rel.gnu.linkonce.td.*))

.rela.tdata
 *(SORT_BY_ALIGNMENT(.rela.tdata) SORT_BY_ALIGNMENT(.rela.tdata.*) SORT_BY_ALIGNMENT(.rela.gnu.linkonce.td.*))

.rel.tbss
 *(SORT_BY_ALIGNMENT(.rel.tbss) SORT_BY_ALIGNMENT(.rel.tbss.*) SORT_BY_ALIGNMENT(.rel.gnu.linkonce.tb.*))

.rela.tbss
 *(SORT_BY_ALIGNMENT(.rela.tbss) SORT_BY_ALIGNMENT(.rela.tbss.*) SORT_BY_ALIGNMENT(.rela.gnu.linkonce.tb.*))

.rel.rodata
 *(SORT_BY_ALIGNMENT(.rel.rodata))
 *(SORT_BY_ALIGNMENT(.rel.gnu.linkonce.r*))

.rela.rodata
 *(SORT_BY_ALIGNMENT(.rela.rodata))
 *(SORT_BY_ALIGNMENT(.rela.gnu.linkonce.r*))

.rel.dyn        0x000100f0      0x108
 *(SORT_BY_ALIGNMENT(.rel.dyn))
 .rel.data.rel.ro
                0x000100f0        0x8 ./register_ta.o
 .rel.iplt      0x000100f8        0x0 ./register_ta.o
 .rel.data.rel.ro.local
                0x000100f8       0xd0 ./register_ta.o
 .rel.data.rel.local
                0x000101c8       0x30 ./register_ta.o

.rel.got        0x000101f8       0xb8
 *(SORT_BY_ALIGNMENT(.rel.got))
 .rel.got       0x000101f8       0xb8 ./register_ta.o

.rela.got
 *(SORT_BY_ALIGNMENT(.rela.got))

.rel.ctors
 *(SORT_BY_ALIGNMENT(.rel.ctors))

.rela.ctors
 *(SORT_BY_ALIGNMENT(.rela.ctors))

.rel.dtors
 *(SORT_BY_ALIGNMENT(.rel.dtors))

.rela.dtors
 *(SORT_BY_ALIGNMENT(.rela.dtors))

.rel.init
 *(SORT_BY_ALIGNMENT(.rel.init))

.rela.init
 *(SORT_BY_ALIGNMENT(.rela.init))

.rel.fini
 *(SORT_BY_ALIGNMENT(.rel.fini))

.rela.fini
 *(SORT_BY_ALIGNMENT(.rela.fini))

.rel.bss        0x000102b0        0x0
 *(SORT_BY_ALIGNMENT(.rel.bss))
 .rel.bss       0x000102b0        0x0 ./register_ta.o

.rela.bss
 *(SORT_BY_ALIGNMENT(.rela.bss))

.rel.plt        0x000102b0        0x0
 *(SORT_BY_ALIGNMENT(.rel.plt))
 .rel.plt       0x000102b0        0x0 ./register_ta.o

.rela.plt
 *(SORT_BY_ALIGNMENT(.rela.plt))

.data           0x000102b0       0xe8
 *(SORT_BY_ALIGNMENT(.data) SORT_BY_ALIGNMENT(.data.*) SORT_BY_ALIGNMENT(.gnu.linkonce.d.*))
 .data          0x000102b0        0x4 ./register_ta.o
 .data          0x000102b4        0x4 ./user_ta_header.o
                0x000102b4                trace_level
 .data.rel.ro.local
                0x000102b8       0x6c ./user_ta_header.o
                0x000102b8                ta_props
 .data          0x00010324        0x4 /root/imx-optee-os/out/arm-plat-imx/export-ta_arm32/lib/libutils.a(stack_check.o)
                0x00010324                __stack_chk_guard
 .data.rel.local
                0x00010328       0x10 /root/imx-optee-os/out/arm-plat-imx/export-ta_arm32/lib/libutee.a(user_ta_entry.o)
 .data.rel.ro.local
                0x00010338       0x30 /root/imx-optee-os/out/arm-plat-imx/export-ta_arm32/lib/libutee.a(tee_api_property.o)
                0x00010338                tee_props
 .data.rel.ro   0x00010368        0x4 /root/imx-optee-os/out/arm-plat-imx/export-ta_arm32/lib/libmbedtls.a(platform_util.o)
 .data          0x0001036c        0x4 /root/imx-optee-os/out/arm-plat-imx/export-ta_arm32/lib/libutils.a(bget_malloc.o)
 .data.rel.local
                0x00010370       0x28 /root/imx-optee-os/out/arm-plat-imx/export-ta_arm32/lib/libutils.a(bget_malloc.o)
 .data.rel.ro   0x00010398        0x0 ./register_ta.o
 .data          0x00010398        0x0 ./ta_entry_a32.o
 .data          0x00010398        0x0 /root/imx-optee-os/out/arm-plat-imx/export-ta_arm32/lib/libutils.a(arm32_aeabi_ldivmod_a32.o)
 .data          0x00010398        0x0 /root/imx-optee-os/out/arm-plat-imx/export-ta_arm32/lib/libutils.a(arm32_aeabi_ldivmod.o)
 .data          0x00010398        0x0 /root/imx-optee-os/out/arm-plat-imx/export-ta_arm32/lib/libutils.a(trace.o)
 .data          0x00010398        0x0 /root/imx-optee-os/out/arm-plat-imx/export-ta_arm32/lib/libutils.a(aeabi_unwind.o)
 .data          0x00010398        0x0 /root/imx-optee-os/out/arm-plat-imx/export-ta_arm32/lib/libutils.a(snprintk.o)
 .data          0x00010398        0x0 /root/imx-optee-os/out/arm-plat-imx/export-ta_arm32/lib/libutils.a(memchr.o)
 .data          0x00010398        0x0 /root/imx-optee-os/out/arm-plat-imx/export-ta_arm32/lib/libutils.a(strlen.o)
 .data          0x00010398        0x0 /root/imx-optee-os/out/arm-plat-imx/export-ta_arm32/lib/libutee.a(trace_ext.o)
 .data          0x00010398        0x0 /root/imx-optee-os/out/arm-plat-imx/export-ta_arm32/lib/libutee.a(tee_api.o)
 .data          0x00010398        0x0 /root/imx-optee-os/out/arm-plat-imx/export-ta_arm32/lib/libutee.a(tee_api_operations.o)
 .data          0x00010398        0x0 /root/imx-optee-os/out/arm-plat-imx/export-ta_arm32/lib/libutee.a(tee_api_panic.o)
 .data          0x00010398        0x0 /root/imx-optee-os/out/arm-plat-imx/export-ta_arm32/lib/libutee.a(tee_system_pta.o)
 .data          0x00010398        0x0 /root/imx-optee-os/out/arm-plat-imx/export-ta_arm32/lib/libutee.a(user_ta_entry.o)
 .data          0x00010398        0x0 /root/imx-optee-os/out/arm-plat-imx/export-ta_arm32/lib/libutee.a(utee_syscalls_a32.o)
 .data          0x00010398        0x0 /root/imx-optee-os/out/arm-plat-imx/export-ta_arm32/lib/libutee.a(abort.o)
 .data          0x00010398        0x0 /root/imx-optee-os/out/arm-plat-imx/export-ta_arm32/lib/libutee.a(assert.o)
 .data          0x00010398        0x0 /root/imx-optee-os/out/arm-plat-imx/export-ta_arm32/lib/libutee.a(tee_api_arith_mpi.o)
 .data          0x00010398        0x0 /root/imx-optee-os/out/arm-plat-imx/export-ta_arm32/lib/libutee.a(tee_api_objects.o)
 .data          0x00010398        0x0 /root/imx-optee-os/out/arm-plat-imx/export-ta_arm32/lib/libutee.a(tee_api_property.o)
 .data          0x00010398        0x0 /root/imx-optee-os/out/arm-plat-imx/export-ta_arm32/lib/libutee.a(tcb.o)
 .data          0x00010398        0x0 /root/imx-optee-os/out/arm-plat-imx/export-ta_arm32/lib/libmbedtls.a(bignum.o)
 .data          0x00010398        0x0 /root/imx-optee-os/out/arm-plat-imx/export-ta_arm32/lib/libmbedtls.a(bignum_core.o)
 .data          0x00010398        0x0 /root/imx-optee-os/out/arm-plat-imx/export-ta_arm32/lib/libmbedtls.a(constant_time.o)
 .data          0x00010398        0x0 /root/imx-optee-os/out/arm-plat-imx/export-ta_arm32/lib/libmbedtls.a(platform_util.o)
 .data          0x00010398        0x0 /root/imx-optee-os/out/arm-plat-imx/export-ta_arm32/lib/libutils.a(snprintf.o)
 .data          0x00010398        0x0 /root/imx-optee-os/out/arm-plat-imx/export-ta_arm32/lib/libutils.a(memcpy.o)
 .data          0x00010398        0x0 /root/imx-optee-os/out/arm-plat-imx/export-ta_arm32/lib/libutils.a(memmove.o)
 .data          0x00010398        0x0 /root/imx-optee-os/out/arm-plat-imx/export-ta_arm32/lib/libutils.a(memset.o)
 .data          0x00010398        0x0 /root/imx-optee-os/out/arm-plat-imx/export-ta_arm32/lib/libutils.a(strcmp.o)
 .data          0x00010398        0x0 /root/imx-optee-os/out/arm-plat-imx/export-ta_arm32/lib/libutils.a(arm32_aeabi_divmod.o)
 .data          0x00010398        0x0 /root/imx-optee-os/out/arm-plat-imx/export-ta_arm32/lib/libutils.a(strlcpy.o)
 .data          0x00010398        0x0 /root/imx-optee-os/out/arm-plat-imx/export-ta_arm32/lib/libutils.a(mempool.o)
 .data          0x00010398        0x0 /root/imx-optee-os/out/arm-plat-imx/export-ta_arm32/lib/libutils.a(consttime_memcmp.o)
 .data          0x00010398        0x0 /root/imx-optee-os/out/arm-plat-imx/export-ta_arm32/lib/libutils.a(base64.o)
 .data          0x00010398        0x0 /root/imx-optee-os/out/arm-plat-imx/export-ta_arm32/lib/libutils.a(arm32_aeabi_divmod_a32.o)

.igot.plt       0x00010398        0x0
 .igot.plt      0x00010398        0x0 ./register_ta.o

.bss            0x00010398     0xb860
 *(SORT_BY_ALIGNMENT(.bss) SORT_BY_ALIGNMENT(.bss.*) SORT_BY_ALIGNMENT(.gnu.linkonce.b.*) SORT_BY_ALIGNMENT(COMMON))
 .bss           0x00010398        0x8 /root/imx-optee-os/out/arm-plat-imx/export-ta_arm32/lib/libutee.a(tee_api.o)
 .bss           0x000103a0        0x4 /root/imx-optee-os/out/arm-plat-imx/export-ta_arm32/lib/libutee.a(tee_system_pta.o)
 .bss           0x000103a4       0x3c /root/imx-optee-os/out/arm-plat-imx/export-ta_arm32/lib/libutee.a(user_ta_entry.o)
                0x000103ac                __elf_phdr_info
                0x000103b8                __ta_no_share_malloc_ctx
                0x000103bc                ta_params
                0x000103dc                ta_param_types
 .bss           0x000103e0     0x3800 /root/imx-optee-os/out/arm-plat-imx/export-ta_arm32/lib/libutee.a(tee_api_arith_mpi.o)
 .bss           0x00013be0        0x8 /root/imx-optee-os/out/arm-plat-imx/export-ta_arm32/lib/libutee.a(tcb.o)
 .bss           0x00013be8        0x4 /root/imx-optee-os/out/arm-plat-imx/export-ta_arm32/lib/libmbedtls.a(bignum.o)
                0x00013be8                mbedtls_mpi_mempool
 .bss           0x00013bec        0x4 /root/imx-optee-os/out/arm-plat-imx/export-ta_arm32/lib/libmbedtls.a(constant_time.o)
                0x00013bec                mbedtls_ct_zero
 .bss           0x00013bf0        0x4 /root/imx-optee-os/out/arm-plat-imx/export-ta_arm32/lib/libutils.a(bget_malloc.o)
 .bss           0x00013bf4        0x0 ./register_ta.o
 .bss           0x00013bf4     0x8001 ./user_ta_header.o
                0x00013bf5                ta_heap
                0x00013bf5                __ta_no_share_heap
 .bss           0x0001bbf5        0x0 ./ta_entry_a32.o
 .bss           0x0001bbf5        0x0 /root/imx-optee-os/out/arm-plat-imx/export-ta_arm32/lib/libutils.a(stack_check.o)
 .bss           0x0001bbf5        0x0 /root/imx-optee-os/out/arm-plat-imx/export-ta_arm32/lib/libutils.a(arm32_aeabi_ldivmod_a32.o)
 .bss           0x0001bbf5        0x0 /root/imx-optee-os/out/arm-plat-imx/export-ta_arm32/lib/libutils.a(arm32_aeabi_ldivmod.o)
 .bss           0x0001bbf5        0x0 /root/imx-optee-os/out/arm-plat-imx/export-ta_arm32/lib/libutils.a(trace.o)
 .bss           0x0001bbf5        0x0 /root/imx-optee-os/out/arm-plat-imx/export-ta_arm32/lib/libutils.a(aeabi_unwind.o)
 .bss           0x0001bbf5        0x0 /root/imx-optee-os/out/arm-plat-imx/export-ta_arm32/lib/libutils.a(snprintk.o)
 .bss           0x0001bbf5        0x0 /root/imx-optee-os/out/arm-plat-imx/export-ta_arm32/lib/libutils.a(memchr.o)
 .bss           0x0001bbf5        0x0 /root/imx-optee-os/out/arm-plat-imx/export-ta_arm32/lib/libutils.a(strlen.o)
 .bss           0x0001bbf5        0x0 /root/imx-optee-os/out/arm-plat-imx/export-ta_arm32/lib/libutee.a(trace_ext.o)
 .bss           0x0001bbf5        0x0 /root/imx-optee-os/out/arm-plat-imx/export-ta_arm32/lib/libutee.a(tee_api_operations.o)
 .bss           0x0001bbf5        0x0 /root/imx-optee-os/out/arm-plat-imx/export-ta_arm32/lib/libutee.a(tee_api_panic.o)
 .bss           0x0001bbf5        0x0 /root/imx-optee-os/out/arm-plat-imx/export-ta_arm32/lib/libutee.a(utee_syscalls_a32.o)
 .bss           0x0001bbf5        0x0 /root/imx-optee-os/out/arm-plat-imx/export-ta_arm32/lib/libutee.a(abort.o)
 .bss           0x0001bbf5        0x0 /root/imx-optee-os/out/arm-plat-imx/export-ta_arm32/lib/libutee.a(assert.o)
 .bss           0x0001bbf5        0x0 /root/imx-optee-os/out/arm-plat-imx/export-ta_arm32/lib/libutee.a(tee_api_objects.o)
 .bss           0x0001bbf5        0x0 /root/imx-optee-os/out/arm-plat-imx/export-ta_arm32/lib/libutee.a(tee_api_property.o)
 .bss           0x0001bbf5        0x0 /root/imx-optee-os/out/arm-plat-imx/export-ta_arm32/lib/libmbedtls.a(bignum_core.o)
 .bss           0x0001bbf5        0x0 /root/imx-optee-os/out/arm-plat-imx/export-ta_arm32/lib/libmbedtls.a(platform_util.o)
 .bss           0x0001bbf5        0x0 /root/imx-optee-os/out/arm-plat-imx/export-ta_arm32/lib/libutils.a(snprintf.o)
 .bss           0x0001bbf5        0x0 /root/imx-optee-os/out/arm-plat-imx/export-ta_arm32/lib/libutils.a(memcpy.o)
 .bss           0x0001bbf5        0x0 /root/imx-optee-os/out/arm-plat-imx/export-ta_arm32/lib/libutils.a(memmove.o)
 .bss           0x0001bbf5        0x0 /root/imx-optee-os/out/arm-plat-imx/export-ta_arm32/lib/libutils.a(memset.o)
 .bss           0x0001bbf5        0x0 /root/imx-optee-os/out/arm-plat-imx/export-ta_arm32/lib/libutils.a(strcmp.o)
 .bss           0x0001bbf5        0x0 /root/imx-optee-os/out/arm-plat-imx/export-ta_arm32/lib/libutils.a(arm32_aeabi_divmod.o)
 .bss           0x0001bbf5        0x0 /root/imx-optee-os/out/arm-plat-imx/export-ta_arm32/lib/libutils.a(strlcpy.o)
 .bss           0x0001bbf5        0x0 /root/imx-optee-os/out/arm-plat-imx/export-ta_arm32/lib/libutils.a(mempool.o)
 .bss           0x0001bbf5        0x0 /root/imx-optee-os/out/arm-plat-imx/export-ta_arm32/lib/libutils.a(consttime_memcmp.o)
 .bss           0x0001bbf5        0x0 /root/imx-optee-os/out/arm-plat-imx/export-ta_arm32/lib/libutils.a(base64.o)
 .bss           0x0001bbf5        0x0 /root/imx-optee-os/out/arm-plat-imx/export-ta_arm32/lib/libutils.a(arm32_aeabi_divmod_a32.o)
                0x0001bbf8                        . = ALIGN (0x8)
 *fill*         0x0001bbf5        0x3 
                0x0001bbf8                        __ftrace_buf_start = .
                0x0001bbf8                        . = (. + DEFINED (__gnu_mcount_nc)?0x800:0x0)
                0x0001bbf8                        __ftrace_buf_end = .

.dynbss         0x0001bbf8        0x0
 .dynbss        0x0001bbf8        0x0 ./register_ta.o

/DISCARD/
 *(SORT_BY_ALIGNMENT(.interp))
LOAD ./register_ta.o
LOAD ./user_ta_header.o
LOAD ./ta_entry_a32.o
START GROUP
LOAD /root/imx-optee-os/out/arm-plat-imx/export-ta_arm32/lib/libutils.a