Archive member included to satisfy reference by file (symbol)

/root/imx-optee-os/out/arm-plat-imx/export-ta_arm32/lib/libutils.a(stack_check.o)
                              ./register_ta.o (__stack_chk_fail)
/root/imx-optee-os/out/arm-plat-imx/export-ta_arm32/lib/libutils.a(arm32_aeabi_ldivmod_a32.o)
                              ./register_ta.o (__aeabi_ldivmod)
/root/imx-optee-os/out/arm-plat-imx/export-ta_arm32/lib/libutils.a(arm32_aeabi_ldivmod.o)
                              /root/imx-optee-os/out/arm-plat-imx/export-ta_arm32/lib/libutils.a(arm32_aeabi_ldivmod_a32.o) (__ul_divmod)
/root/imx-optee-os/out/arm-plat-imx/export-ta_arm32/lib/libutils.a(trace.o)
                              /root/imx-optee-os/out/arm-plat-imx/export-ta_arm32/lib/libutils.a(stack_check.o) (trace_printf)
/root/imx-optee-os/out/arm-plat-imx/export-ta_arm32/lib/libutils.a(aeabi_unwind.o)
                              ./register_ta.o (__aeabi_unwind_cpp_pr0)
/root/imx-optee-os/out/arm-plat-imx/export-ta_arm32/lib/libutils.a(snprintk.o)
                              /root/imx-optee-os/out/arm-plat-imx/export-ta_arm32/lib/libutils.a(trace.o) (vsnprintk)
/root/imx-optee-os/out/arm-plat-imx/export-ta_arm32/lib/libutils.a(memchr.o)
                              /root/imx-optee-os/out/arm-plat-imx/export-ta_arm32/lib/libutils.a(snprintk.o) (memchr)
/root/imx-optee-os/out/arm-plat-imx/export-ta_arm32/lib/libutils.a(strlen.o)
                              /root/imx-optee-os/out/arm-plat-imx/export-ta_arm32/lib/libutils.a(snprintk.o) (strlen)
/root/imx-optee-os/out/arm-plat-imx/export-ta_arm32/lib/libutee.a(trace_ext.o)
                              /root/imx-optee-os/out/arm-plat-imx/export-ta_arm32/lib/libutils.a(trace.o) (trace_ext_puts)
/root/imx-optee-os/out/arm-plat-imx/export-ta_arm32/lib/libutee.a(tee_api.o)
                              ./register_ta.o (TEE_GetTAPersistentTime)
/root/imx-optee-os/out/arm-plat-imx/export-ta_arm32/lib/libutee.a(tee_api_operations.o)
                              ./register_ta.o (TEE_GenerateRandom)
/root/imx-optee-os/out/arm-plat-imx/export-ta_arm32/lib/libutee.a(tee_api_panic.o)
                              /root/imx-optee-os/out/arm-plat-imx/export-ta_arm32/lib/libutee.a(tee_api.o) (TEE_Panic)
/root/imx-optee-os/out/arm-plat-imx/export-ta_arm32/lib/libutee.a(tee_system_pta.o)
                              /root/imx-optee-os/out/arm-plat-imx/export-ta_arm32/lib/libutee.a(tee_api.o) (tee_map_zi)
/root/imx-optee-os/out/arm-plat-imx/export-ta_arm32/lib/libutee.a(user_ta_entry.o)
                              ./user_ta_header.o (__utee_entry)
/root/imx-optee-os/out/arm-plat-imx/export-ta_arm32/lib/libutee.a(utee_syscalls_a32.o)
                              /root/imx-optee-os/out/arm-plat-imx/export-ta_arm32/lib/libutils.a(stack_check.o) (_utee_panic)
/root/imx-optee-os/out/arm-plat-imx/export-ta_arm32/lib/libutee.a(abort.o)
                              /root/imx-optee-os/out/arm-plat-imx/export-ta_arm32/lib/libutee.a(user_ta_entry.o) (abort)
/root/imx-optee-os/out/arm-plat-imx/export-ta_arm32/lib/libutee.a(assert.o)
                              /root/imx-optee-os/out/arm-plat-imx/export-ta_arm32/lib/libutee.a(tee_api_operations.o) (_assert_log)
/root/imx-optee-os/out/arm-plat-imx/export-ta_arm32/lib/libutee.a(tee_api_arith_mpi.o)
                              /root/imx-optee-os/out/arm-plat-imx/export-ta_arm32/lib/libutee.a(user_ta_entry.o) (_TEE_MathAPI_Init)
/root/imx-optee-os/out/arm-plat-imx/export-ta_arm32/lib/libutee.a(tee_api_objects.o)
                              /root/imx-optee-os/out/arm-plat-imx/export-ta_arm32/lib/libutee.a(tee_api_operations.o) (__utee_from_attr)
/root/imx-optee-os/out/arm-plat-imx/export-ta_arm32/lib/libutee.a(tee_api_property.o)
                              /root/imx-optee-os/out/arm-plat-imx/export-ta_arm32/lib/libutee.a(user_ta_entry.o) (TEE_GetPropertyAsU32)
/root/imx-optee-os/out/arm-plat-imx/export-ta_arm32/lib/libutee.a(tcb.o)
                              /root/imx-optee-os/out/arm-plat-imx/export-ta_arm32/lib/libutee.a(user_ta_entry.o) (__utee_tcb_init)
/root/imx-optee-os/out/arm-plat-imx/export-ta_arm32/lib/libmbedtls.a(bignum.o)
                              /root/imx-optee-os/out/arm-plat-imx/export-ta_arm32/lib/libutee.a(tee_api_arith_mpi.o) (mbedtls_mpi_init_mempool)
/root/imx-optee-os/out/arm-plat-imx/export-ta_arm32/lib/libmbedtls.a(bignum_core.o)
                              /root/imx-optee-os/out/arm-plat-imx/export-ta_arm32/lib/libmbedtls.a(bignum.o) (mbedtls_mpi_core_bitlen)
/root/imx-optee-os/out/arm-plat-imx/export-ta_arm32/lib/libmbedtls.a(constant_time.o)
                              /root/imx-optee-os/out/arm-plat-imx/export-ta_arm32/lib/libmbedtls.a(bignum.o) (mbedtls_ct_zero)
/root/imx-optee-os/out/arm-plat-imx/export-ta_arm32/lib/libmbedtls.a(platform_util.o)
                              /root/imx-optee-os/out/arm-plat-imx/export-ta_arm32/lib/libmbedtls.a(bignum.o) (mbedtls_platform_zeroize)
[...]
Memory Configuration

Name             Origin             Length             Attributes
*default*        0x00000000         0xffffffff

Linker script and memory map


.text           0x00000000     0xd090
                0x00000000                        __text_start = .
 *(SORT_BY_ALIGNMENT(.text) SORT_BY_ALIGNMENT(.text.*))
 .text          0x00000000      0x3e0 ./register_ta.o
                0x0000008c                TA_CreateEntryPoint
                0x00000090                TA_DestroyEntryPoint
                0x00000092                TA_OpenSessionEntryPoint
                0x000000b0                TA_CloseSessionEntryPoint
                0x000000b8                TA_InvokeCommandEntryPoint
 .text          0x000003e0       0x64 ./user_ta_header.o
                0x000003e0                __ta_entry_c
                0x00000440                tahead_get_trace_level
 .text.__ta_entry
                0x00000444        0x4 ./ta_entry_a32.o
                0x00000444                __ta_entry
 .text          0x00000448       0x24 /root/imx-optee-os/out/arm-plat-imx/export-ta_arm32/lib/libutils.a(stack_check.o)
                0x00000448                __stack_chk_fail
 .text.__aeabi_ldivmod
                0x0000046c       0x18 /root/imx-optee-os/out/arm-plat-imx/export-ta_arm32/lib/libutils.a(arm32_aeabi_ldivmod_a32.o)
                0x0000046c                __aeabi_ldivmod
 .text.__aeabi_uldivmod
                0x00000484       0x18 /root/imx-optee-os/out/arm-plat-imx/export-ta_arm32/lib/libutils.a(arm32_aeabi_ldivmod_a32.o)
                0x00000484                __aeabi_uldivmod
 .text          0x0000049c      0x1f4 /root/imx-optee-os/out/arm-plat-imx/export-ta_arm32/lib/libutils.a(trace.o)
                0x0000049c                trace_set_level
                0x000004b8                trace_get_level
                0x000004cc                trace_vprintf
                0x00000640                trace_printf
                0x0000068c                dhex_dump
 .text          0x00000690      0x888 /root/imx-optee-os/out/arm-plat-imx/export-ta_arm32/lib/libutils.a(snprintk.o)
                0x00000690                __vsnprintf
                0x000006f4                vsnprintk
                0x00000702                snprintk
                0x00000f00                __vsprintf
 .text          0x00000f18      0x108 /root/imx-optee-os/out/arm-plat-imx/export-ta_arm32/lib/libutee.a(trace_ext.o)
                0x00000f18                trace_ext_puts
                0x00000f2c                trace_ext_get_thread_id
                0x00000f32                printf
                0x00000fa4                puts
                0x00000fc8                putchar
 .text          0x00001020      0xac4 /root/imx-optee-os/out/arm-plat-imx/export-ta_arm32/lib/libutee.a(tee_api.o)
                0x0000127c                TEE_CloseTASession
                0x00001290                TEE_GetCancellationFlag
                0x000012e0                TEE_UnmaskCancellation
                0x00001330                TEE_MaskCancellation
                0x00001380                TEE_CheckMemoryAccessRights
                0x000014e0                TEE_OpenTASession
                0x000015c0                __GP11_TEE_OpenTASession
                0x00001694                TEE_InvokeTACommand
                0x00001790                __GP11_TEE_InvokeTACommand
                0x00001880                __GP11_TEE_CheckMemoryAccessRights
                0x00001884                TEE_SetInstanceData
                0x00001890                TEE_GetInstanceData
                0x0000189c                TEE_MemMove
                0x000018a0                __GP11_TEE_MemMove
                0x000018a4                TEE_MemCompare
                0x000018a8                __GP11_TEE_MemCompare
                0x000018ac                TEE_MemFill
                0x000018b0                __GP11_TEE_MemFill
                0x000018b4                TEE_GetSystemTime
                0x000018ca                TEE_Wait
                0x000018e8                TEE_GetTAPersistentTime
                0x00001924                TEE_SetTAPersistentTime
                0x0000194c                TEE_GetREETime
                0x00001962                TEE_Malloc
                0x00001a14                __GP11_TEE_Malloc
                0x00001a18                TEE_Free
                0x00001a54                TEE_Realloc
                0x00001acc                __GP11_TEE_Realloc
                0x00001ad0                TEE_CacheClean
                0x00001ad6                TEE_CacheFlush
                0x00001adc                TEE_CacheInvalidate
 .text          0x00001ae4     0x2d68 /root/imx-optee-os/out/arm-plat-imx/export-ta_arm32/lib/libutee.a(tee_api_operations.o)
                0x00002030                TEE_FreeOperation
                0x00002054                TEE_AllocateOperation
                0x00002870                __GP11_TEE_FreeOperation
                0x00002884                TEE_GetOperationInfo
                0x000028b4                TEE_GetOperationInfoMultiple
                0x000029b8                __GP11_TEE_GetOperationInfoMultiple
                0x00002a18                TEE_ResetOperation
                0x00002a38                TEE_SetOperationKey
                0x00002b08                __GP11_TEE_SetOperationKey
                0x00002b26                TEE_SetOperationKey2
                0x00002b3c                __GP11_TEE_SetOperationKey2
                0x00002b5e                TEE_CopyOperation
                0x00002c1c                TEE_DigestUpdate
                0x00002c4c                __GP11_TEE_DigestUpdate
                0x00002c50                TEE_DigestDoFinal
                0x00002d44                __GP11_TEE_DigestDoFinal
                0x00002db0                TEE_DigestExtract
                0x00002edc                TEE_CipherInit
                0x00002f50                __GP11_TEE_CipherInit
                0x00002f54                TEE_CipherUpdate
                0x000030d0                __GP11_TEE_CipherUpdate
                0x0000313c                TEE_CipherDoFinal
                0x000032a8                __GP11_TEE_CipherDoFinal
                0x00003318                TEE_MACInit
                0x0000336e                __GP11_TEE_MACInit
                0x00003372                TEE_MACUpdate
                0x000033c0                __GP11_TEE_MACUpdate
                0x000033c4                TEE_MACComputeFinal
                0x00003478                __GP11_TEE_MACComputeFinal
                0x000034e4                TEE_MACCompareFinal
                0x00003598                __GP11_TEE_MACCompareFinal
                0x0000359c                TEE_AEInit
                0x0000360c                __GP11_TEE_AEInit
                0x00003610                TEE_AEUpdateAAD
                0x0000365c                __GP11_TEE_AEUpdateAAD
                0x000036a2                TEE_AEUpdate
                0x0000370c                __GP11_TEE_AEUpdate
                0x000037b8                TEE_AEEncryptFinal
                0x00003924                __GP11_TEE_AEEncryptFinal
                0x000039b0                TEE_AEDecryptFinal
                0x00003aec                __GP11_TEE_AEDecryptFinal
                0x00003b64                TEE_AsymmetricEncrypt
                0x00003c74                __GP11_TEE_AsymmetricEncrypt
                0x00003d64                TEE_AsymmetricDecrypt
                0x00003e74                __GP11_TEE_AsymmetricDecrypt
                0x00003f68                TEE_AsymmetricSignDigest
                0x00004054                __GP11_TEE_AsymmetricSignDigest
                0x00004140                TEE_AsymmetricVerifyDigest
                0x0000421c                __GP11_TEE_AsymmetricVerifyDigest
                0x000042f8                TEE_DeriveKey
                0x000043f0                __GP11_TEE_DeriveKey
                0x000044e8                TEE_GenerateRandom
                0x000044fa                __GP11_TEE_GenerateRandom
                0x000044fe                rand
                0x00004548                TEE_IsAlgorithmSupported
 .text          0x0000484c       0xc0 /root/imx-optee-os/out/arm-plat-imx/export-ta_arm32/lib/libutee.a(tee_api_panic.o)
                0x0000486c                TEE_Panic
                0x00004876                __utee_check_outbuf_annotation
                0x000048a4                __utee_check_gp11_outbuf_annotation
                0x000048a6                __utee_check_instring_annotation
                0x000048c2                __utee_check_outstring_annotation
                0x000048c4                __utee_check_gp11_outstring_annotation
                0x000048c6                __utee_check_out_annotation
                0x000048dc                __utee_check_attr_in_annotation
                0x000048f4                __utee_check_gp11_attr_in_annotation
                0x000048f6                __utee_check_inout_annotation
 .text          0x0000490c      0x1f8 /root/imx-optee-os/out/arm-plat-imx/export-ta_arm32/lib/libutee.a(tee_system_pta.o)
                0x0000495c                tee_map_zi
                0x000049c8                tee_unmap
                0x00004a48                tee_invoke_supp_plugin
 .text          0x00004b04      0x580 /root/imx-optee-os/out/arm-plat-imx/export-ta_arm32/lib/libutee.a(user_ta_entry.o)
                0x00004cf0                __utee_call_elf_init_fn
                0x00004ddc                __utee_call_elf_fini_fn
                0x00004e58                __utee_entry
 .text          0x00005084        0x0 /root/imx-optee-os/out/arm-plat-imx/export-ta_arm32/lib/libutee.a(utee_syscalls_a32.o)
 .text._utee_panic
                0x00005084       0x14 /root/imx-optee-os/out/arm-plat-imx/export-ta_arm32/lib/libutee.a(utee_syscalls_a32.o)
                0x00005084                _utee_panic
 .text._utee_return
                0x00005098       0x14 /root/imx-optee-os/out/arm-plat-imx/export-ta_arm32/lib/libutee.a(utee_syscalls_a32.o)
                0x00005098                _utee_return
 .text._utee_log
                0x000050ac       0x14 /root/imx-optee-os/out/arm-plat-imx/export-ta_arm32/lib/libutee.a(utee_syscalls_a32.o)
                0x000050ac                _utee_log
 .text.__utee_panic
                0x000050c0       0x14 /root/imx-optee-os/out/arm-plat-imx/export-ta_arm32/lib/libutee.a(utee_syscalls_a32.o)
                0x000050c0                __utee_panic
 .text._utee_get_property
                0x000050d4       0x18 /root/imx-optee-os/out/arm-plat-imx/export-ta_arm32/lib/libutee.a(utee_syscalls_a32.o)
                0x000050d4                _utee_get_property
 .text._utee_get_property_name_to_index
                0x000050ec       0x14 /root/imx-optee-os/out/arm-plat-imx/export-ta_arm32/lib/libutee.a(utee_syscalls_a32.o)
                0x000050ec                _utee_get_property_name_to_index
 .text._utee_open_ta_session
                0x00005100       0x18 /root/imx-optee-os/out/arm-plat-imx/export-ta_arm32/lib/libutee.a(utee_syscalls_a32.o)
                0x00005100                _utee_open_ta_session
 .text._utee_close_ta_session
                0x00005118       0x14 /root/imx-optee-os/out/arm-plat-imx/export-ta_arm32/lib/libutee.a(utee_syscalls_a32.o)
                0x00005118                _utee_close_ta_session
 .text._utee_invoke_ta_command
                0x0000512c       0x18 /root/imx-optee-os/out/arm-plat-imx/export-ta_arm32/lib/libutee.a(utee_syscalls_a32.o)
                0x0000512c                _utee_invoke_ta_command
 .text._utee_get_cancellation_flag
                0x00005144       0x14 /root/imx-optee-os/out/arm-plat-imx/export-ta_arm32/lib/libutee.a(utee_syscalls_a32.o)
                0x00005144                _utee_get_cancellation_flag
 .text._utee_check_access_rights
                0x00005158       0x14 /root/imx-optee-os/out/arm-plat-imx/export-ta_arm32/lib/libutee.a(utee_syscalls_a32.o)
                0x00005158                _utee_check_access_rights
 .text._utee_unmask_cancellation
                0x0000516c       0x14 /root/imx-optee-os/out/arm-plat-imx/export-ta_arm32/lib/libutee.a(utee_syscalls_a32.o)
                0x0000516c                _utee_unmask_cancellation
 .text._utee_mask_cancellation
                0x00005180       0x14 /root/imx-optee-os/out/arm-plat-imx/export-ta_arm32/lib/libutee.a(utee_syscalls_a32.o)
                0x00005180                _utee_mask_cancellation
 .text._utee_wait
                0x00005194       0x14 /root/imx-optee-os/out/arm-plat-imx/export-ta_arm32/lib/libutee.a(utee_syscalls_a32.o)
                0x00005194                _utee_wait
 .text._utee_get_time
                0x000051a8       0x14 /root/imx-optee-os/out/arm-plat-imx/export-ta_arm32/lib/libutee.a(utee_syscalls_a32.o)
                0x000051a8                _utee_get_time
 .text._utee_set_ta_time
                0x000051bc       0x14 /root/imx-optee-os/out/arm-plat-imx/export-ta_arm32/lib/libutee.a(utee_syscalls_a32.o)
                0x000051bc                _utee_set_ta_time
 .text._utee_cryp_state_alloc
                0x000051d0       0x18 /root/imx-optee-os/out/arm-plat-imx/export-ta_arm32/lib/libutee.a(utee_syscalls_a32.o)
                0x000051d0                _utee_cryp_state_alloc
 .text._utee_cryp_state_copy
                0x000051e8       0x14 /root/imx-optee-os/out/arm-plat-imx/export-ta_arm32/lib/libutee.a(utee_syscalls_a32.o)
                0x000051e8                _utee_cryp_state_copy
 .text._utee_cryp_state_free
                0x000051fc       0x14 /root/imx-optee-os/out/arm-plat-imx/export-ta_arm32/lib/libutee.a(utee_syscalls_a32.o)
                0x000051fc                _utee_cryp_state_free
 .text._utee_hash_init
                0x00005210       0x14 /root/imx-optee-os/out/arm-plat-imx/export-ta_arm32/lib/libutee.a(utee_syscalls_a32.o)
                0x00005210                _utee_hash_init
 .text._utee_hash_update
                0x00005224       0x14 /root/imx-optee-os/out/arm-plat-imx/export-ta_arm32/lib/libutee.a(utee_syscalls_a32.o)
                0x00005224                _utee_hash_update
 .text._utee_hash_final
                0x00005238       0x18 /root/imx-optee-os/out/arm-plat-imx/export-ta_arm32/lib/libutee.a(utee_syscalls_a32.o)
                0x00005238                _utee_hash_final
 .text._utee_cipher_init
                0x00005250       0x14 /root/imx-optee-os/out/arm-plat-imx/export-ta_arm32/lib/libutee.a(utee_syscalls_a32.o)
                0x00005250                _utee_cipher_init
 .text._utee_cipher_update
                0x00005264       0x18 /root/imx-optee-os/out/arm-plat-imx/export-ta_arm32/lib/libutee.a(utee_syscalls_a32.o)
                0x00005264                _utee_cipher_update
 .text._utee_cipher_final
                0x0000527c       0x18 /root/imx-optee-os/out/arm-plat-imx/export-ta_arm32/lib/libutee.a(utee_syscalls_a32.o)
                0x0000527c                _utee_cipher_final
 .text._utee_cryp_obj_get_info
                0x00005294       0x14 /root/imx-optee-os/out/arm-plat-imx/export-ta_arm32/lib/libutee.a(utee_syscalls_a32.o)
                0x00005294                _utee_cryp_obj_get_info
 .text._utee_cryp_obj_restrict_usage
                0x000052a8       0x14 /root/imx-optee-os/out/arm-plat-imx/export-ta_arm32/lib/libutee.a(utee_syscalls_a32.o)
                0x000052a8                _utee_cryp_obj_restrict_usage
 .text._utee_cryp_obj_get_attr
                0x000052bc       0x14 /root/imx-optee-os/out/arm-plat-imx/export-ta_arm32/lib/libutee.a(utee_syscalls_a32.o)
                0x000052bc                _utee_cryp_obj_get_attr
 .text._utee_cryp_obj_alloc
                0x000052d0       0x14 /root/imx-optee-os/out/arm-plat-imx/export-ta_arm32/lib/libutee.a(utee_syscalls_a32.o)
                0x000052d0                _utee_cryp_obj_alloc
 .text._utee_cryp_obj_close
                0x000052e4       0x14 /root/imx-optee-os/out/arm-plat-imx/export-ta_arm32/lib/libutee.a(utee_syscalls_a32.o)
                0x000052e4                _utee_cryp_obj_close
 .text._utee_cryp_obj_reset
                0x000052f8       0x14 /root/imx-optee-os/out/arm-plat-imx/export-ta_arm32/lib/libutee.a(utee_syscalls_a32.o)
                0x000052f8                _utee_cryp_obj_reset
 .text._utee_cryp_obj_populate
                0x0000530c       0x14 /root/imx-optee-os/out/arm-plat-imx/export-ta_arm32/lib/libutee.a(utee_syscalls_a32.o)
                0x0000530c                _utee_cryp_obj_populate
 .text._utee_cryp_obj_copy
                0x00005320       0x14 /root/imx-optee-os/out/arm-plat-imx/export-ta_arm32/lib/libutee.a(utee_syscalls_a32.o)
                0x00005320                _utee_cryp_obj_copy
 .text._utee_cryp_derive_key
                0x00005334       0x14 /root/imx-optee-os/out/arm-plat-imx/export-ta_arm32/lib/libutee.a(utee_syscalls_a32.o)
                0x00005334                _utee_cryp_derive_key
 .text._utee_cryp_random_number_generate
                0x00005348       0x14 /root/imx-optee-os/out/arm-plat-imx/export-ta_arm32/lib/libutee.a(utee_syscalls_a32.o)
                0x00005348                _utee_cryp_random_number_generate
 .text._utee_authenc_init
                0x0000535c       0x18 /root/imx-optee-os/out/arm-plat-imx/export-ta_arm32/lib/libutee.a(utee_syscalls_a32.o)
                0x0000535c                _utee_authenc_init
 .text._utee_authenc_update_aad
                0x00005374       0x14 /root/imx-optee-os/out/arm-plat-imx/export-ta_arm32/lib/libutee.a(utee_syscalls_a32.o)
                0x00005374                _utee_authenc_update_aad
 .text._utee_authenc_update_payload
                0x00005388       0x18 /root/imx-optee-os/out/arm-plat-imx/export-ta_arm32/lib/libutee.a(utee_syscalls_a32.o)
                0x00005388                _utee_authenc_update_payload
 .text._utee_authenc_enc_final
                0x000053a0       0x18 /root/imx-optee-os/out/arm-plat-imx/export-ta_arm32/lib/libutee.a(utee_syscalls_a32.o)
                0x000053a0                _utee_authenc_enc_final
 .text._utee_authenc_dec_final
                0x000053b8       0x18 /root/imx-optee-os/out/arm-plat-imx/export-ta_arm32/lib/libutee.a(utee_syscalls_a32.o)
                0x000053b8                _utee_authenc_dec_final
 .text._utee_asymm_operate
                0x000053d0       0x18 /root/imx-optee-os/out/arm-plat-imx/export-ta_arm32/lib/libutee.a(utee_syscalls_a32.o)
                0x000053d0                _utee_asymm_operate
 .text._utee_asymm_verify
                0x000053e8       0x18 /root/imx-optee-os/out/arm-plat-imx/export-ta_arm32/lib/libutee.a(utee_syscalls_a32.o)
                0x000053e8                _utee_asymm_verify
 .text._utee_storage_obj_open
                0x00005400       0x18 /root/imx-optee-os/out/arm-plat-imx/export-ta_arm32/lib/libutee.a(utee_syscalls_a32.o)
                0x00005400                _utee_storage_obj_open
 .text._utee_storage_obj_create
                0x00005418       0x18 /root/imx-optee-os/out/arm-plat-imx/export-ta_arm32/lib/libutee.a(utee_syscalls_a32.o)
                0x00005418                _utee_storage_obj_create
 .text._utee_storage_obj_del
                0x00005430       0x14 /root/imx-optee-os/out/arm-plat-imx/export-ta_arm32/lib/libutee.a(utee_syscalls_a32.o)
                0x00005430                _utee_storage_obj_del
 .text._utee_storage_obj_rename
                0x00005444       0x14 /root/imx-optee-os/out/arm-plat-imx/export-ta_arm32/lib/libutee.a(utee_syscalls_a32.o)
                0x00005444                _utee_storage_obj_rename
 .text._utee_storage_alloc_enum
                0x00005458       0x14 /root/imx-optee-os/out/arm-plat-imx/export-ta_arm32/lib/libutee.a(utee_syscalls_a32.o)
                0x00005458                _utee_storage_alloc_enum
 .text._utee_storage_free_enum
                0x0000546c       0x14 /root/imx-optee-os/out/arm-plat-imx/export-ta_arm32/lib/libutee.a(utee_syscalls_a32.o)
                0x0000546c                _utee_storage_free_enum
 .text._utee_storage_reset_enum
                0x00005480       0x14 /root/imx-optee-os/out/arm-plat-imx/export-ta_arm32/lib/libutee.a(utee_syscalls_a32.o)
                0x00005480                _utee_storage_reset_enum
 .text._utee_storage_start_enum
                0x00005494       0x14 /root/imx-optee-os/out/arm-plat-imx/export-ta_arm32/lib/libutee.a(utee_syscalls_a32.o)
                0x00005494                _utee_storage_start_enum
 .text._utee_storage_next_enum
                0x000054a8       0x14 /root/imx-optee-os/out/arm-plat-imx/export-ta_arm32/lib/libutee.a(utee_syscalls_a32.o)
                0x000054a8                _utee_storage_next_enum
 .text._utee_storage_obj_read
                0x000054bc       0x14 /root/imx-optee-os/out/arm-plat-imx/export-ta_arm32/lib/libutee.a(utee_syscalls_a32.o)
                0x000054bc                _utee_storage_obj_read
 .text._utee_storage_obj_write
                0x000054d0       0x14 /root/imx-optee-os/out/arm-plat-imx/export-ta_arm32/lib/libutee.a(utee_syscalls_a32.o)
                0x000054d0                _utee_storage_obj_write
 .text._utee_storage_obj_trunc
                0x000054e4       0x14 /root/imx-optee-os/out/arm-plat-imx/export-ta_arm32/lib/libutee.a(utee_syscalls_a32.o)
                0x000054e4                _utee_storage_obj_trunc
 .text._utee_storage_obj_seek
                0x000054f8       0x14 /root/imx-optee-os/out/arm-plat-imx/export-ta_arm32/lib/libutee.a(utee_syscalls_a32.o)
                0x000054f8                _utee_storage_obj_seek
 .text._utee_cryp_obj_generate_key
                0x0000550c       0x14 /root/imx-optee-os/out/arm-plat-imx/export-ta_arm32/lib/libutee.a(utee_syscalls_a32.o)
                0x0000550c                _utee_cryp_obj_generate_key
 .text._utee_cache_operation
                0x00005520       0x14 /root/imx-optee-os/out/arm-plat-imx/export-ta_arm32/lib/libutee.a(utee_syscalls_a32.o)
                0x00005520                _utee_cache_operation
 .text.unlikely
                0x00005534       0x18 /root/imx-optee-os/out/arm-plat-imx/export-ta_arm32/lib/libutee.a(abort.o)
                0x00005534                abort
 .text          0x0000554c       0x38 /root/imx-optee-os/out/arm-plat-imx/export-ta_arm32/lib/libutee.a(assert.o)
                0x0000554c                _assert_log
                0x00005574                _assert_break
 .text          0x00005584     0x18e4 /root/imx-optee-os/out/arm-plat-imx/export-ta_arm32/lib/libutee.a(tee_api_arith_mpi.o)
                0x00005bf4                _TEE_MathAPI_Init
                0x00005c38                TEE_BigIntInit
                0x00005c70                __GP11_TEE_BigIntInit
                0x00005c74                TEE_BigIntConvertFromOctetString
                0x00005d00                __GP11_TEE_BigIntConvertFromOctetString
                0x00005d04                TEE_BigIntConvertToOctetString
                0x00005d90                __GP11_TEE_BigIntConvertToOctetString
                0x00005ddc                TEE_BigIntConvertFromS32
                0x00005e60                TEE_BigIntConvertToS32
                0x00005ef4                TEE_BigIntCmp
                0x00005f60                TEE_BigIntCmpS32
                0x00006104                TEE_BigIntShiftRight
                0x00006250                __GP11_TEE_BigIntShiftRight
                0x00006254                TEE_BigIntGetBit
                0x000062b0                TEE_BigIntGetBitCount
                0x00006304                TEE_BigIntSetBit
                0x00006380                TEE_BigIntAssign
                0x000063ac                TEE_BigIntAbs
                0x000063bc                TEE_BigIntAdd
                0x000063dc                TEE_BigIntSub
                0x000063fc                TEE_BigIntNeg
                0x000064a8                TEE_BigIntMul
                0x00006584                TEE_BigIntSquare
                0x0000658a                TEE_BigIntDiv
                0x000066b0                TEE_BigIntMod
                0x00006700                TEE_BigIntAddMod
                0x0000671c                TEE_BigIntSubMod
                0x00006738                TEE_BigIntMulMod
                0x00006754                TEE_BigIntSquareMod
                0x0000675c                TEE_BigIntInvMod
                0x00006854                TEE_BigIntRelativePrime
                0x00006904                TEE_BigIntExpMod
                0x00006a54                TEE_BigIntComputeExtendedGcd
                0x00006c3c                TEE_BigIntIsProbablePrime
                0x00006cac                TEE_BigIntInitFMM
                0x00006cb0                __GP11_TEE_BigIntInitFMM
                0x00006cb4                TEE_BigIntInitFMMContext
                0x00006cb6                __GP11_TEE_BigIntInitFMMContext
                0x00006cba                TEE_BigIntInitFMMContext1
                0x00006cbe                TEE_BigIntFMMSizeInU32
                0x00006cc6                __GP11_TEE_BigIntFMMSizeInU32
                0x00006cca                TEE_BigIntFMMContextSizeInU32
                0x00006cce                __GP11_TEE_BigIntFMMContextSizeInU32
                0x00006cd2                TEE_BigIntConvertToFMM
                0x00006cd6                TEE_BigIntConvertFromFMM
                0x00006d74                TEE_BigIntComputeFMM
 .text          0x00006e68     0x11b0 /root/imx-optee-os/out/arm-plat-imx/export-ta_arm32/lib/libutee.a(tee_api_objects.o)
                0x00006e68                __utee_from_attr
                0x00006e92                __utee_from_gp11_attr
                0x00006ebc                TEE_GetObjectInfo
                0x00006f48                __GP11_TEE_GetObjectInfo
                0x00006fd4                TEE_GetObjectInfo1
                0x0000705c                __GP11_TEE_GetObjectInfo1
                0x000070e4                TEE_RestrictObjectUsage1
                0x00007104                TEE_RestrictObjectUsage
                0x00007170                TEE_GetObjectBufferAttribute
                0x00007230                __GP11_TEE_GetObjectBufferAttribute
                0x00007294                TEE_GetObjectValueAttribute
                0x00007370                TEE_CloseObject
                0x00007384                __GP11_TEE_AllocateTransientObject
                0x000073f8                TEE_AllocateTransientObject
                0x00007410                TEE_FreeTransientObject
                0x00007480                TEE_ResetTransientObject
                0x000074f0                TEE_PopulateTransientObject
                0x000075a8                __GP11_TEE_PopulateTransientObject
                0x00007660                TEE_InitRefAttribute
                0x00007682                __GP11_TEE_InitRefAttribute
                0x000076a4                TEE_InitValueAttribute
                0x000076c6                __GP11_TEE_InitValueAttribute
                0x000076e8                TEE_CopyObjectAttributes1
                0x000077a0                TEE_CopyObjectAttributes
                0x0000780c                TEE_GenerateKey
                0x00007894                __GP11_TEE_GenerateKey
                0x0000791c                TEE_OpenPersistentObject
                0x000079c0                __GP11_TEE_OpenPersistentObject
                0x000079c4                TEE_CreatePersistentObject
                0x00007a98                __GP11_TEE_CreatePersistentObject
                0x00007ad6                TEE_CloseAndDeletePersistentObject1
                0x00007afc                TEE_CloseAndDeletePersistentObject
                0x00007b12                TEE_RenamePersistentObject
                0x00007b4c                __GP11_TEE_RenamePersistentObject
                0x00007b50                TEE_AllocatePersistentObjectEnumerator
                0x00007bb8                TEE_FreePersistentObjectEnumerator
                0x00007bcc                TEE_ResetPersistentObjectEnumerator
                0x00007be0                TEE_StartPersistentObjectEnumerator
                0x00007c0c                TEE_GetNextPersistentObject
                0x00007ce4                __GP11_TEE_GetNextPersistentObject
                0x00007dbc                TEE_ReadObjectData
                0x00007e48                __GP11_TEE_ReadObjectData
                0x00007eac                TEE_WriteObjectData
                0x00007eec                __GP11_TEE_WriteObjectData
                0x00007ef0                TEE_TruncateObjectData
                0x00007f28                __GP11_TEE_TruncateObjectData
                0x00007f2c                TEE_SeekObjectData
                0x00008004                __GP11_TEE_SeekObjectData
 .text          0x00008018      0xa10 /root/imx-optee-os/out/arm-plat-imx/export-ta_arm32/lib/libutee.a(tee_api_property.o)
                0x00008274                TEE_GetPropertyAsString
                0x00008404                __GP11_TEE_GetPropertyAsString
                0x00008468                TEE_GetPropertyAsBool
                0x000084fc                TEE_GetPropertyAsU32
                0x00008594                TEE_GetPropertyAsU64
                0x0000862c                __GP11_TEE_GetPropertyAsBinaryBlock
                0x000086c8                TEE_GetPropertyAsBinaryBlock
                0x0000872c                TEE_GetPropertyAsUUID
                0x000087c4                TEE_GetPropertyAsIdentity
                0x0000885c                TEE_ResetPropertyEnumerator
                0x00008864                TEE_AllocatePropertyEnumerator
                0x0000888c                TEE_FreePropertyEnumerator
                0x00008890                TEE_StartPropertyEnumerator
                0x0000889a                __GP11_TEE_GetPropertyName
                0x00008950                TEE_GetPropertyName
                0x000089b0                TEE_GetNextProperty
 .text          0x00008a28      0x254 /root/imx-optee-os/out/arm-plat-imx/export-ta_arm32/lib/libutee.a(tcb.o)
                0x00008a28                __utee_tcb_init
                0x00008bbc                __tls_get_addr
                0x00008bd4                dl_iterate_phdr
 .text          0x00008c7c     0x22f4 /root/imx-optee-os/out/arm-plat-imx/export-ta_arm32/lib/libmbedtls.a(bignum.o)
                0x00008cc4                mbedtls_mpi_lt_mpi_ct
                0x00008d68                mbedtls_mpi_init
                0x00008d74                mbedtls_mpi_init_mempool
                0x00008d98                mbedtls_mpi_free
                0x00008dd8                mbedtls_mpi_grow
                0x00008e70                mbedtls_mpi_safe_cond_assign
                0x00008ec2                mbedtls_mpi_safe_cond_swap
                0x00008f5a                mbedtls_mpi_shrink
                0x0000900c                mbedtls_mpi_copy
                0x00009078                mbedtls_mpi_swap
                0x000090d4                mbedtls_mpi_lset
                0x0000910c                mbedtls_mpi_get_bit
                0x0000912c                mbedtls_mpi_set_bit
                0x0000917a                mbedtls_mpi_lsb
                0x000091a0                mbedtls_mpi_bitlen
                0x000091a8                mbedtls_mpi_size
                0x000091b4                mbedtls_mpi_read_binary_le
                0x000091e0                mbedtls_mpi_read_binary
                0x0000920c                mbedtls_mpi_write_binary_le
                0x00009218                mbedtls_mpi_write_binary
                0x00009224                mbedtls_mpi_shift_l
                0x0000925e                mbedtls_mpi_shift_r
                0x00009270                mbedtls_mpi_cmp_abs
                0x000092ce                mbedtls_mpi_cmp_mpi
                0x00009358                mbedtls_mpi_cmp_int
                0x000093bc                mbedtls_mpi_add_abs
                0x00009452                mbedtls_mpi_sub_abs
                0x00009550                mbedtls_mpi_add_mpi
                0x00009554                mbedtls_mpi_sub_mpi
                0x0000955a                mbedtls_mpi_add_int
                0x000095c0                mbedtls_mpi_sub_int
                0x00009624                mbedtls_mpi_mul_mpi
                0x00009734                mbedtls_mpi_mul_int
                0x00009796                mbedtls_mpi_read_string
                0x00009910                mbedtls_mpi_div_mpi
                0x00009c9a                mbedtls_mpi_div_int
                0x00009d00                mbedtls_mpi_mod_mpi
                0x00009f88                mbedtls_mpi_mod_int
                0x0000a000                mbedtls_mpi_write_string
                0x0000a224                mbedtls_mpi_montg_init
                0x0000a232                mbedtls_mpi_montmul
                0x0000a256                mbedtls_mpi_montred
                0x0000a2ac                mbedtls_mpi_exp_mod
                0x0000a2be                mbedtls_mpi_exp_mod_unsafe
                0x0000a2d2                mbedtls_mpi_gcd
                0x0000a408                mbedtls_mpi_fill_random
                0x0000a600                mbedtls_mpi_random
                0x0000a63e                mbedtls_mpi_inv_mod
                0x0000a95c                mbedtls_mpi_is_prime_ext
                0x0000a9f8                mbedtls_mpi_gen_prime
                0x0000ac3c                mbedtls_mpi_self_test
 .text          0x0000af70      0xb04 /root/imx-optee-os/out/arm-plat-imx/export-ta_arm32/lib/libmbedtls.a(bignum_core.o)
                0x0000afcc                mbedtls_mpi_core_clz
                0x0000afd2                mbedtls_mpi_core_bitlen
                0x0000aff6                mbedtls_mpi_core_bigendian_to_host
                0x0000b01c                mbedtls_mpi_core_uint_le_mpi
                0x0000b058                mbedtls_mpi_core_lt_ct
                0x0000b0a8                mbedtls_mpi_core_cond_assign
                0x0000b0e4                mbedtls_mpi_core_cond_swap
                0x0000b134                mbedtls_mpi_core_read_le
                0x0000b17e                mbedtls_mpi_core_read_be
                0x0000b1c8                mbedtls_mpi_core_write_le
                0x0000b22c                mbedtls_mpi_core_write_be
                0x0000b290                mbedtls_mpi_core_shift_r
                0x0000b300                mbedtls_mpi_core_shift_l
                0x0000b36c                mbedtls_mpi_core_add
                0x0000b398                mbedtls_mpi_core_add_if
                0x0000b3d2                mbedtls_mpi_core_sub
                0x0000b40e                mbedtls_mpi_core_mla
                0x0000b58e                mbedtls_mpi_core_mul
                0x0000b5d0                mbedtls_mpi_core_montmul_init
                0x0000b5f8                mbedtls_mpi_core_montmul
                0x0000b848                mbedtls_mpi_core_get_mont_r2_unsafe
                0x0000b87c                mbedtls_mpi_core_fill_random
                0x0000b8da                mbedtls_mpi_core_random
                0x0000b974                mbedtls_mpi_core_exp_mod_working_limbs
                0x0000b98a                mbedtls_mpi_core_exp_mod
                0x0000b9aa                mbedtls_mpi_core_exp_mod_unsafe
                0x0000b9cc                mbedtls_mpi_core_sub_int
                0x0000b9f4                mbedtls_mpi_core_check_zero_ct
                0x0000ba0c                mbedtls_mpi_core_to_mont_rep
                0x0000ba22                mbedtls_mpi_core_from_mont_rep
 .text          0x0000ba74      0x1d4 /root/imx-optee-os/out/arm-plat-imx/export-ta_arm32/lib/libmbedtls.a(constant_time.o)
                0x0000bad0                mbedtls_ct_memcmp
                0x0000baea                mbedtls_ct_memcmp_partial
                0x0000bb38                mbedtls_ct_memmove_left
                0x0000bba4                mbedtls_ct_memcpy_if
                0x0000bbe0                mbedtls_ct_memcpy_offset
                0x0000bc34                mbedtls_ct_zeroize_if
 .text          0x0000bc48       0x2c /root/imx-optee-os/out/arm-plat-imx/export-ta_arm32/lib/libmbedtls.a(platform_util.o)
                0x0000bc48                mbedtls_platform_zeroize
                0x0000bc60                mbedtls_zeroize_and_free
 .text          0x0000bc74      0xc14 /root/imx-optee-os/out/arm-plat-imx/export-ta_arm32/lib/libutils.a(bget_malloc.o)
                0x0000bcc0                bget
                0x0000bed8                bgetz
                0x0000bf34                brel
                0x0000c11c                bgetr
                0x0000c19c                bpool
                0x0000c234                bget_main_test
                0x0000c458                raw_malloc_flags
                0x0000c51a                raw_memalign
                0x0000c538                raw_malloc
                0x0000c556                raw_free
                0x0000c55e                raw_calloc
                0x0000c57c                raw_realloc
                0x0000c59a                free_flags
                0x0000c5b0                malloc
                0x0000c5d8                malloc_flags
                0x0000c5fc                calloc
                0x0000c624                realloc
                0x0000c64c                memalign
                0x0000c674                aligned_alloc
                0x0000c6ac                free
                0x0000c6b4                free_wipe
                0x0000c6bc                raw_malloc_get_ctx_size
                0x0000c6c0                raw_malloc_init_ctx
                0x0000c6d2                raw_malloc_add_pool
                0x0000c758                raw_malloc_buffer_overlaps_heap
                0x0000c7a8                raw_malloc_buffer_is_within_alloced
                0x0000c84c                malloc_add_pool
                0x0000c860                malloc_buffer_is_within_alloced
                0x0000c874                malloc_buffer_overlaps_heap
 .text          0x0000c888       0x64 /root/imx-optee-os/out/arm-plat-imx/export-ta_arm32/lib/libutils.a(snprintf.o)
                0x0000c888                snprintf
                0x0000c8dc                vsnprintf
 .text          0x0000c8ec       0xdc /root/imx-optee-os/out/arm-plat-imx/export-ta_arm32/lib/libutils.a(memcpy.o)
                0x0000c8ec                memcpy
 .text          0x0000c9c8      0x1a4 /root/imx-optee-os/out/arm-plat-imx/export-ta_arm32/lib/libutils.a(arm32_aeabi_divmod.o)
                0x0000ca14                __aeabi_uidiv
                0x0000ca6c                __aeabi_uidivmod
                0x0000ca96                __aeabi_idiv
                0x0000cb18                __aeabi_idivmod
 .text          0x0000cb6c       0xf0 /root/imx-optee-os/out/arm-plat-imx/export-ta_arm32/lib/libutils.a(mempool.o)
                0x0000cb6c                mempool_alloc_pool
                0x0000cbec                mempool_alloc
                0x0000cc28                mempool_calloc
                0x0000cc4c                mempool_free
 .text          0x0000cc5c      0x190 /root/imx-optee-os/out/arm-plat-imx/export-ta_arm32/lib/libutils.a(base64.o)
                0x0000cc5c                base64_enc_len
                0x0000cc70                base64_enc
                0x0000cd34                base64_dec
 .text.ret_idivmod_values
                0x0000cdec        0x4 /root/imx-optee-os/out/arm-plat-imx/export-ta_arm32/lib/libutils.a(arm32_aeabi_divmod_a32.o)
                0x0000cdec                ret_idivmod_values
 .text.ret_uidivmod_values
                0x0000cdf0        0x4 /root/imx-optee-os/out/arm-plat-imx/export-ta_arm32/lib/libutils.a(arm32_aeabi_divmod_a32.o)
                0x0000cdf0                ret_uidivmod_values
 .text          0x0000cdf4      0x14c /root/imx-optee-os/out/arm-plat-imx/export-ta_arm32/lib/libutils.a(arm32_aeabi_ldivmod.o)
                0x0000cdf4                __ul_divmod
                0x0000ce62                __l_divmod
 .text          0x0000cf40        0x6 /root/imx-optee-os/out/arm-plat-imx/export-ta_arm32/lib/libutils.a(aeabi_unwind.o)
                0x0000cf40                __aeabi_unwind_cpp_pr0
                0x0000cf42                __aeabi_unwind_cpp_pr1
                0x0000cf44                __aeabi_unwind_cpp_pr2
 .text          0x0000cf46       0x1c /root/imx-optee-os/out/arm-plat-imx/export-ta_arm32/lib/libutils.a(memchr.o)
                0x0000cf46                memchr
 .text          0x0000cf62       0x10 /root/imx-optee-os/out/arm-plat-imx/export-ta_arm32/lib/libutils.a(strlen.o)
                0x0000cf62                strlen
 .text          0x0000cf72       0x32 /root/imx-optee-os/out/arm-plat-imx/export-ta_arm32/lib/libutils.a(memmove.o)
                0x0000cf72                memmove
 .text          0x0000cfa4       0x10 /root/imx-optee-os/out/arm-plat-imx/export-ta_arm32/lib/libutils.a(memset.o)
                0x0000cfa4                memset
 .text          0x0000cfb4       0x16 /root/imx-optee-os/out/arm-plat-imx/export-ta_arm32/lib/libutils.a(strcmp.o)
                0x0000cfb4                strcmp
 .text          0x0000cfca       0x2a /root/imx-optee-os/out/arm-plat-imx/export-ta_arm32/lib/libutils.a(strlcpy.o)
                0x0000cfca                strlcpy
 .text          0x0000cff4       0x48 /root/imx-optee-os/out/arm-plat-imx/export-ta_arm32/lib/libutils.a(consttime_memcmp.o)
                0x0000cff4                consttime_memcmp
 .text          0x0000d03c        0x0 ./ta_entry_a32.o
 .text          0x0000d03c        0x0 /root/imx-optee-os/out/arm-plat-imx/export-ta_arm32/lib/libutils.a(arm32_aeabi_ldivmod_a32.o)
 .text          0x0000d03c        0x0 /root/imx-optee-os/out/arm-plat-imx/export-ta_arm32/lib/libutee.a(abort.o)
 .text          0x0000d03c        0x0 /root/imx-optee-os/out/arm-plat-imx/export-ta_arm32/lib/libutils.a(arm32_aeabi_divmod_a32.o)
 *fill*         0x0000d03c        0x4 
 .text.__stub   0x0000d040       0x50 linker stubs
 *(SORT_BY_ALIGNMENT(.stub))
 *(SORT_BY_ALIGNMENT(.glue_7))
 .glue_7        0x0000d090        0x0 linker stubs
 *(SORT_BY_ALIGNMENT(.glue_7t))
 .glue_7t       0x0000d090        0x0 linker stubs
 *(SORT_BY_ALIGNMENT(.gnu.linkonce.t.*))
 *(SORT_BY_ALIGNMENT(.vfp11_veneer))
 .vfp11_veneer  0x0000d090        0x0 linker stubs
                0x0000d090                        __text_end = .

.v4_bx          0x0000d090        0x0
 .v4_bx         0x0000d090        0x0 linker stubs

.iplt           0x0000d090        0x0
 .iplt          0x0000d090        0x0 ./register_ta.o

.note.gnu.property
 *(SORT_BY_ALIGNMENT(.note.gnu.property))

.plt            0x0000d090        0x0
 *(SORT_BY_ALIGNMENT(.plt))
 .plt           0x0000d090        0x0 ./register_ta.o

.eh_frame_hdr
 *(SORT_BY_ALIGNMENT(.eh_frame_hdr))
 *(SORT_BY_ALIGNMENT(.eh_frame_entry) SORT_BY_ALIGNMENT(.eh_frame_entry.*))

.eh_frame
 *(SORT_BY_ALIGNMENT(.eh_frame))
 *(SORT_BY_ALIGNMENT(.eh_frame.*))

.gcc_except_table
 *(SORT_BY_ALIGNMENT(.gcc_except_table) SORT_BY_ALIGNMENT(.gcc_except_table.*))

.rodata         0x0000d090     0x1082
 *(SORT_BY_ALIGNMENT(.gnu.linkonce.r.*))
 *(SORT_BY_ALIGNMENT(.rodata) SORT_BY_ALIGNMENT(.rodata.*))
 .rodata./root/imx-optee-os/out/arm-plat-imx/export-ta_arm32/src/user_ta_header.c
                0x0000d090       0x23 ./user_ta_header.o
                0x0000d090                ta_num_props
                0x0000d0a8                __ta_no_share_heap_size
                0x0000d0ac                ta_heap_size
                0x0000d0b0                trace_ext_prefix
 *fill*         0x0000d0b3        0x1 
 .rodata.lib/libutee/tee_api.c
                0x0000d0b4       0x10 /root/imx-optee-os/out/arm-plat-imx/export-ta_arm32/lib/libutee.a(tee_api.o)
 .rodata.lib/libutee/tee_system_pta.c
                0x0000d0c4       0x31 /root/imx-optee-os/out/arm-plat-imx/export-ta_arm32/lib/libutee.a(tee_system_pta.o)
 *fill*         0x0000d0f5        0x3 
 .rodata.lib/libutee/tee_api_property.c
                0x0000d0f8       0x10 /root/imx-optee-os/out/arm-plat-imx/export-ta_arm32/lib/libutee.a(tee_api_property.o)
 .rodata.lib/libmbedtls/mbedtls/library/bignum.c
                0x0000d108       0xcc /root/imx-optee-os/out/arm-plat-imx/export-ta_arm32/lib/libmbedtls.a(bignum.o)
 .rodata.str1.1./root/imx-optee-os/out/arm-plat-imx/export-ta_arm32/src/user_ta_header.c
                0x0000d1d4      0xc7d ./user_ta_header.o
                                 0xe5 (size before relaxing)
 .rodata.str1.1.lib/libutils/isoc/stack_check.c
                0x0000de51       0x18 /root/imx-optee-os/out/arm-plat-imx/export-ta_arm32/lib/libutils.a(stack_check.o)
 .rodata.str1.1.lib/libutils/ext/trace.c
                0x0000de51       0x1b /root/imx-optee-os/out/arm-plat-imx/export-ta_arm32/lib/libutils.a(trace.o)
 .rodata.lib/libutils/ext/trace.c
                0x0000de51        0x5 /root/imx-optee-os/out/arm-plat-imx/export-ta_arm32/lib/libutils.a(trace.o)
 .rodata.str1.1.lib/libutils/ext/snprintk.c
                0x0000de56       0x38 /root/imx-optee-os/out/arm-plat-imx/export-ta_arm32/lib/libutils.a(snprintk.o)
 .rodata.lib/libutils/ext/snprintk.c
                0x0000de56       0x22 /root/imx-optee-os/out/arm-plat-imx/export-ta_arm32/lib/libutils.a(snprintk.o)
 .rodata.str1.1.lib/libutee/trace_ext.c
                0x0000de78        0x2 /root/imx-optee-os/out/arm-plat-imx/export-ta_arm32/lib/libutee.a(trace_ext.o)
 .rodata.str1.1.lib/libutee/tee_api.c
                0x0000de78       0x11 /root/imx-optee-os/out/arm-plat-imx/export-ta_arm32/lib/libutee.a(tee_api.o)
 .rodata.str1.1.lib/libutee/tee_api_operations.c
                0x0000de78       0x80 /root/imx-optee-os/out/arm-plat-imx/export-ta_arm32/lib/libutee.a(tee_api_operations.o)
 .rodata.lib/libutee/tee_api_operations.c
                0x0000de78       0x46 /root/imx-optee-os/out/arm-plat-imx/export-ta_arm32/lib/libutee.a(tee_api_operations.o)
 .rodata.str1.1.lib/libutee/tee_system_pta.c
                0x0000debe       0x55 /root/imx-optee-os/out/arm-plat-imx/export-ta_arm32/lib/libutee.a(tee_system_pta.o)
 .rodata.str1.1.lib/libutee/user_ta_entry.c
                0x0000debe       0x4f /root/imx-optee-os/out/arm-plat-imx/export-ta_arm32/lib/libutee.a(user_ta_entry.o)
 .rodata.lib/libutee/user_ta_entry.c
                0x0000debe       0x16 /root/imx-optee-os/out/arm-plat-imx/export-ta_arm32/lib/libutee.a(user_ta_entry.o)
 .rodata.str1.1.lib/libutee/abort.c
                0x0000ded4        0x7 /root/imx-optee-os/out/arm-plat-imx/export-ta_arm32/lib/libutee.a(abort.o)
 .rodata.str1.1.lib/libutee/assert.c
                0x0000ded4       0x27 /root/imx-optee-os/out/arm-plat-imx/export-ta_arm32/lib/libutee.a(assert.o)
 .rodata.str1.1.lib/libutee/tee_api_arith_mpi.c
                0x0000ded4       0xc9 /root/imx-optee-os/out/arm-plat-imx/export-ta_arm32/lib/libutee.a(tee_api_arith_mpi.o)
 .rodata.lib/libutee/tee_api_arith_mpi.c
                0x0000ded4      0x14e /root/imx-optee-os/out/arm-plat-imx/export-ta_arm32/lib/libutee.a(tee_api_arith_mpi.o)
 .rodata.str1.1.lib/libutee/tee_api_property.c
                0x0000e022       0x88 /root/imx-optee-os/out/arm-plat-imx/export-ta_arm32/lib/libutee.a(tee_api_property.o)
 .rodata.str1.1.lib/libutee/tcb.c
                0x0000e022       0x8d /root/imx-optee-os/out/arm-plat-imx/export-ta_arm32/lib/libutee.a(tcb.o)
 .rodata.lib/libutee/tcb.c
                0x0000e022       0x20 /root/imx-optee-os/out/arm-plat-imx/export-ta_arm32/lib/libutee.a(tcb.o)
 .rodata.str1.1.lib/libmbedtls/mbedtls/library/bignum.c
                0x0000e042      0x45d /root/imx-optee-os/out/arm-plat-imx/export-ta_arm32/lib/libmbedtls.a(bignum.o)
 .rodata.str1.1.lib/libutils/isoc/bget_malloc.c
                0x0000e042      0x31c /root/imx-optee-os/out/arm-plat-imx/export-ta_arm32/lib/libutils.a(bget_malloc.o)
 .rodata.lib/libutils/isoc/bget_malloc.c
                0x0000e042       0x63 /root/imx-optee-os/out/arm-plat-imx/export-ta_arm32/lib/libutils.a(bget_malloc.o)
 .rodata.str1.1.lib/libutils/ext/mempool.c
                0x0000e0a5       0x89 /root/imx-optee-os/out/arm-plat-imx/export-ta_arm32/lib/libutils.a(mempool.o)
 .rodata.lib/libutils/ext/mempool.c
                0x0000e0a5       0x2c /root/imx-optee-os/out/arm-plat-imx/export-ta_arm32/lib/libutils.a(mempool.o)
 .rodata.lib/libutils/ext/base64.c
                0x0000e0d1       0x41 /root/imx-optee-os/out/arm-plat-imx/export-ta_arm32/lib/libutils.a(base64.o)

.gnu.version_d  0x0000e114        0x0
 .gnu.version_d
                0x0000e114        0x0 ./register_ta.o

.gnu.version    0x0000e112        0x0
 .gnu.version   0x0000e112        0x0 ./register_ta.o

.gnu.version_r  0x0000e114        0x0
 .gnu.version_r
                0x0000e114        0x0 ./register_ta.o

.gnu.hash       0x0000e114       0x30
 .gnu.hash      0x0000e114       0x30 ./register_ta.o

.ta_head        0x0000e148       0x20
 .ta_head       0x0000e148       0x20 ./user_ta_header.o
                0x0000e148                ta_head

.ARM.extab      0x0000e168      0x3f4
 *(SORT_BY_ALIGNMENT(.ARM.extab*) SORT_BY_ALIGNMENT(.gnu.linkonce.armextab.*))
 .ARM.extab.text.__aeabi_ldivmod
                0x0000e168        0xc /root/imx-optee-os/out/arm-plat-imx/export-ta_arm32/lib/libutils.a(arm32_aeabi_ldivmod_a32.o)
 .ARM.extab.text.__aeabi_uldivmod
                0x0000e174        0xc /root/imx-optee-os/out/arm-plat-imx/export-ta_arm32/lib/libutils.a(arm32_aeabi_ldivmod_a32.o)
 .ARM.extab     0x0000e180        0xc /root/imx-optee-os/out/arm-plat-imx/export-ta_arm32/lib/libutils.a(snprintk.o)
 .ARM.extab     0x0000e18c        0xc /root/imx-optee-os/out/arm-plat-imx/export-ta_arm32/lib/libutee.a(trace_ext.o)
 .ARM.extab     0x0000e198       0x24 /root/imx-optee-os/out/arm-plat-imx/export-ta_arm32/lib/libutee.a(tee_api.o)
 .ARM.extab     0x0000e1bc        0xc /root/imx-optee-os/out/arm-plat-imx/export-ta_arm32/lib/libutee.a(tee_api_operations.o)
 .ARM.extab     0x0000e1c8       0x24 /root/imx-optee-os/out/arm-plat-imx/export-ta_arm32/lib/libutee.a(tee_api_panic.o)
 .ARM.extab.text._utee_panic
                0x0000e1ec       0x10 /root/imx-optee-os/out/arm-plat-imx/export-ta_arm32/lib/libutee.a(utee_syscalls_a32.o)
 .ARM.extab.text._utee_return
                0x0000e1fc        0xc /root/imx-optee-os/out/arm-plat-imx/export-ta_arm32/lib/libutee.a(utee_syscalls_a32.o)
 .ARM.extab.text._utee_log
                0x0000e208        0xc /root/imx-optee-os/out/arm-plat-imx/export-ta_arm32/lib/libutee.a(utee_syscalls_a32.o)
 .ARM.extab.text.__utee_panic
                0x0000e214        0xc /root/imx-optee-os/out/arm-plat-imx/export-ta_arm32/lib/libutee.a(utee_syscalls_a32.o)
 .ARM.extab.text._utee_get_property
                0x0000e220        0xc /root/imx-optee-os/out/arm-plat-imx/export-ta_arm32/lib/libutee.a(utee_syscalls_a32.o)
 .ARM.extab.text._utee_get_property_name_to_index
                0x0000e22c        0xc /root/imx-optee-os/out/arm-plat-imx/export-ta_arm32/lib/libutee.a(utee_syscalls_a32.o)
 .ARM.extab.text._utee_open_ta_session
                0x0000e238        0xc /root/imx-optee-os/out/arm-plat-imx/export-ta_arm32/lib/libutee.a(utee_syscalls_a32.o)
 .ARM.extab.text._utee_close_ta_session
                0x0000e244        0xc /root/imx-optee-os/out/arm-plat-imx/export-ta_arm32/lib/libutee.a(utee_syscalls_a32.o)
 .ARM.extab.text._utee_invoke_ta_command
                0x0000e250        0xc /root/imx-optee-os/out/arm-plat-imx/export-ta_arm32/lib/libutee.a(utee_syscalls_a32.o)
 .ARM.extab.text._utee_get_cancellation_flag
                0x0000e25c        0xc /root/imx-optee-os/out/arm-plat-imx/export-ta_arm32/lib/libutee.a(utee_syscalls_a32.o)
 .ARM.extab.text._utee_check_access_rights
                0x0000e268        0xc /root/imx-optee-os/out/arm-plat-imx/export-ta_arm32/lib/libutee.a(utee_syscalls_a32.o)
 .ARM.extab.text._utee_unmask_cancellation
                0x0000e274        0xc /root/imx-optee-os/out/arm-plat-imx/export-ta_arm32/lib/libutee.a(utee_syscalls_a32.o)
 .ARM.extab.text._utee_mask_cancellation
                0x0000e280        0xc /root/imx-optee-os/out/arm-plat-imx/export-ta_arm32/lib/libutee.a(utee_syscalls_a32.o)
 .ARM.extab.text._utee_wait
                0x0000e28c        0xc /root/imx-optee-os/out/arm-plat-imx/export-ta_arm32/lib/libutee.a(utee_syscalls_a32.o)
 .ARM.extab.text._utee_get_time
                0x0000e298        0xc /root/imx-optee-os/out/arm-plat-imx/export-ta_arm32/lib/libutee.a(utee_syscalls_a32.o)
 .ARM.extab.text._utee_set_ta_time
                0x0000e2a4        0xc /root/imx-optee-os/out/arm-plat-imx/export-ta_arm32/lib/libutee.a(utee_syscalls_a32.o)
 .ARM.extab.text._utee_cryp_state_alloc
                0x0000e2b0        0xc /root/imx-optee-os/out/arm-plat-imx/export-ta_arm32/lib/libutee.a(utee_syscalls_a32.o)
 .ARM.extab.text._utee_cryp_state_copy
                0x0000e2bc        0xc /root/imx-optee-os/out/arm-plat-imx/export-ta_arm32/lib/libutee.a(utee_syscalls_a32.o)
 .ARM.extab.text._utee_cryp_state_free
                0x0000e2c8        0xc /root/imx-optee-os/out/arm-plat-imx/export-ta_arm32/lib/libutee.a(utee_syscalls_a32.o)
 .ARM.extab.text._utee_hash_init
                0x0000e2d4        0xc /root/imx-optee-os/out/arm-plat-imx/export-ta_arm32/lib/libutee.a(utee_syscalls_a32.o)
 .ARM.extab.text._utee_hash_update
                0x0000e2e0        0xc /root/imx-optee-os/out/arm-plat-imx/export-ta_arm32/lib/libutee.a(utee_syscalls_a32.o)
 .ARM.extab.text._utee_hash_final
                0x0000e2ec        0xc /root/imx-optee-os/out/arm-plat-imx/export-ta_arm32/lib/libutee.a(utee_syscalls_a32.o)
 .ARM.extab.text._utee_cipher_init
                0x0000e2f8        0xc /root/imx-optee-os/out/arm-plat-imx/export-ta_arm32/lib/libutee.a(utee_syscalls_a32.o)
 .ARM.extab.text._utee_cipher_update
                0x0000e304        0xc /root/imx-optee-os/out/arm-plat-imx/export-ta_arm32/lib/libutee.a(utee_syscalls_a32.o)
 .ARM.extab.text._utee_cipher_final
                0x0000e310        0xc /root/imx-optee-os/out/arm-plat-imx/export-ta_arm32/lib/libutee.a(utee_syscalls_a32.o)
 .ARM.extab.text._utee_cryp_obj_get_info
                0x0000e31c        0xc /root/imx-optee-os/out/arm-plat-imx/export-ta_arm32/lib/libutee.a(utee_syscalls_a32.o)
 .ARM.extab.text._utee_cryp_obj_restrict_usage
                0x0000e328        0xc /root/imx-optee-os/out/arm-plat-imx/export-ta_arm32/lib/libutee.a(utee_syscalls_a32.o)
 .ARM.extab.text._utee_cryp_obj_get_attr
                0x0000e334        0xc /root/imx-optee-os/out/arm-plat-imx/export-ta_arm32/lib/libutee.a(utee_syscalls_a32.o)
 .ARM.extab.text._utee_cryp_obj_alloc
                0x0000e340        0xc /root/imx-optee-os/out/arm-plat-imx/export-ta_arm32/lib/libutee.a(utee_syscalls_a32.o)
 .ARM.extab.text._utee_cryp_obj_close
                0x0000e34c        0xc /root/imx-optee-os/out/arm-plat-imx/export-ta_arm32/lib/libutee.a(utee_syscalls_a32.o)
 .ARM.extab.text._utee_cryp_obj_reset
                0x0000e358        0xc /root/imx-optee-os/out/arm-plat-imx/export-ta_arm32/lib/libutee.a(utee_syscalls_a32.o)
 .ARM.extab.text._utee_cryp_obj_populate
                0x0000e364        0xc /root/imx-optee-os/out/arm-plat-imx/export-ta_arm32/lib/libutee.a(utee_syscalls_a32.o)
 .ARM.extab.text._utee_cryp_obj_copy
                0x0000e370        0xc /root/imx-optee-os/out/arm-plat-imx/export-ta_arm32/lib/libutee.a(utee_syscalls_a32.o)
 .ARM.extab.text._utee_cryp_derive_key
                0x0000e37c        0xc /root/imx-optee-os/out/arm-plat-imx/export-ta_arm32/lib/libutee.a(utee_syscalls_a32.o)
 .ARM.extab.text._utee_cryp_random_number_generate
                0x0000e388        0xc /root/imx-optee-os/out/arm-plat-imx/export-ta_arm32/lib/libutee.a(utee_syscalls_a32.o)
 .ARM.extab.text._utee_authenc_init
                0x0000e394        0xc /root/imx-optee-os/out/arm-plat-imx/export-ta_arm32/lib/libutee.a(utee_syscalls_a32.o)
 .ARM.extab.text._utee_authenc_update_aad
                0x0000e3a0        0xc /root/imx-optee-os/out/arm-plat-imx/export-ta_arm32/lib/libutee.a(utee_syscalls_a32.o)
 .ARM.extab.text._utee_authenc_update_payload
                0x0000e3ac        0xc /root/imx-optee-os/out/arm-plat-imx/export-ta_arm32/lib/libutee.a(utee_syscalls_a32.o)
 .ARM.extab.text._utee_authenc_enc_final
                0x0000e3b8        0xc /root/imx-optee-os/out/arm-plat-imx/export-ta_arm32/lib/libutee.a(utee_syscalls_a32.o)
 .ARM.extab.text._utee_authenc_dec_final
                0x0000e3c4        0xc /root/imx-optee-os/out/arm-plat-imx/export-ta_arm32/lib/libutee.a(utee_syscalls_a32.o)
 .ARM.extab.text._utee_asymm_operate
                0x0000e3d0        0xc /root/imx-optee-os/out/arm-plat-imx/export-ta_arm32/lib/libutee.a(utee_syscalls_a32.o)
 .ARM.extab.text._utee_asymm_verify
                0x0000e3dc        0xc /root/imx-optee-os/out/arm-plat-imx/export-ta_arm32/lib/libutee.a(utee_syscalls_a32.o)
 .ARM.extab.text._utee_storage_obj_open
                0x0000e3e8        0xc /root/imx-optee-os/out/arm-plat-imx/export-ta_arm32/lib/libutee.a(utee_syscalls_a32.o)
 .ARM.extab.text._utee_storage_obj_create
                0x0000e3f4        0xc /root/imx-optee-os/out/arm-plat-imx/export-ta_arm32/lib/libutee.a(utee_syscalls_a32.o)
 .ARM.extab.text._utee_storage_obj_del
                0x0000e400        0xc /root/imx-optee-os/out/arm-plat-imx/export-ta_arm32/lib/libutee.a(utee_syscalls_a32.o)
 .ARM.extab.text._utee_storage_obj_rename
                0x0000e40c        0xc /root/imx-optee-os/out/arm-plat-imx/export-ta_arm32/lib/libutee.a(utee_syscalls_a32.o)
 .ARM.extab.text._utee_storage_alloc_enum
                0x0000e418        0xc /root/imx-optee-os/out/arm-plat-imx/export-ta_arm32/lib/libutee.a(utee_syscalls_a32.o)
 .ARM.extab.text._utee_storage_free_enum
                0x0000e424        0xc /root/imx-optee-os/out/arm-plat-imx/export-ta_arm32/lib/libutee.a(utee_syscalls_a32.o)
 .ARM.extab.text._utee_storage_reset_enum
                0x0000e430        0xc /root/imx-optee-os/out/arm-plat-imx/export-ta_arm32/lib/libutee.a(utee_syscalls_a32.o)
 .ARM.extab.text._utee_storage_start_enum
                0x0000e43c        0xc /root/imx-optee-os/out/arm-plat-imx/export-ta_arm32/lib/libutee.a(utee_syscalls_a32.o)
 .ARM.extab.text._utee_storage_next_enum
                0x0000e448        0xc /root/imx-optee-os/out/arm-plat-imx/export-ta_arm32/lib/libutee.a(utee_syscalls_a32.o)
 .ARM.extab.text._utee_storage_obj_read
                0x0000e454        0xc /root/imx-optee-os/out/arm-plat-imx/export-ta_arm32/lib/libutee.a(utee_syscalls_a32.o)
 .ARM.extab.text._utee_storage_obj_write
                0x0000e460        0xc /root/imx-optee-os/out/arm-plat-imx/export-ta_arm32/lib/libutee.a(utee_syscalls_a32.o)
 .ARM.extab.text._utee_storage_obj_trunc
                0x0000e46c        0xc /root/imx-optee-os/out/arm-plat-imx/export-ta_arm32/lib/libutee.a(utee_syscalls_a32.o)
 .ARM.extab.text._utee_storage_obj_seek
                0x0000e478        0xc /root/imx-optee-os/out/arm-plat-imx/export-ta_arm32/lib/libutee.a(utee_syscalls_a32.o)
 .ARM.extab.text._utee_cryp_obj_generate_key
                0x0000e484        0xc /root/imx-optee-os/out/arm-plat-imx/export-ta_arm32/lib/libutee.a(utee_syscalls_a32.o)
 .ARM.extab.text._utee_cache_operation
                0x0000e490        0xc /root/imx-optee-os/out/arm-plat-imx/export-ta_arm32/lib/libutee.a(utee_syscalls_a32.o)
 .ARM.extab.text.unlikely
                0x0000e49c        0xc /root/imx-optee-os/out/arm-plat-imx/export-ta_arm32/lib/libutee.a(abort.o)
 .ARM.extab     0x0000e4a8        0xc /root/imx-optee-os/out/arm-plat-imx/export-ta_arm32/lib/libutee.a(assert.o)
 .ARM.extab     0x0000e4b4       0x3c /root/imx-optee-os/out/arm-plat-imx/export-ta_arm32/lib/libutee.a(tee_api_arith_mpi.o)
 .ARM.extab     0x0000e4f0       0x30 /root/imx-optee-os/out/arm-plat-imx/export-ta_arm32/lib/libutee.a(tee_api_objects.o)
 .ARM.extab     0x0000e520       0x18 /root/imx-optee-os/out/arm-plat-imx/export-ta_arm32/lib/libmbedtls.a(bignum.o)
 .ARM.extab     0x0000e538       0x18 /root/imx-optee-os/out/arm-plat-imx/export-ta_arm32/lib/libutils.a(bget_malloc.o)
 .ARM.extab     0x0000e550        0xc /root/imx-optee-os/out/arm-plat-imx/export-ta_arm32/lib/libutils.a(snprintf.o)
 .ARM.extab     0x0000e55c        0x0 ./register_ta.o
 .ARM.extab     0x0000e55c        0x0 ./user_ta_header.o
 .ARM.extab.text.__ta_entry
                0x0000e55c        0x0 ./ta_entry_a32.o
 .ARM.extab     0x0000e55c        0x0 /root/imx-optee-os/out/arm-plat-imx/export-ta_arm32/lib/libutils.a(stack_check.o)
 .ARM.extab     0x0000e55c        0x0 /root/imx-optee-os/out/arm-plat-imx/export-ta_arm32/lib/libutils.a(arm32_aeabi_ldivmod.o)
 .ARM.extab     0x0000e55c        0x0 /root/imx-optee-os/out/arm-plat-imx/export-ta_arm32/lib/libutils.a(trace.o)
 .ARM.extab     0x0000e55c        0x0 /root/imx-optee-os/out/arm-plat-imx/export-ta_arm32/lib/libutils.a(aeabi_unwind.o)
 .ARM.extab     0x0000e55c        0x0 /root/imx-optee-os/out/arm-plat-imx/export-ta_arm32/lib/libutils.a(memchr.o)
 .ARM.extab     0x0000e55c        0x0 /root/imx-optee-os/out/arm-plat-imx/export-ta_arm32/lib/libutils.a(strlen.o)
 .ARM.extab     0x0000e55c        0x0 /root/imx-optee-os/out/arm-plat-imx/export-ta_arm32/lib/libutee.a(tee_system_pta.o)
 .ARM.extab     0x0000e55c        0x0 /root/imx-optee-os/out/arm-plat-imx/export-ta_arm32/lib/libutee.a(user_ta_entry.o)
 .ARM.extab     0x0000e55c        0x0 /root/imx-optee-os/out/arm-plat-imx/export-ta_arm32/lib/libutee.a(tee_api_property.o)
 .ARM.extab     0x0000e55c        0x0 /root/imx-optee-os/out/arm-plat-imx/export-ta_arm32/lib/libutee.a(tcb.o)
 .ARM.extab     0x0000e55c        0x0 /root/imx-optee-os/out/arm-plat-imx/export-ta_arm32/lib/libmbedtls.a(bignum_core.o)
 .ARM.extab     0x0000e55c        0x0 /root/imx-optee-os/out/arm-plat-imx/export-ta_arm32/lib/libmbedtls.a(constant_time.o)
 .ARM.extab     0x0000e55c        0x0 /root/imx-optee-os/out/arm-plat-imx/export-ta_arm32/lib/libmbedtls.a(platform_util.o)
 .ARM.extab     0x0000e55c        0x0 /root/imx-optee-os/out/arm-plat-imx/export-ta_arm32/lib/libutils.a(memcpy.o)
 .ARM.extab     0x0000e55c        0x0 /root/imx-optee-os/out/arm-plat-imx/export-ta_arm32/lib/libutils.a(memmove.o)
 .ARM.extab     0x0000e55c        0x0 /root/imx-optee-os/out/arm-plat-imx/export-ta_arm32/lib/libutils.a(memset.o)
 .ARM.extab     0x0000e55c        0x0 /root/imx-optee-os/out/arm-plat-imx/export-ta_arm32/lib/libutils.a(strcmp.o)
 .ARM.extab     0x0000e55c        0x0 /root/imx-optee-os/out/arm-plat-imx/export-ta_arm32/lib/libutils.a(arm32_aeabi_divmod.o)
 .ARM.extab     0x0000e55c        0x0 /root/imx-optee-os/out/arm-plat-imx/export-ta_arm32/lib/libutils.a(strlcpy.o)
 .ARM.extab     0x0000e55c        0x0 /root/imx-optee-os/out/arm-plat-imx/export-ta_arm32/lib/libutils.a(mempool.o)
 .ARM.extab     0x0000e55c        0x0 /root/imx-optee-os/out/arm-plat-imx/export-ta_arm32/lib/libutils.a(consttime_memcmp.o)
 .ARM.extab     0x0000e55c        0x0 /root/imx-optee-os/out/arm-plat-imx/export-ta_arm32/lib/libutils.a(base64.o)
 .ARM.extab.text.ret_idivmod_values
                0x0000e55c        0x0 /root/imx-optee-os/out/arm-plat-imx/export-ta_arm32/lib/libutils.a(arm32_aeabi_divmod_a32.o)
 .ARM.extab.text.ret_uidivmod_values
                0x0000e55c        0x0 /root/imx-optee-os/out/arm-plat-imx/export-ta_arm32/lib/libutils.a(arm32_aeabi_divmod_a32.o)
                [!provide]                        PROVIDE (__exidx_start = .)

.ARM.exidx      0x0000e55c      0xcd8
 *(SORT_BY_ALIGNMENT(.ARM.exidx*) SORT_BY_ALIGNMENT(.gnu.linkonce.armexidx.*))
 .ARM.exidx     0x0000e55c       0x28 ./register_ta.o
                                 0x30 (size before relaxing)
 .ARM.exidx     0x0000e584       0x10 ./user_ta_header.o
 .ARM.exidx.text.__ta_entry
                0x0000e594        0x8 ./ta_entry_a32.o
 .ARM.exidx     0x0000e59c        0x8 /root/imx-optee-os/out/arm-plat-imx/export-ta_arm32/lib/libutils.a(stack_check.o)
 .ARM.exidx.text.__aeabi_ldivmod
                0x0000e5a4        0x8 /root/imx-optee-os/out/arm-plat-imx/export-ta_arm32/lib/libutils.a(arm32_aeabi_ldivmod_a32.o)
 .ARM.exidx.text.__aeabi_uldivmod
                0x0000e5ac        0x8 /root/imx-optee-os/out/arm-plat-imx/export-ta_arm32/lib/libutils.a(arm32_aeabi_ldivmod_a32.o)
 .ARM.exidx     0x0000e5b4       0x20 /root/imx-optee-os/out/arm-plat-imx/export-ta_arm32/lib/libutils.a(trace.o)
                                 0x28 (size before relaxing)
 .ARM.exidx     0x0000e5d4       0x28 /root/imx-optee-os/out/arm-plat-imx/export-ta_arm32/lib/libutils.a(snprintk.o)
 .ARM.exidx     0x0000e5fc       0x28 /root/imx-optee-os/out/arm-plat-imx/export-ta_arm32/lib/libutee.a(trace_ext.o)
 .ARM.exidx     0x0000e624       0xa0 /root/imx-optee-os/out/arm-plat-imx/export-ta_arm32/lib/libutee.a(tee_api.o)
                                0x138 (size before relaxing)
 .ARM.exidx     0x0000e6c4      0x188 /root/imx-optee-os/out/arm-plat-imx/export-ta_arm32/lib/libutee.a(tee_api_operations.o)
                                0x1e8 (size before relaxing)
 .ARM.exidx     0x0000e84c       0x50 /root/imx-optee-os/out/arm-plat-imx/export-ta_arm32/lib/libutee.a(tee_api_panic.o)
                                 0x60 (size before relaxing)
 .ARM.exidx     0x0000e89c       0x20 /root/imx-optee-os/out/arm-plat-imx/export-ta_arm32/lib/libutee.a(tee_system_pta.o)
 .ARM.exidx     0x0000e8bc       0x48 /root/imx-optee-os/out/arm-plat-imx/export-ta_arm32/lib/libutee.a(user_ta_entry.o)
                                 0x50 (size before relaxing)
 .ARM.exidx.text._utee_panic
                0x0000e904        0x8 /root/imx-optee-os/out/arm-plat-imx/export-ta_arm32/lib/libutee.a(utee_syscalls_a32.o)
 .ARM.exidx.text._utee_return
                0x0000e90c        0x8 /root/imx-optee-os/out/arm-plat-imx/export-ta_arm32/lib/libutee.a(utee_syscalls_a32.o)
 .ARM.exidx.text._utee_log
                0x0000e914        0x8 /root/imx-optee-os/out/arm-plat-imx/export-ta_arm32/lib/libutee.a(utee_syscalls_a32.o)
 .ARM.exidx.text.__utee_panic
                0x0000e91c        0x8 /root/imx-optee-os/out/arm-plat-imx/export-ta_arm32/lib/libutee.a(utee_syscalls_a32.o)
 .ARM.exidx.text._utee_get_property
                0x0000e924        0x8 /root/imx-optee-os/out/arm-plat-imx/export-ta_arm32/lib/libutee.a(utee_syscalls_a32.o)
 .ARM.exidx.text._utee_get_property_name_to_index
                0x0000e92c        0x8 /root/imx-optee-os/out/arm-plat-imx/export-ta_arm32/lib/libutee.a(utee_syscalls_a32.o)
 .ARM.exidx.text._utee_open_ta_session
                0x0000e934        0x8 /root/imx-optee-os/out/arm-plat-imx/export-ta_arm32/lib/libutee.a(utee_syscalls_a32.o)
 .ARM.exidx.text._utee_close_ta_session
                0x0000e93c        0x8 /root/imx-optee-os/out/arm-plat-imx/export-ta_arm32/lib/libutee.a(utee_syscalls_a32.o)
 .ARM.exidx.text._utee_invoke_ta_command
                0x0000e944        0x8 /root/imx-optee-os/out/arm-plat-imx/export-ta_arm32/lib/libutee.a(utee_syscalls_a32.o)
 .ARM.exidx.text._utee_get_cancellation_flag
                0x0000e94c        0x8 /root/imx-optee-os/out/arm-plat-imx/export-ta_arm32/lib/libutee.a(utee_syscalls_a32.o)
 .ARM.exidx.text._utee_check_access_rights
                0x0000e954        0x8 /root/imx-optee-os/out/arm-plat-imx/export-ta_arm32/lib/libutee.a(utee_syscalls_a32.o)
 .ARM.exidx.text._utee_unmask_cancellation
                0x0000e95c        0x8 /root/imx-optee-os/out/arm-plat-imx/export-ta_arm32/lib/libutee.a(utee_syscalls_a32.o)
 .ARM.exidx.text._utee_mask_cancellation
                0x0000e964        0x8 /root/imx-optee-os/out/arm-plat-imx/export-ta_arm32/lib/libutee.a(utee_syscalls_a32.o)
 .ARM.exidx.text._utee_wait
                0x0000e96c        0x8 /root/imx-optee-os/out/arm-plat-imx/export-ta_arm32/lib/libutee.a(utee_syscalls_a32.o)
 .ARM.exidx.text._utee_get_time
                0x0000e974        0x8 /root/imx-optee-os/out/arm-plat-imx/export-ta_arm32/lib/libutee.a(utee_syscalls_a32.o)
 .ARM.exidx.text._utee_set_ta_time
                0x0000e97c        0x8 /root/imx-optee-os/out/arm-plat-imx/export-ta_arm32/lib/libutee.a(utee_syscalls_a32.o)
 .ARM.exidx.text._utee_cryp_state_alloc
                0x0000e984        0x8 /root/imx-optee-os/out/arm-plat-imx/export-ta_arm32/lib/libutee.a(utee_syscalls_a32.o)
 .ARM.exidx.text._utee_cryp_state_copy
                0x0000e98c        0x8 /root/imx-optee-os/out/arm-plat-imx/export-ta_arm32/lib/libutee.a(utee_syscalls_a32.o)
 .ARM.exidx.text._utee_cryp_state_free
                0x0000e994        0x8 /root/imx-optee-os/out/arm-plat-imx/export-ta_arm32/lib/libutee.a(utee_syscalls_a32.o)
 .ARM.exidx.text._utee_hash_init
                0x0000e99c        0x8 /root/imx-optee-os/out/arm-plat-imx/export-ta_arm32/lib/libutee.a(utee_syscalls_a32.o)
 .ARM.exidx.text._utee_hash_update
                0x0000e9a4        0x8 /root/imx-optee-os/out/arm-plat-imx/export-ta_arm32/lib/libutee.a(utee_syscalls_a32.o)
 .ARM.exidx.text._utee_hash_final
                0x0000e9ac        0x8 /root/imx-optee-os/out/arm-plat-imx/export-ta_arm32/lib/libutee.a(utee_syscalls_a32.o)
 .ARM.exidx.text._utee_cipher_init
                0x0000e9b4        0x8 /root/imx-optee-os/out/arm-plat-imx/export-ta_arm32/lib/libutee.a(utee_syscalls_a32.o)
 .ARM.exidx.text._utee_cipher_update
                0x0000e9bc        0x8 /root/imx-optee-os/out/arm-plat-imx/export-ta_arm32/lib/libutee.a(utee_syscalls_a32.o)
 .ARM.exidx.text._utee_cipher_final
                0x0000e9c4        0x8 /root/imx-optee-os/out/arm-plat-imx/export-ta_arm32/lib/libutee.a(utee_syscalls_a32.o)
 .ARM.exidx.text._utee_cryp_obj_get_info
                0x0000e9cc        0x8 /root/imx-optee-os/out/arm-plat-imx/export-ta_arm32/lib/libutee.a(utee_syscalls_a32.o)
 .ARM.exidx.text._utee_cryp_obj_restrict_usage
                0x0000e9d4        0x8 /root/imx-optee-os/out/arm-plat-imx/export-ta_arm32/lib/libutee.a(utee_syscalls_a32.o)
 .ARM.exidx.text._utee_cryp_obj_get_attr
                0x0000e9dc        0x8 /root/imx-optee-os/out/arm-plat-imx/export-ta_arm32/lib/libutee.a(utee_syscalls_a32.o)
 .ARM.exidx.text._utee_cryp_obj_alloc
                0x0000e9e4        0x8 /root/imx-optee-os/out/arm-plat-imx/export-ta_arm32/lib/libutee.a(utee_syscalls_a32.o)
 .ARM.exidx.text._utee_cryp_obj_close
                0x0000e9ec        0x8 /root/imx-optee-os/out/arm-plat-imx/export-ta_arm32/lib/libutee.a(utee_syscalls_a32.o)
 .ARM.exidx.text._utee_cryp_obj_reset
                0x0000e9f4        0x8 /root/imx-optee-os/out/arm-plat-imx/export-ta_arm32/lib/libutee.a(utee_syscalls_a32.o)
 .ARM.exidx.text._utee_cryp_obj_populate
                0x0000e9fc        0x8 /root/imx-optee-os/out/arm-plat-imx/export-ta_arm32/lib/libutee.a(utee_syscalls_a32.o)
 .ARM.exidx.text._utee_cryp_obj_copy
                0x0000ea04        0x8 /root/imx-optee-os/out/arm-plat-imx/export-ta_arm32/lib/libutee.a(utee_syscalls_a32.o)
 .ARM.exidx.text._utee_cryp_derive_key
                0x0000ea0c        0x8 /root/imx-optee-os/out/arm-plat-imx/export-ta_arm32/lib/libutee.a(utee_syscalls_a32.o)
 .ARM.exidx.text._utee_cryp_random_number_generate
                0x0000ea14        0x8 /root/imx-optee-os/out/arm-plat-imx/export-ta_arm32/lib/libutee.a(utee_syscalls_a32.o)
 .ARM.exidx.text._utee_authenc_init
                0x0000ea1c        0x8 /root/imx-optee-os/out/arm-plat-imx/export-ta_arm32/lib/libutee.a(utee_syscalls_a32.o)
 .ARM.exidx.text._utee_authenc_update_aad
                0x0000ea24        0x8 /root/imx-optee-os/out/arm-plat-imx/export-ta_arm32/lib/libutee.a(utee_syscalls_a32.o)
 .ARM.exidx.text._utee_authenc_update_payload
                0x0000ea2c        0x8 /root/imx-optee-os/out/arm-plat-imx/export-ta_arm32/lib/libutee.a(utee_syscalls_a32.o)
 .ARM.exidx.text._utee_authenc_enc_final
                0x0000ea34        0x8 /root/imx-optee-os/out/arm-plat-imx/export-ta_arm32/lib/libutee.a(utee_syscalls_a32.o)
 .ARM.exidx.text._utee_authenc_dec_final
                0x0000ea3c        0x8 /root/imx-optee-os/out/arm-plat-imx/export-ta_arm32/lib/libutee.a(utee_syscalls_a32.o)
 .ARM.exidx.text._utee_asymm_operate
                0x0000ea44        0x8 /root/imx-optee-os/out/arm-plat-imx/export-ta_arm32/lib/libutee.a(utee_syscalls_a32.o)
 .ARM.exidx.text._utee_asymm_verify
                0x0000ea4c        0x8 /root/imx-optee-os/out/arm-plat-imx/export-ta_arm32/lib/libutee.a(utee_syscalls_a32.o)
 .ARM.exidx.text._utee_storage_obj_open
                0x0000ea54        0x8 /root/imx-optee-os/out/arm-plat-imx/export-ta_arm32/lib/libutee.a(utee_syscalls_a32.o)
 .ARM.exidx.text._utee_storage_obj_create
                0x0000ea5c        0x8 /root/imx-optee-os/out/arm-plat-imx/export-ta_arm32/lib/libutee.a(utee_syscalls_a32.o)
 .ARM.exidx.text._utee_storage_obj_del
                0x0000ea64        0x8 /root/imx-optee-os/out/arm-plat-imx/export-ta_arm32/lib/libutee.a(utee_syscalls_a32.o)
 .ARM.exidx.text._utee_storage_obj_rename
                0x0000ea6c        0x8 /root/imx-optee-os/out/arm-plat-imx/export-ta_arm32/lib/libutee.a(utee_syscalls_a32.o)
 .ARM.exidx.text._utee_storage_alloc_enum
                0x0000ea74        0x8 /root/imx-optee-os/out/arm-plat-imx/export-ta_arm32/lib/libutee.a(utee_syscalls_a32.o)
 .ARM.exidx.text._utee_storage_free_enum
                0x0000ea7c        0x8 /root/imx-optee-os/out/arm-plat-imx/export-ta_arm32/lib/libutee.a(utee_syscalls_a32.o)
 .ARM.exidx.text._utee_storage_reset_enum
                0x0000ea84        0x8 /root/imx-optee-os/out/arm-plat-imx/export-ta_arm32/lib/libutee.a(utee_syscalls_a32.o)
 .ARM.exidx.text._utee_storage_start_enum
                0x0000ea8c        0x8 /root/imx-optee-os/out/arm-plat-imx/export-ta_arm32/lib/libutee.a(utee_syscalls_a32.o)
 .ARM.exidx.text._utee_storage_next_enum
                0x0000ea94        0x8 /root/imx-optee-os/out/arm-plat-imx/export-ta_arm32/lib/libutee.a(utee_syscalls_a32.o)
 .ARM.exidx.text._utee_storage_obj_read
                0x0000ea9c        0x8 /root/imx-optee-os/out/arm-plat-imx/export-ta_arm32/lib/libutee.a(utee_syscalls_a32.o)
 .ARM.exidx.text._utee_storage_obj_write
                0x0000eaa4        0x8 /root/imx-optee-os/out/arm-plat-imx/export-ta_arm32/lib/libutee.a(utee_syscalls_a32.o)
 .ARM.exidx.text._utee_storage_obj_trunc
                0x0000eaac        0x8 /root/imx-optee-os/out/arm-plat-imx/export-ta_arm32/lib/libutee.a(utee_syscalls_a32.o)
 .ARM.exidx.text._utee_storage_obj_seek
                0x0000eab4        0x8 /root/imx-optee-os/out/arm-plat-imx/export-ta_arm32/lib/libutee.a(utee_syscalls_a32.o)
 .ARM.exidx.text._utee_cryp_obj_generate_key
                0x0000eabc        0x8 /root/imx-optee-os/out/arm-plat-imx/export-ta_arm32/lib/libutee.a(utee_syscalls_a32.o)
 .ARM.exidx.text._utee_cache_operation
                0x0000eac4        0x8 /root/imx-optee-os/out/arm-plat-imx/export-ta_arm32/lib/libutee.a(utee_syscalls_a32.o)
 .ARM.exidx.text.unlikely
                0x0000eacc        0x8 /root/imx-optee-os/out/arm-plat-imx/export-ta_arm32/lib/libutee.a(abort.o)
 .ARM.exidx     0x0000ead4       0x10 /root/imx-optee-os/out/arm-plat-imx/export-ta_arm32/lib/libutee.a(assert.o)
 .ARM.exidx     0x0000eae4      0x148 /root/imx-optee-os/out/arm-plat-imx/export-ta_arm32/lib/libutee.a(tee_api_arith_mpi.o)
                                0x1b8 (size before relaxing)
 .ARM.exidx     0x0000ec2c      0x128 /root/imx-optee-os/out/arm-plat-imx/export-ta_arm32/lib/libutee.a(tee_api_objects.o)
                                0x180 (size before relaxing)
 .ARM.exidx     0x0000ed54       0x78 /root/imx-optee-os/out/arm-plat-imx/export-ta_arm32/lib/libutee.a(tee_api_property.o)
                                 0x98 (size before relaxing)
 .ARM.exidx     0x0000edcc       0x18 /root/imx-optee-os/out/arm-plat-imx/export-ta_arm32/lib/libutee.a(tcb.o)
 .ARM.exidx     0x0000ede4      0x190 /root/imx-optee-os/out/arm-plat-imx/export-ta_arm32/lib/libmbedtls.a(bignum.o)
                                0x1d0 (size before relaxing)
 .ARM.exidx     0x0000ef74       0xf0 /root/imx-optee-os/out/arm-plat-imx/export-ta_arm32/lib/libmbedtls.a(bignum_core.o)
                                0x108 (size before relaxing)
 .ARM.exidx     0x0000f064       0x40 /root/imx-optee-os/out/arm-plat-imx/export-ta_arm32/lib/libmbedtls.a(constant_time.o)
 .ARM.exidx     0x0000f0a4        0x8 /root/imx-optee-os/out/arm-plat-imx/export-ta_arm32/lib/libmbedtls.a(platform_util.o)
                                 0x10 (size before relaxing)
 .ARM.exidx     0x0000f0ac       0xc8 /root/imx-optee-os/out/arm-plat-imx/export-ta_arm32/lib/libutils.a(bget_malloc.o)
                                0x100 (size before relaxing)
 .ARM.exidx     0x0000f174       0x10 /root/imx-optee-os/out/arm-plat-imx/export-ta_arm32/lib/libutils.a(snprintf.o)
 .ARM.exidx     0x0000f184        0x8 /root/imx-optee-os/out/arm-plat-imx/export-ta_arm32/lib/libutils.a(memcpy.o)
 .ARM.exidx     0x0000f18c       0x28 /root/imx-optee-os/out/arm-plat-imx/export-ta_arm32/lib/libutils.a(arm32_aeabi_divmod.o)
 .ARM.exidx     0x0000f1b4       0x20 /root/imx-optee-os/out/arm-plat-imx/export-ta_arm32/lib/libutils.a(mempool.o)
 .ARM.exidx     0x0000f1d4        0x8 /root/imx-optee-os/out/arm-plat-imx/export-ta_arm32/lib/libutils.a(base64.o)
                                 0x18 (size before relaxing)
 .ARM.exidx.text.ret_idivmod_values
                0x0000f1dc        0x8 /root/imx-optee-os/out/arm-plat-imx/export-ta_arm32/lib/libutils.a(arm32_aeabi_divmod_a32.o)
 .ARM.exidx.text.ret_uidivmod_values
                0x0000f1e4        0x0 /root/imx-optee-os/out/arm-plat-imx/export-ta_arm32/lib/libutils.a(arm32_aeabi_divmod_a32.o)
                                  0x8 (size before relaxing)
 .ARM.exidx     0x0000f1e4       0x10 /root/imx-optee-os/out/arm-plat-imx/export-ta_arm32/lib/libutils.a(arm32_aeabi_ldivmod.o)
 .ARM.exidx     0x0000f1f4        0x8 /root/imx-optee-os/out/arm-plat-imx/export-ta_arm32/lib/libutils.a(aeabi_unwind.o)
                                 0x18 (size before relaxing)
 .ARM.exidx     0x0000f1fc        0x8 /root/imx-optee-os/out/arm-plat-imx/export-ta_arm32/lib/libutils.a(memchr.o)
 .ARM.exidx     0x0000f204        0x8 /root/imx-optee-os/out/arm-plat-imx/export-ta_arm32/lib/libutils.a(strlen.o)
 .ARM.exidx     0x0000f20c        0x8 /root/imx-optee-os/out/arm-plat-imx/export-ta_arm32/lib/libutils.a(memmove.o)
 .ARM.exidx     0x0000f214        0x8 /root/imx-optee-os/out/arm-plat-imx/export-ta_arm32/lib/libutils.a(memset.o)
 .ARM.exidx     0x0000f21c        0x0 /root/imx-optee-os/out/arm-plat-imx/export-ta_arm32/lib/libutils.a(strcmp.o)
                                  0x8 (size before relaxing)
 .ARM.exidx     0x0000f21c        0x8 /root/imx-optee-os/out/arm-plat-imx/export-ta_arm32/lib/libutils.a(strlcpy.o)
 .ARM.exidx     0x0000f224       0x10 /root/imx-optee-os/out/arm-plat-imx/export-ta_arm32/lib/libutils.a(consttime_memcmp.o)
                                  0x8 (size before relaxing)
                [!provide]                        PROVIDE (__exidx_end = .)

.ctors
 *(SORT_BY_ALIGNMENT(.ctors))

.dtors
 *(SORT_BY_ALIGNMENT(.dtors))

.dynsym         0x0000f234       0x70
 *(SORT_BY_ALIGNMENT(.dynsym))
 .dynsym        0x0000f234       0x70 ./register_ta.o

.dynstr         0x0000f2a4       0x36
 *(SORT_BY_ALIGNMENT(.dynstr))
 .dynstr        0x0000f2a4       0x36 ./register_ta.o

.hash           0x0000f2dc       0x30
 *(SORT_BY_ALIGNMENT(.hash))
 .hash          0x0000f2dc       0x30 ./register_ta.o
                0x00010000                        . = ALIGN (0x1000)

.dynamic        0x00010000       0x88
 *(SORT_BY_ALIGNMENT(.dynamic))
 .dynamic       0x00010000       0x88 ./register_ta.o
                0x00010000                _DYNAMIC

.tdata
 *(SORT_BY_ALIGNMENT(.tdata) SORT_BY_ALIGNMENT(.tdata.*) SORT_BY_ALIGNMENT(.gnu.linkonce.td.*))

.tbss
 *(SORT_BY_ALIGNMENT(.tbss) SORT_BY_ALIGNMENT(.tbss.*) SORT_BY_ALIGNMENT(.gnu.linkonce.tb.*))
 *(SORT_BY_ALIGNMENT(.tcommon))

.got            0x00010088       0x68
 *(SORT_BY_ALIGNMENT(.got.plt))
 .got.plt       0x00010088        0xc ./register_ta.o
                0x00010088                _GLOBAL_OFFSET_TABLE_
 *(SORT_BY_ALIGNMENT(.got))
 .got           0x00010094       0x5c ./register_ta.o

.rel.text
 *(SORT_BY_ALIGNMENT(.rel.text))
 *(SORT_BY_ALIGNMENT(.rel.gnu.linkonce.t*))

.rela.text
 *(SORT_BY_ALIGNMENT(.rela.text))
 *(SORT_BY_ALIGNMENT(.rela.gnu.linkonce.t*))

.rel.data
 *(SORT_BY_ALIGNMENT(.rel.data))
 *(SORT_BY_ALIGNMENT(.rel.gnu.linkonce.d*))

.rela.data
 *(SORT_BY_ALIGNMENT(.rela.data))
 *(SORT_BY_ALIGNMENT(.rela.gnu.linkonce.d*))

.rel.tdata
 *(SORT_BY_ALIGNMENT(.rel.tdata) SORT_BY_ALIGNMENT(.rel.tdata.*) SORT_BY_ALIGNMENT(.rel.gnu.linkonce.td.*))

.rela.tdata
 *(SORT_BY_ALIGNMENT(.rela.tdata) SORT_BY_ALIGNMENT(.rela.tdata.*) SORT_BY_ALIGNMENT(.rela.gnu.linkonce.td.*))

.rel.tbss
 *(SORT_BY_ALIGNMENT(.rel.tbss) SORT_BY_ALIGNMENT(.rel.tbss.*) SORT_BY_ALIGNMENT(.rel.gnu.linkonce.tb.*))

.rela.tbss
 *(SORT_BY_ALIGNMENT(.rela.tbss) SORT_BY_ALIGNMENT(.rela.tbss.*) SORT_BY_ALIGNMENT(.rela.gnu.linkonce.tb.*))

.rel.rodata
 *(SORT_BY_ALIGNMENT(.rel.rodata))
 *(SORT_BY_ALIGNMENT(.rel.gnu.linkonce.r*))

.rela.rodata
 *(SORT_BY_ALIGNMENT(.rela.rodata))
 *(SORT_BY_ALIGNMENT(.rela.gnu.linkonce.r*))

.rel.dyn        0x000100f0      0x108
 *(SORT_BY_ALIGNMENT(.rel.dyn))
 .rel.data.rel.ro
                0x000100f0        0x8 ./register_ta.o
 .rel.iplt      0x000100f8        0x0 ./register_ta.o
 .rel.data.rel.ro.local
                0x000100f8       0xd0 ./register_ta.o
 .rel.data.rel.local
                0x000101c8       0x30 ./register_ta.o

.rel.got        0x000101f8       0xb8
 *(SORT_BY_ALIGNMENT(.rel.got))
 .rel.got       0x000101f8       0xb8 ./register_ta.o

.rela.got
 *(SORT_BY_ALIGNMENT(.rela.got))

.rel.ctors
 *(SORT_BY_ALIGNMENT(.rel.ctors))

.rela.ctors
 *(SORT_BY_ALIGNMENT(.rela.ctors))

.rel.dtors
 *(SORT_BY_ALIGNMENT(.rel.dtors))

.rela.dtors
 *(SORT_BY_ALIGNMENT(.rela.dtors))

.rel.init
 *(SORT_BY_ALIGNMENT(.rel.init))

.rela.init
 *(SORT_BY_ALIGNMENT(.rela.init))

.rel.fini
 *(SORT_BY_ALIGNMENT(.rel.fini))

.rela.fini
 *(SORT_BY_ALIGNMENT(.rela.fini))

.rel.bss        0x000102b0        0x0
 *(SORT_BY_ALIGNMENT(.rel.bss))
 .rel.bss       0x000102b0        0x0 ./register_ta.o

.rela.bss
 *(SORT_BY_ALIGNMENT(.rela.bss))

.rel.plt        0x000102b0        0x0
 *(SORT_BY_ALIGNMENT(.rel.plt))
 .rel.plt       0x000102b0        0x0 ./register_ta.o

.rela.plt
 *(SORT_BY_ALIGNMENT(.rela.plt))

.data           0x000102b0       0xf4
 *(SORT_BY_ALIGNMENT(.data) SORT_BY_ALIGNMENT(.data.*) SORT_BY_ALIGNMENT(.gnu.linkonce.d.*))
 .data          0x000102b0       0x10 ./register_ta.o
 .data          0x000102c0        0x4 ./user_ta_header.o
                0x000102c0                trace_level
 .data.rel.ro.local
                0x000102c4       0x6c ./user_ta_header.o
                0x000102c4                ta_props
 .data          0x00010330        0x4 /root/imx-optee-os/out/arm-plat-imx/export-ta_arm32/lib/libutils.a(stack_check.o)
                0x00010330                __stack_chk_guard
 .data.rel.local
                0x00010334       0x10 /root/imx-optee-os/out/arm-plat-imx/export-ta_arm32/lib/libutee.a(user_ta_entry.o)
 .data.rel.ro.local
                0x00010344       0x30 /root/imx-optee-os/out/arm-plat-imx/export-ta_arm32/lib/libutee.a(tee_api_property.o)
                0x00010344                tee_props
 .data.rel.ro   0x00010374        0x4 /root/imx-optee-os/out/arm-plat-imx/export-ta_arm32/lib/libmbedtls.a(platform_util.o)
 .data          0x00010378        0x4 /root/imx-optee-os/out/arm-plat-imx/export-ta_arm32/lib/libutils.a(bget_malloc.o)
 .data.rel.local
                0x0001037c       0x28 /root/imx-optee-os/out/arm-plat-imx/export-ta_arm32/lib/libutils.a(bget_malloc.o)
 .data.rel.ro   0x000103a4        0x0 ./register_ta.o
 .data          0x000103a4        0x0 ./ta_entry_a32.o
 .data          0x000103a4        0x0 /root/imx-optee-os/out/arm-plat-imx/export-ta_arm32/lib/libutils.a(arm32_aeabi_ldivmod_a32.o)
 .data          0x000103a4        0x0 /root/imx-optee-os/out/arm-plat-imx/export-ta_arm32/lib/libutils.a(arm32_aeabi_ldivmod.o)
 .data          0x000103a4        0x0 /root/imx-optee-os/out/arm-plat-imx/export-ta_arm32/lib/libutils.a(trace.o)
 .data          0x000103a4        0x0 /root/imx-optee-os/out/arm-plat-imx/export-ta_arm32/lib/libutils.a(aeabi_unwind.o)
 .data          0x000103a4        0x0 /root/imx-optee-os/out/arm-plat-imx/export-ta_arm32/lib/libutils.a(snprintk.o)
 .data          0x000103a4        0x0 /root/imx-optee-os/out/arm-plat-imx/export-ta_arm32/lib/libutils.a(memchr.o)
 .data          0x000103a4        0x0 /root/imx-optee-os/out/arm-plat-imx/export-ta_arm32/lib/libutils.a(strlen.o)
 .data          0x000103a4        0x0 /root/imx-optee-os/out/arm-plat-imx/export-ta_arm32/lib/libutee.a(trace_ext.o)
 .data          0x000103a4        0x0 /root/imx-optee-os/out/arm-plat-imx/export-ta_arm32/lib/libutee.a(tee_api.o)
 .data          0x000103a4        0x0 /root/imx-optee-os/out/arm-plat-imx/export-ta_arm32/lib/libutee.a(tee_api_operations.o)
 .data          0x000103a4        0x0 /root/imx-optee-os/out/arm-plat-imx/export-ta_arm32/lib/libutee.a(tee_api_panic.o)
 .data          0x000103a4        0x0 /root/imx-optee-os/out/arm-plat-imx/export-ta_arm32/lib/libutee.a(tee_system_pta.o)
 .data          0x000103a4        0x0 /root/imx-optee-os/out/arm-plat-imx/export-ta_arm32/lib/libutee.a(user_ta_entry.o)
 .data          0x000103a4        0x0 /root/imx-optee-os/out/arm-plat-imx/export-ta_arm32/lib/libutee.a(utee_syscalls_a32.o)
 .data          0x000103a4        0x0 /root/imx-optee-os/out/arm-plat-imx/export-ta_arm32/lib/libutee.a(abort.o)
 .data          0x000103a4        0x0 /root/imx-optee-os/out/arm-plat-imx/export-ta_arm32/lib/libutee.a(assert.o)
 .data          0x000103a4        0x0 /root/imx-optee-os/out/arm-plat-imx/export-ta_arm32/lib/libutee.a(tee_api_arith_mpi.o)
 .data          0x000103a4        0x0 /root/imx-optee-os/out/arm-plat-imx/export-ta_arm32/lib/libutee.a(tee_api_objects.o)
 .data          0x000103a4        0x0 /root/imx-optee-os/out/arm-plat-imx/export-ta_arm32/lib/libutee.a(tee_api_property.o)
 .data          0x000103a4        0x0 /root/imx-optee-os/out/arm-plat-imx/export-ta_arm32/lib/libutee.a(tcb.o)
 .data          0x000103a4        0x0 /root/imx-optee-os/out/arm-plat-imx/export-ta_arm32/lib/libmbedtls.a(bignum.o)
 .data          0x000103a4        0x0 /root/imx-optee-os/out/arm-plat-imx/export-ta_arm32/lib/libmbedtls.a(bignum_core.o)
 .data          0x000103a4        0x0 /root/imx-optee-os/out/arm-plat-imx/export-ta_arm32/lib/libmbedtls.a(constant_time.o)
 .data          0x000103a4        0x0 /root/imx-optee-os/out/arm-plat-imx/export-ta_arm32/lib/libmbedtls.a(platform_util.o)
 .data          0x000103a4        0x0 /root/imx-optee-os/out/arm-plat-imx/export-ta_arm32/lib/libutils.a(snprintf.o)
 .data          0x000103a4        0x0 /root/imx-optee-os/out/arm-plat-imx/export-ta_arm32/lib/libutils.a(memcpy.o)
 .data          0x000103a4        0x0 /root/imx-optee-os/out/arm-plat-imx/export-ta_arm32/lib/libutils.a(memmove.o)
 .data          0x000103a4        0x0 /root/imx-optee-os/out/arm-plat-imx/export-ta_arm32/lib/libutils.a(memset.o)
 .data          0x000103a4        0x0 /root/imx-optee-os/out/arm-plat-imx/export-ta_arm32/lib/libutils.a(strcmp.o)
 .data          0x000103a4        0x0 /root/imx-optee-os/out/arm-plat-imx/export-ta_arm32/lib/libutils.a(arm32_aeabi_divmod.o)
 .data          0x000103a4        0x0 /root/imx-optee-os/out/arm-plat-imx/export-ta_arm32/lib/libutils.a(strlcpy.o)
 .data          0x000103a4        0x0 /root/imx-optee-os/out/arm-plat-imx/export-ta_arm32/lib/libutils.a(mempool.o)
 .data          0x000103a4        0x0 /root/imx-optee-os/out/arm-plat-imx/export-ta_arm32/lib/libutils.a(consttime_memcmp.o)
 .data          0x000103a4        0x0 /root/imx-optee-os/out/arm-plat-imx/export-ta_arm32/lib/libutils.a(base64.o)
 .data          0x000103a4        0x0 /root/imx-optee-os/out/arm-plat-imx/export-ta_arm32/lib/libutils.a(arm32_aeabi_divmod_a32.o)

.igot.plt       0x000103a4        0x0
 .igot.plt      0x000103a4        0x0 ./register_ta.o

.bss            0x000103a4     0xb874
 *(SORT_BY_ALIGNMENT(.bss) SORT_BY_ALIGNMENT(.bss.*) SORT_BY_ALIGNMENT(.gnu.linkonce.b.*) SORT_BY_ALIGNMENT(COMMON))
 .bss           0x000103a4       0x10 ./register_ta.o
 .bss           0x000103b4        0x8 /root/imx-optee-os/out/arm-plat-imx/export-ta_arm32/lib/libutee.a(tee_api.o)
 .bss           0x000103bc        0x4 /root/imx-optee-os/out/arm-plat-imx/export-ta_arm32/lib/libutee.a(tee_system_pta.o)
 .bss           0x000103c0       0x3c /root/imx-optee-os/out/arm-plat-imx/export-ta_arm32/lib/libutee.a(user_ta_entry.o)
                0x000103c8                __elf_phdr_info
                0x000103d4                __ta_no_share_malloc_ctx
                0x000103d8                ta_params
                0x000103f8                ta_param_types
 .bss           0x000103fc     0x3800 /root/imx-optee-os/out/arm-plat-imx/export-ta_arm32/lib/libutee.a(tee_api_arith_mpi.o)
 .bss           0x00013bfc        0x8 /root/imx-optee-os/out/arm-plat-imx/export-ta_arm32/lib/libutee.a(tcb.o)
 .bss           0x00013c04        0x4 /root/imx-optee-os/out/arm-plat-imx/export-ta_arm32/lib/libmbedtls.a(bignum.o)
                0x00013c04                mbedtls_mpi_mempool
 .bss           0x00013c08        0x4 /root/imx-optee-os/out/arm-plat-imx/export-ta_arm32/lib/libmbedtls.a(constant_time.o)
                0x00013c08                mbedtls_ct_zero
 .bss           0x00013c0c        0x4 /root/imx-optee-os/out/arm-plat-imx/export-ta_arm32/lib/libutils.a(bget_malloc.o)
 .bss           0x00013c10     0x8001 ./user_ta_header.o
                0x00013c11                ta_heap
                0x00013c11                __ta_no_share_heap
 .bss           0x0001bc11        0x0 ./ta_entry_a32.o
 .bss           0x0001bc11        0x0 /root/imx-optee-os/out/arm-plat-imx/export-ta_arm32/lib/libutils.a(stack_check.o)
 .bss           0x0001bc11        0x0 /root/imx-optee-os/out/arm-plat-imx/export-ta_arm32/lib/libutils.a(arm32_aeabi_ldivmod_a32.o)
 .bss           0x0001bc11        0x0 /root/imx-optee-os/out/arm-plat-imx/export-ta_arm32/lib/libutils.a(arm32_aeabi_ldivmod.o)
 .bss           0x0001bc11        0x0 /root/imx-optee-os/out/arm-plat-imx/export-ta_arm32/lib/libutils.a(trace.o)
 .bss           0x0001bc11        0x0 /root/imx-optee-os/out/arm-plat-imx/export-ta_arm32/lib/libutils.a(aeabi_unwind.o)
 .bss           0x0001bc11        0x0 /root/imx-optee-os/out/arm-plat-imx/export-ta_arm32/lib/libutils.a(snprintk.o)
 .bss           0x0001bc11        0x0 /root/imx-optee-os/out/arm-plat-imx/export-ta_arm32/lib/libutils.a(memchr.o)
 .bss           0x0001bc11        0x0 /root/imx-optee-os/out/arm-plat-imx/export-ta_arm32/lib/libutils.a(strlen.o)
 .bss           0x0001bc11        0x0 /root/imx-optee-os/out/arm-plat-imx/export-ta_arm32/lib/libutee.a(trace_ext.o)
 .bss           0x0001bc11        0x0 /root/imx-optee-os/out/arm-plat-imx/export-ta_arm32/lib/libutee.a(tee_api_operations.o)
 .bss           0x0001bc11        0x0 /root/imx-optee-os/out/arm-plat-imx/export-ta_arm32/lib/libutee.a(tee_api_panic.o)
 .bss           0x0001bc11        0x0 /root/imx-optee-os/out/arm-plat-imx/export-ta_arm32/lib/libutee.a(utee_syscalls_a32.o)
 .bss           0x0001bc11        0x0 /root/imx-optee-os/out/arm-plat-imx/export-ta_arm32/lib/libutee.a(abort.o)
 .bss           0x0001bc11        0x0 /root/imx-optee-os/out/arm-plat-imx/export-ta_arm32/lib/libutee.a(assert.o)
 .bss           0x0001bc11        0x0 /root/imx-optee-os/out/arm-plat-imx/export-ta_arm32/lib/libutee.a(tee_api_objects.o)
 .bss           0x0001bc11        0x0 /root/imx-optee-os/out/arm-plat-imx/export-ta_arm32/lib/libutee.a(tee_api_property.o)
 .bss           0x0001bc11        0x0 /root/imx-optee-os/out/arm-plat-imx/export-ta_arm32/lib/libmbedtls.a(bignum_core.o)
 .bss           0x0001bc11        0x0 /root/imx-optee-os/out/arm-plat-imx/export-ta_arm32/lib/libmbedtls.a(platform_util.o)
 .bss           0x0001bc11        0x0 /root/imx-optee-os/out/arm-plat-imx/export-ta_arm32/lib/libutils.a(snprintf.o)
 .bss           0x0001bc11        0x0 /root/imx-optee-os/out/arm-plat-imx/export-ta_arm32/lib/libutils.a(memcpy.o)
 .bss           0x0001bc11        0x0 /root/imx-optee-os/out/arm-plat-imx/export-ta_arm32/lib/libutils.a(memmove.o)
 .bss           0x0001bc11        0x0 /root/imx-optee-os/out/arm-plat-imx/export-ta_arm32/lib/libutils.a(memset.o)
 .bss           0x0001bc11        0x0 /root/imx-optee-os/out/arm-plat-imx/export-ta_arm32/lib/libutils.a(strcmp.o)
 .bss           0x0001bc11        0x0 /root/imx-optee-os/out/arm-plat-imx/export-ta_arm32/lib/libutils.a(arm32_aeabi_divmod.o)
 .bss           0x0001bc11        0x0 /root/imx-optee-os/out/arm-plat-imx/export-ta_arm32/lib/libutils.a(strlcpy.o)
 .bss           0x0001bc11        0x0 /root/imx-optee-os/out/arm-plat-imx/export-ta_arm32/lib/libutils.a(mempool.o)
 .bss           0x0001bc11        0x0 /root/imx-optee-os/out/arm-plat-imx/export-ta_arm32/lib/libutils.a(consttime_memcmp.o)
 .bss           0x0001bc11        0x0 /root/imx-optee-os/out/arm-plat-imx/export-ta_arm32/lib/libutils.a(base64.o)
 .bss           0x0001bc11        0x0 /root/imx-optee-os/out/arm-plat-imx/export-ta_arm32/lib/libutils.a(arm32_aeabi_divmod_a32.o)
                0x0001bc18                        . = ALIGN (0x8)
 *fill*         0x0001bc11        0x7 
                0x0001bc18                        __ftrace_buf_start = .
                0x0001bc18                        . = (. + DEFINED (__gnu_mcount_nc)?0x800:0x0)
                0x0001bc18                        __ftrace_buf_end = .

.dynbss         0x0001bc18        0x0
 .dynbss        0x0001bc18        0x0 ./register_ta.o

/DISCARD/
 *(SORT_BY_ALIGNMENT(.interp))
LOAD ./register_ta.o
LOAD ./user_ta_header.o
LOAD ./ta_entry_a32.o
START GROUP
LOAD /root/imx-optee-os/out/arm-plat-imx/export-ta_arm32/lib/libutils.a