ptp4l[15180.575]: selected /dev/ptp0 as PTP clock
ptp4l[15180.579]: port 1 (eth0): INITIALIZING to LISTENING on INIT_COMPLETE
ptp4l[15180.580]: port 0 (/var/run/ptp/ptp4l): INITIALIZING to LISTENING on INIT_COMPLETE
ptp4l[15180.580]: port 0 (/var/run/ptp/ptp4lro): INITIALIZING to LISTENING on INIT_COMPLETE
ptp4l[15181.078]: port 1 (eth0): new foreign master 641c10.fffe.f12579-1
ptp4l[15185.078]: selected best master clock 641c10.fffe.f12579
ptp4l[15185.078]: port 1 (eth0): LISTENING to UNCALIBRATED on RS_SLAVE
ptp4l[15187.075]: master offset   -4189877 s0 freq      +2 path delay     26334
ptp4l[15188.075]: master offset   -4271282 s1 freq  -81400 path delay     26334
ptp4l[15189.075]: master offset     -79355 s2 freq -160755 path delay     26334
ptp4l[15189.075]: port 1 (eth0): UNCALIBRATED to SLAVE on MASTER_CLOCK_SELECTED
ptp4l[15190.075]: master offset    -160740 s2 freq -265947 path delay     26334
ptp4l[15191.075]: master offset    -102992 s2 freq -256421 path delay     20091
ptp4l[15192.076]: master offset     -56035 s2 freq -240361 path delay     20091
ptp4l[15193.076]: master offset     -15178 s2 freq -216315 path delay     18045
ptp4l[15194.076]: master offset      13798 s2 freq -191892 path delay     16000
ptp4l[15195.076]: master offset      28811 s2 freq -172740 path delay     15606
ptp4l[15196.076]: master offset      35528 s2 freq -157380 path delay     13945
ptp4l[15197.076]: master offset      22594 s2 freq -159655 path delay     13506
ptp4l[15198.076]: master offset      31987 s2 freq -143484 path delay     13506
ptp4l[15199.076]: master offset      22371 s2 freq -143504 path delay     13506
ptp4l[15200.076]: master offset      14317 s2 freq -144847 path delay     11920
ptp4l[15201.077]: master offset     -67029 s2 freq -221898 path delay     11920
ptp4l[15202.077]: master offset    -148408 s2 freq -323385 path delay     11920
ptp4l[15203.077]: master offset    -228230 s2 freq -447730 path delay     10359
ptp4l[15204.077]: master offset    -310763 s2 freq -598732 path delay     11507
ptp4l[15205.077]: master offset    -392420 s2 freq -773618 path delay     11779
ptp4l[15206.077]: master offset      43576 s2 freq -455348 path delay     11779
ptp4l[15207.077]: master offset     266471 s2 freq -219380 path delay     11779
ptp4l[15208.077]: master offset     326625 s2 freq  -79284 path delay     11779
ptp4l[15209.077]: master offset     299926 s2 freq   -7996 path delay     11779
ptp4l[15210.077]: master offset     223900 s2 freq   +5956 path delay     11779
ptp4l[15211.078]: master offset     133057 s2 freq  -17717 path delay     17278
ptp4l[15212.078]: master offset      63484 s2 freq  -47373 path delay     17278
ptp4l[15213.078]: master offset      15165 s2 freq  -76647 path delay     15802
ptp4l[15214.078]: master offset     -18391 s2 freq -105653 path delay     16988
ptp4l[15215.078]: master offset     -26433 s2 freq -119213 path delay     16988
ptp4l[15216.078]: master offset      14471 s2 freq  -86239 path delay     13974
ptp4l[15217.078]: master offset      25052 s2 freq  -71316 path delay      8298
ptp4l[15218.078]: master offset      15035 s2 freq  -73818 path delay      8298
ptp4l[15219.078]: master offset       7490 s2 freq  -76852 path delay      8298
ptp4l[15220.078]: master offset       2987 s2 freq  -79108 path delay      8298
ptp4l[15221.078]: master offset       5945 s2 freq  -75254 path delay      3085
ptp4l[15222.079]: master offset       -170 s2 freq  -79586 path delay      3085
ptp4l[15223.079]: master offset       -880 s2 freq  -80347 path delay      2035
ptp4l[15224.079]: master offset      -1868 s2 freq  -81599 path delay      2035
ptp4l[15225.079]: master offset      -1296 s2 freq  -81587 path delay      1732
ptp4l[15226.079]: master offset     -82647 s2 freq -163327 path delay      1732
ptp4l[15227.079]: master offset    -164020 s2 freq -269494 path delay      1732
ptp4l[15228.079]: master offset    -245698 s2 freq -400378 path delay      2035
ptp4l[15229.079]: master offset    -327065 s2 freq -555454 path delay      2035
ptp4l[15230.079]: master offset    -408909 s2 freq -735418 path delay      2511
ptp4l[15231.079]: master offset     249629 s2 freq -199552 path delay      2035
ptp4l[15232.080]: master offset     268250 s2 freq -106043 path delay      2035
ptp4l[15233.080]: master offset     232465 s2 freq  -61353 path delay      9533
ptp4l[15234.080]: master offset     181795 s2 freq  -42283 path delay      9533
ptp4l[15235.080]: master offset     114610 s2 freq  -54930 path delay     16503
ptp4l[15236.080]: master offset      69508 s2 freq  -65649 path delay     16859
ptp4l[15237.080]: master offset      31905 s2 freq  -82399 path delay     16859
ptp4l[15238.080]: master offset       5815 s2 freq  -98918 path delay     16503
ptp4l[15239.080]: master offset      -9575 s2 freq -112563 path delay     16503
ptp4l[15240.080]: master offset     -14620 s2 freq -120481 path delay     15259
ptp4l[15241.081]: master offset     -35719 s2 freq -145966 path delay     15259
ptp4l[15242.081]: master offset     -42503 s2 freq -163466 path delay     13675
ptp4l[15243.081]: master offset     -42591 s2 freq -176304 path delay     14200
ptp4l[15244.081]: master offset     -35260 s2 freq -181751 path delay     13649
ptp4l[15245.081]: master offset     -25654 s2 freq -182723 path delay     13649
ptp4l[15246.081]: master offset     -13675 s2 freq -178440 path delay     11678
ptp4l[15247.081]: master offset      -4634 s2 freq -173501 path delay     10549
ptp4l[15248.081]: master offset        806 s2 freq -169452 path delay     10549
ptp4l[15249.081]: master offset       4866 s2 freq -165150 path delay      9935
ptp4l[15250.081]: master offset       6173 s2 freq -162383 path delay      9935
ptp4l[15251.082]: master offset      87362 s2 freq  -79342 path delay      9935
ptp4l[15252.082]: master offset      85962 s2 freq  -54534 path delay      9374
ptp4l[15253.082]: master offset      59151 s2 freq  -55556 path delay      9374
ptp4l[15254.082]: master offset      34417 s2 freq  -62545 path delay      8290
ptp4l[15255.082]: master offset      15618 s2 freq  -71019 path delay      8290
ptp4l[15256.082]: master offset     -30240 s2 freq -112191 path delay      8290
ptp4l[15257.082]: master offset     -55506 s2 freq -146529 path delay      8290
ptp4l[15258.082]: master offset     -63620 s2 freq -171295 path delay      8290
ptp4l[15259.082]: master offset    -145834 s2 freq -272595 path delay      9263
ptp4l[15260.082]: master offset      48330 s2 freq -122181 path delay      6476
ptp4l[15261.082]: master offset      89222 s2 freq  -66790 path delay      6476
ptp4l[15262.082]: master offset      74702 s2 freq  -54544 path delay      6476
ptp4l[15263.083]: master offset      47912 s2 freq  -58923 path delay      6476
ptp4l[15264.083]: master offset      27476 s2 freq  -64985 path delay      4481
ptp4l[15265.083]: master offset      11115 s2 freq  -73104 path delay      4481
ptp4l[15266.083]: master offset     -73432 s2 freq -154316 path delay      7723
ptp4l[15267.083]: master offset       -614 s2 freq -103528 path delay      7723
ptp4l[15268.083]: master offset     -81912 s2 freq -185010 path delay      7723
ptp4l[15269.083]: master offset    -165338 s2 freq -293009 path delay      9865
ptp4l[15270.083]: master offset      32023 s2 freq -145250 path delay      9865
ptp4l[15271.083]: master offset     -44073 s2 freq -211739 path delay     11763
ptp4l[15272.083]: master offset    -125373 s2 freq -306261 path delay     11763
ptp4l[15273.084]: master offset    -206192 s2 freq -424692 path delay     11328
ptp4l[15274.084]: master offset     141985 s2 freq -138372 path delay      6609
ptp4l[15275.084]: master offset      60744 s2 freq -177018 path delay      6609
ptp4l[15276.084]: master offset      96883 s2 freq -122656 path delay      6609
ptp4l[15277.084]: master offset      91962 s2 freq  -98512 path delay      4044
ptp4l[15278.084]: master offset      82943 s2 freq  -79942 path delay      4044
ptp4l[15279.084]: master offset      52063 s2 freq  -85939 path delay      6884
ptp4l[15280.084]: master offset      28008 s2 freq  -94375 path delay      6884
ptp4l[15281.084]: master offset      45219 s2 freq  -68762 path delay      2728
ptp4l[15282.084]: master offset      32659 s2 freq  -67756 path delay      2728
ptp4l[15283.085]: master offset      16911 s2 freq  -73707 path delay      4905
ptp4l[15284.085]: master offset       9290 s2 freq  -76254 path delay      4905
ptp4l[15285.085]: master offset       7692 s2 freq  -75065 path delay      1411
ptp4l[15286.085]: master offset     -73648 s2 freq -154098 path delay      1411
ptp4l[15287.085]: master offset    -155005 s2 freq -257549 path delay      1411
ptp4l[15288.085]: master offset    -236374 s2 freq -385420 path delay      1411
ptp4l[15289.085]: master offset    -319340 s2 freq -539298 path delay      3027
ptp4l[15290.085]: master offset    -400692 s2 freq -716452 path delay      3027
ptp4l[15291.085]: master offset    -124759 s2 freq -560726 path delay      4730
ptp4l[15292.085]: master offset      75466 s2 freq -397929 path delay      4730
ptp4l[15293.086]: master offset     193211 s2 freq -257544 path delay      4730
ptp4l[15294.086]: master offset     240774 s2 freq -152018 path delay      4730
ptp4l[15295.086]: master offset     148003 s2 freq -172557 path delay     16314
ptp4l[15296.086]: master offset     239162 s2 freq  -36997 path delay     16314
ptp4l[15297.086]: master offset     157850 s2 freq  -46560 path delay     16314
ptp4l[15298.086]: master offset      87063 s2 freq  -69992 path delay      5750
ptp4l[15299.086]: master offset       5696 s2 freq -125240 path delay      5750
ptp4l[15300.086]: master offset     -76304 s2 freq -205532 path delay      6404
ptp4l[15301.086]: master offset     -55571 s2 freq -207690 path delay      7043
ptp4l[15302.086]: master offset     -32934 s2 freq -201724 path delay      7043
ptp4l[15303.087]: master offset     -13314 s2 freq -191984 path delay      7043
ptp4l[15304.087]: master offset       1352 s2 freq -181312 path delay      7043
ptp4l[15305.087]: master offset      10700 s2 freq -171559 path delay      7043
ptp4l[15306.087]: master offset      43806 s2 freq -135243 path delay      7043
ptp4l[15307.087]: master offset      52644 s2 freq -113263 path delay      7043
ptp4l[15308.087]: master offset      46843 s2 freq -103271 path delay      7043
ptp4l[15309.087]: master offset      30256 s2 freq -105805 path delay      7550
ptp4l[15310.087]: master offset      23148 s2 freq -103836 path delay      7550
ptp4l[15311.087]: master offset      -6255 s2 freq -126295 path delay      7550
ptp4l[15312.087]: master offset     -24426 s2 freq -146342 path delay      7550
ptp4l[15313.087]: master offset     -33793 s2 freq -163037 path delay      8741
ptp4l[15314.088]: master offset     -34819 s2 freq -174201 path delay     10005
ptp4l[15315.088]: master offset     -30751 s2 freq -180579 path delay     11748
ptp4l[15316.088]: master offset     -26125 s2 freq -185178 path delay     11748
ptp4l[15317.088]: master offset      -7739 s2 freq -174629 path delay      9040
ptp4l[15318.088]: master offset      -1679 s2 freq -170891 path delay      9040
ptp4l[15319.088]: master offset       2469 s2 freq -167247 path delay      9040
ptp4l[15320.088]: master offset       2066 s2 freq -166909 path delay     11748
ptp4l[15321.088]: master offset      87826 s2 freq  -80529 path delay     11748
ptp4l[15322.088]: master offset      88100 s2 freq  -53908 path delay     10698
ptp4l[15323.088]: master offset      60682 s2 freq  -54896 path delay     10698
ptp4l[15324.089]: master offset      34222 s2 freq  -63151 path delay     10698
ptp4l[15325.089]: master offset      12739 s2 freq  -74367 path delay      8615
ptp4l[15326.089]: master offset     -62307 s2 freq -145592 path delay      8615
ptp4l[15327.089]: master offset    -143580 s2 freq -245557 path delay      8615
ptp4l[15328.089]: master offset      23868 s2 freq -121183 path delay      5193
ptp4l[15329.089]: master offset     -58680 s2 freq -196570 path delay      6451
ptp4l[15330.089]: master offset    -145603 s2 freq -301097 path delay     12038
ptp4l[15331.089]: master offset     -21283 s2 freq -220458 path delay      7077
ptp4l[15332.089]: master offset      44353 s2 freq -161207 path delay      7077
ptp4l[15333.089]: master offset      70550 s2 freq -121704 path delay      7077
ptp4l[15334.090]: master offset      70359 s2 freq -100730 path delay      7077
ptp4l[15335.090]: master offset      51477 s2 freq  -98505 path delay     11814
ptp4l[15336.090]: master offset      34473 s2 freq -100065 path delay     13188
ptp4l[15337.090]: master offset      22312 s2 freq -101885 path delay     10725
ptp4l[15338.090]: master offset       8938 s2 freq -108565 path delay     10725
ptp4l[15339.090]: master offset        143 s2 freq -114679 path delay     10569
ptp4l[15340.090]: master offset      -4749 s2 freq -119528 path delay     10569
ptp4l[15341.090]: master offset      34834 s2 freq  -81369 path delay      9249
ptp4l[15342.090]: master offset      35590 s2 freq  -70163 path delay      8542
ptp4l[15343.090]: master offset      28726 s2 freq  -66350 path delay      4255
ptp4l[15344.091]: master offset      13768 s2 freq  -72690 path delay      4255
ptp4l[15345.091]: master offset       5920 s2 freq  -76408 path delay      3473
ptp4l[15346.091]: master offset     -24456 s2 freq -105008 path delay      3473
ptp4l[15347.091]: master offset     -35785 s2 freq -123674 path delay      3473
ptp4l[15348.091]: master offset     -35747 s2 freq -134371 path delay      4591
ptp4l[15349.091]: master offset     -27491 s2 freq -136839 path delay      4591
ptp4l[15350.091]: master offset     -17561 s2 freq -135157 path delay      4591
ptp4l[15351.091]: master offset     -98975 s2 freq -221839 path delay      4716
ptp4l[15352.091]: master offset    -180324 s2 freq -332880 path delay      4716
ptp4l[15353.091]: master offset    -263694 s2 freq -470348 path delay      6737
ptp4l[15354.092]: master offset    -345043 s2 freq -630805 path delay      6737
ptp4l[15355.092]: master offset    -428427 s2 freq -817702 path delay      8767
ptp4l[15356.092]: master offset     -98754 s2 freq -616557 path delay      8767
ptp4l[15357.092]: master offset     129217 s2 freq -418212 path delay      8899
ptp4l[15358.092]: master offset     257663 s2 freq -251001 path delay      8899
ptp4l[15359.092]: master offset     302003 s2 freq -129362 path delay      8767
ptp4l[15360.092]: master offset     285391 s2 freq  -55373 path delay      8767
ptp4l[15361.092]: master offset     203794 s2 freq  -51353 path delay      9032
ptp4l[15362.092]: master offset     122452 s2 freq  -71557 path delay      9032
ptp4l[15363.092]: master offset      39532 s2 freq -117741 path delay     10610
ptp4l[15364.093]: master offset     -41813 s2 freq -187226 path delay     10610
ptp4l[15365.093]: master offset    -123156 s2 freq -281113 path delay     10610
ptp4l[15366.093]: master offset    -206194 s2 freq -401098 path delay     12295
ptp4l[15367.093]: master offset    -287501 s2 freq -544263 path delay     12295
ptp4l[15368.093]: master offset    -368619 s2 freq -711632 path delay     12295
ptp4l[15369.093]: master offset     263803 s2 freq -189795 path delay     12295
ptp4l[15370.093]: master offset     183193 s2 freq -191264 path delay     11883
ptp4l[15371.093]: master offset     100109 s2 freq -219391 path delay     13709
ptp4l[15372.093]: master offset     228402 s2 freq  -61065 path delay     13709
ptp4l[15373.094]: master offset     180319 s2 freq  -40627 path delay     13709
ptp4l[15374.094]: master offset      90356 s2 freq  -76495 path delay     22374
ptp4l[15375.094]: master offset      85444 s2 freq  -54300 path delay     22374
ptp4l[15376.094]: master offset      39844 s2 freq  -74267 path delay     22833
ptp4l[15377.094]: master offset       8000 s2 freq  -94157 path delay     22833
ptp4l[15378.094]: master offset      -3345 s2 freq -103102 path delay     15624
ptp4l[15379.094]: master offset     -15935 s2 freq -116696 path delay     15624
ptp4l[15380.094]: master offset     -18765 s2 freq -124306 path delay     14905
ptp4l[15381.095]: master offset     -38641 s2 freq -149812 path delay     15624
ptp4l[15382.095]: master offset     -45584 s2 freq -168347 path delay     16142
ptp4l[15383.095]: master offset     -42705 s2 freq -179143 path delay     16142
ptp4l[15384.095]: master offset    -123387 s2 freq -272637 path delay     15624
ptp4l[15385.095]: master offset      67971 s2 freq -118295 path delay     15624
ptp4l[15386.095]: master offset      46444 s2 freq -119431 path delay     15067
ptp4l[15387.095]: master offset      24309 s2 freq -127632 path delay     15607
ptp4l[15388.095]: master offset       6801 s2 freq -137848 path delay     15607
ptp4l[15389.095]: master offset     -73062 s2 freq -215670 path delay     15607
ptp4l[15390.095]: master offset      65302 s2 freq  -99225 path delay      9451
ptp4l[15391.095]: master offset      33620 s2 freq -111316 path delay      9451
ptp4l[15392.096]: master offset      13206 s2 freq -121644 path delay      4213
ptp4l[15393.096]: master offset      -8737 s2 freq -139626 path delay      5661
ptp4l[15394.096]: master offset     -18812 s2 freq -152322 path delay      4213
ptp4l[15395.096]: master offset     -37924 s2 freq -177077 path delay      4213
ptp4l[15396.096]: master offset    -103022 s2 freq -253553 path delay      4213
ptp4l[15397.096]: master offset    -183913 s2 freq -365350 path delay      3801
ptp4l[15398.096]: master offset    -265317 s2 freq -501928 path delay      3860
ptp4l[15399.096]: master offset    -349713 s2 freq -665919 path delay      6899
ptp4l[15400.096]: master offset    -431066 s2 freq -852186 path delay      6899
ptp4l[15401.096]: master offset     345237 s2 freq -205203 path delay      5098
ptp4l[15402.096]: master offset     469395 s2 freq  +22526 path delay      5098
ptp4l[15403.097]: master offset     364454 s2 freq  +58404 path delay      6261
ptp4l[15404.097]: master offset     221525 s2 freq  +24811 path delay      9442
ptp4l[15405.097]: master offset     115343 s2 freq  -14914 path delay      9442
ptp4l[15406.097]: master offset      35108 s2 freq  -60546 path delay     15766
ptp4l[15407.097]: master offset     -20142 s2 freq -105263 path delay     19925
ptp4l[15408.097]: master offset     -48855 s2 freq -140019 path delay     19925
ptp4l[15409.097]: master offset     -46667 s2 freq -152487 path delay      6435
ptp4l[15410.097]: master offset     -51714 s2 freq -171534 path delay      6435
ptp4l[15411.097]: master offset      38624 s2 freq  -96711 path delay      6435
ptp4l[15412.100]: master offset      59454 s2 freq  -64293 path delay      1037
ptp4l[15413.098]: master offset      42484 s2 freq  -63427 path delay      1037
ptp4l[15414.098]: master offset      24583 s2 freq  -68583 path delay      1037
ptp4l[15415.098]: master offset      11831 s2 freq  -73960 path delay      1037
ptp4l[15416.098]: master offset     -70850 s2 freq -153092 path delay      2377
ptp4l[15417.098]: master offset    -152205 s2 freq -255702 path delay      2377
ptp4l[15418.098]: master offset    -235807 s2 freq -384965 path delay      4620
ptp4l[15419.098]: master offset    -317250 s2 freq -537150 path delay      4704
ptp4l[15420.098]: master offset    -398613 s2 freq -713688 path delay      4704
ptp4l[15421.098]: master offset      -3987 s2 freq -438646 path delay      4704
ptp4l[15422.098]: master offset     208169 s2 freq -227686 path delay      4704
ptp4l[15423.099]: master offset     275992 s2 freq  -97413 path delay      7389
ptp4l[15424.099]: master offset     248334 s2 freq  -42273 path delay     10399
ptp4l[15425.099]: master offset     198764 s2 freq  -17343 path delay     10399
ptp4l[15426.099]: master offset     117428 s2 freq  -39050 path delay     10399
ptp4l[15427.099]: master offset      75044 s2 freq  -46205 path delay     10464
ptp4l[15428.099]: master offset      -6296 s2 freq -105032 path delay     10464
ptp4l[15429.099]: master offset     -87637 s2 freq -188262 path delay     10464
ptp4l[15430.099]: master offset    -169927 s2 freq -296843 path delay     11395
ptp4l[15431.099]: master offset      45511 s2 freq -132383 path delay     11395
ptp4l[15432.099]: master offset      96652 s2 freq  -67589 path delay     11395
ptp4l[15433.099]: master offset      82944 s2 freq  -52301 path delay     11395
ptp4l[15434.100]: master offset      53909 s2 freq  -56453 path delay     11395
ptp4l[15435.100]: master offset      28963 s2 freq  -65226 path delay     11452
ptp4l[15436.100]: master offset      12852 s2 freq  -72648 path delay     11452
ptp4l[15437.100]: master offset      11753 s2 freq  -69892 path delay      3886
ptp4l[15438.100]: master offset       1002 s2 freq  -77117 path delay      3202
ptp4l[15439.100]: master offset      -2755 s2 freq  -80573 path delay      2774
ptp4l[15440.100]: master offset      -3496 s2 freq  -82141 path delay      2774
ptp4l[15441.100]: master offset     -44022 s2 freq -123716 path delay      3046
ptp4l[15442.100]: master offset     -63488 s2 freq -156388 path delay      3046
ptp4l[15443.100]: master offset     -71919 s2 freq -183866 path delay      3373
ptp4l[15444.101]: master offset     -56026 s2 freq -189548 path delay      4057
ptp4l[15445.101]: master offset     -47161 s2 freq -197491 path delay      8688
ptp4l[15446.101]: master offset    -128427 s2 freq -292905 path delay      8688
ptp4l[15447.101]: master offset    -209766 s2 freq -412773 path delay      8688
ptp4l[15448.101]: master offset    -292898 s2 freq -558834 path delay     10482
ptp4l[15449.101]: master offset    -375735 s2 freq -729541 path delay     11992
ptp4l[15450.101]: master offset    -457082 s2 freq -923608 path delay     11992
ptp4l[15451.101]: master offset    -538395 s2 freq -1142046 path delay     11992
ptp4l[15452.101]: master offset    -623165 s2 freq -1388334 path delay     15536
ptp4l[15453.101]: master offset    -704504 s2 freq -1656623 path delay     15536
ptp4l[15454.102]: master offset    -793278 s2 freq -1956748 path delay     23049
ptp4l[15455.102]: master offset    -874495 s2 freq -2275948 path delay     24015
ptp4l[15456.102]: master offset    1357093 s2 freq -306709 path delay     24015
ptp4l[15457.102]: master offset    1276472 s2 freq  +19798 path delay     24015
ptp4l[15458.102]: master offset    1196138 s2 freq +322406 path delay     23049
ptp4l[15459.102]: master offset    1114805 s2 freq +599914 path delay     23049
ptp4l[15460.102]: master offset    1033480 s2 freq +853030 path delay     23049
ptp4l[15461.102]: master offset     954569 s2 freq +1084163 path delay     20622
ptp4l[15462.102]: master offset     873250 s2 freq +1289215 path delay     20622
ptp4l[15463.103]: master offset     793623 s2 freq +1471563 path delay     18857
ptp4l[15464.103]: master offset     712296 s2 freq +1628323 path delay     18857
ptp4l[15465.103]: master offset     631228 s2 freq +1760944 path delay     18602
ptp4l[15466.103]: master offset     550175 s2 freq +1869259 path delay     18328
ptp4l[15467.103]: master offset     468799 s2 freq +1952936 path delay     18328
ptp4l[15468.103]: master offset     386318 s2 freq +2011094 path delay     18328
ptp4l[15469.103]: master offset   -1709826 s2 freq  +30846 path delay     18687
ptp4l[15470.103]: master offset   -1791833 s2 freq -564109 path delay     18687
ptp4l[15471.103]: master offset   -1307815 s2 freq -617641 path delay     18687
ptp4l[15472.103]: master offset    -765130 s2 freq -467300 path delay     13440
ptp4l[15473.104]: master offset    -378223 s2 freq -309932 path delay     13440
ptp4l[15474.104]: master offset     -73450 s2 freq -118626 path delay    -62393
ptp4l[15475.104]: master offset     -35993 s2 freq -103204 path delay    -62393
ptp4l[15476.104]: master offset     -14089 s2 freq  -92098 path delay    -62393
ptp4l[15477.104]: master offset      -3296 s2 freq  -85532 path delay    -62393
ptp4l[15478.104]: master offset     -33513 s2 freq -116738 path delay    -27949
ptp4l[15479.104]: master offset     -21619 s2 freq -114898 path delay     -4363
ptp4l[15480.104]: master offset      11341 s2 freq  -88423 path delay     -3654
