ptp4l[11789.855]: selected /dev/ptp0 as PTP clock
ptp4l[11789.859]: port 1 (eth0): INITIALIZING to LISTENING on INIT_COMPLETE
ptp4l[11789.860]: port 0 (/var/run/ptp/ptp4l): INITIALIZING to LISTENING on INIT_COMPLETE
ptp4l[11789.860]: port 0 (/var/run/ptp/ptp4lro): INITIALIZING to LISTENING on INIT_COMPLETE
ptp4l[11789.909]: port 1 (eth0): new foreign master 641c10.fffe.f12579-1
ptp4l[11793.909]: selected best master clock 641c10.fffe.f12579
ptp4l[11793.910]: port 1 (eth0): LISTENING to UNCALIBRATED on RS_SLAVE
ptp4l[11795.906]: master offset   11532234 s0 freq  -84658 path delay   -750662
ptp4l[11796.906]: master offset   12660144 s1 freq +1041539 path delay   -374994
ptp4l[11797.906]: master offset   -1122365 s2 freq  -80826 path delay   -374994
ptp4l[11797.907]: port 1 (eth0): UNCALIBRATED to SLAVE on MASTER_CLOCK_SELECTED
ptp4l[11798.906]: master offset    2250620 s2 freq +2955449 path delay   -748721
ptp4l[11799.906]: master offset     319727 s2 freq +1699742 path delay   -374024
ptp4l[11800.907]: master offset   -1474285 s2 freq   +1648 path delay   -374024
ptp4l[11801.907]: master offset    1795222 s2 freq +2828870 path delay   -727013
ptp4l[11802.907]: master offset   -1125686 s2 freq +446528 path delay   -727013
ptp4l[11803.907]: master offset    1353880 s2 freq +2588389 path delay   -736739
ptp4l[11804.907]: master offset     159609 s2 freq +1800282 path delay   -727013
ptp4l[11805.907]: master offset    -305824 s2 freq +1382731 path delay   -654627
ptp4l[11806.907]: master offset    -559526 s2 freq +1037282 path delay   -371074
ptp4l[11807.907]: master offset    -553980 s2 freq +874970 path delay       461
ptp4l[11808.907]: master offset     -15446 s2 freq +1247310 path delay       461
ptp4l[11809.907]: master offset   -1346439 s2 freq  -88317 path delay       461
ptp4l[11810.908]: master offset    1660164 s2 freq +2514355 path delay       461
ptp4l[11811.908]: master offset     347209 s2 freq +1699449 path delay    182571
ptp4l[11812.908]: master offset   -1446574 s2 freq   +9829 path delay    182571
ptp4l[11813.908]: master offset    1462005 s2 freq +2484435 path delay    182571
ptp4l[11814.908]: master offset     382037 s2 freq +1843069 path delay    182571
ptp4l[11815.908]: master offset   -1565012 s2 freq  +10631 path delay    182571
ptp4l[11816.908]: master offset    1502795 s2 freq +2608934 path delay     22203
ptp4l[11817.908]: master offset     177477 s2 freq +1734455 path delay    107991
ptp4l[11818.908]: master offset   -1640224 s2 freq  -30003 path delay    107991
ptp4l[11819.908]: master offset    1593862 s2 freq +2712016 path delay   -178094
ptp4l[11820.909]: master offset   -1069587 s2 freq +526725 path delay   -312148
ptp4l[11821.908]: master offset    1645743 s2 freq +2921179 path delay   -636969
ptp4l[11822.909]: master offset      89212 s2 freq +1858371 path delay   -636969
ptp4l[11823.909]: master offset   -1858187 s2 freq  -62264 path delay   -636969
ptp4l[11824.909]: master offset    1122088 s2 freq +2360555 path delay   -636969
ptp4l[11825.909]: master offset    -181702 s2 freq +1393391 path delay   -316750
ptp4l[11826.909]: master offset    -492623 s2 freq +1027960 path delay      8070
ptp4l[11827.909]: master offset    -106981 s2 freq +1265815 path delay      8070
ptp4l[11828.909]: master offset     -34766 s2 freq +1305935 path delay     79346
ptp4l[11829.909]: master offset   -1431686 s2 freq -101414 path delay     79346
ptp4l[11830.910]: master offset    1587905 s2 freq +2488671 path delay     79346
ptp4l[11831.910]: master offset    -992146 s2 freq +384991 path delay     79346
ptp4l[11832.910]: master offset    1539792 s2 freq +2619285 path delay     79346
ptp4l[11833.910]: master offset   -1199859 s2 freq +341572 path delay     79346
ptp4l[11834.910]: master offset      67543 s2 freq +1249016 path delay   -112908
ptp4l[11835.910]: master offset    1736804 s2 freq +2938540 path delay   -112908
ptp4l[11836.910]: master offset     180185 s2 freq +1902962 path delay   -112908
ptp4l[11837.910]: master offset   -1824484 s2 freq  -47651 path delay   -112908
ptp4l[11838.910]: master offset    1337690 s2 freq +2567178 path delay   -309475
ptp4l[11839.910]: master offset   -1346789 s2 freq +284006 path delay   -309475
ptp4l[11840.910]: master offset    1532020 s2 freq +2758778 path delay   -554552
ptp4l[11841.910]: master offset     174095 s2 freq +1860459 path delay   -554552
ptp4l[11842.911]: master offset    -273072 s2 freq +1465521 path delay   -554552
ptp4l[11843.911]: master offset    -610825 s2 freq +1045846 path delay   -268651
ptp4l[11844.911]: master offset   -1742563 s2 freq -269140 path delay   -268651
ptp4l[11845.911]: master offset    1445111 s2 freq +2395766 path delay   -268651
ptp4l[11846.911]: master offset   -1038844 s2 freq +345344 path delay   -268651
ptp4l[11847.911]: master offset    1596443 s2 freq +2668978 path delay   -332245
ptp4l[11848.911]: master offset     298808 s2 freq +1850276 path delay   -332245
ptp4l[11849.911]: master offset    -611770 s2 freq +1029340 path delay    131221
ptp4l[11850.911]: master offset    -452318 s2 freq +1005261 path delay    357213
ptp4l[11851.911]: master offset     133505 s2 freq +1455389 path delay    182177
ptp4l[11852.912]: master offset      39739 s2 freq +1401674 path delay    224420
ptp4l[11853.912]: master offset   -1278167 s2 freq  +95690 path delay     56650
ptp4l[11854.912]: master offset    1544456 s2 freq +2534863 path delay     56650
ptp4l[11855.912]: master offset   -1087204 s2 freq +366539 path delay     56650
ptp4l[11856.912]: master offset    1464115 s2 freq +2591697 path delay     56650
ptp4l[11857.912]: master offset     104826 s2 freq +1671643 path delay    231686
ptp4l[11858.912]: master offset    -165886 s2 freq +1432379 path delay    231686
ptp4l[11859.912]: master offset       2097 s2 freq +1550596 path delay     45729
ptp4l[11860.912]: master offset    -108974 s2 freq +1440154 path delay     13212
ptp4l[11861.913]: master offset   -1643782 s2 freq -127346 path delay     13212
ptp4l[11862.913]: master offset    1401783 s2 freq +2425084 path delay     13212
ptp4l[11863.913]: master offset     305838 s2 freq +1749674 path delay     78044
ptp4l[11864.913]: master offset   -1536283 s2 freq    -696 path delay     78044
ptp4l[11865.913]: master offset    1499187 s2 freq +2573889 path delay    -38450
ptp4l[11866.913]: master offset     318563 s2 freq +1843022 path delay    -38450
ptp4l[11867.913]: master offset    -128521 s2 freq +1491506 path delay    -38450
ptp4l[11868.913]: master offset    -332335 s2 freq +1249136 path delay     78044
ptp4l[11869.914]: master offset   -1663684 s2 freq -181913 path delay     78044
ptp4l[11870.914]: master offset    1614240 s2 freq +2596905 path delay    -99958
ptp4l[11871.914]: master offset   -1069814 s2 freq +397123 path delay    -99958
ptp4l[11872.914]: master offset    1794758 s2 freq +2940751 path delay   -444719
ptp4l[11873.914]: master offset    -184902 s2 freq +1499519 path delay    -21303
ptp4l[11874.914]: master offset    -272759 s2 freq +1356191 path delay    -21303
ptp4l[11875.914]: master offset    -541747 s2 freq +1005375 path delay    307792
ptp4l[11876.914]: master offset    -158622 s2 freq +1225976 path delay    335314
ptp4l[11877.914]: master offset     156922 s2 freq +1493934 path delay    201151
ptp4l[11878.914]: master offset      97416 s2 freq +1481504 path delay    173628
ptp4l[11879.915]: master offset   -1471965 s2 freq  -58652 path delay    173628
ptp4l[11880.914]: master offset    1504853 s2 freq +2476577 path delay    173628
ptp4l[11881.915]: master offset     397205 s2 freq +1820384 path delay    201151
ptp4l[11882.915]: master offset     -70845 s2 freq +1471496 path delay    249489
ptp4l[11883.915]: master offset    -140149 s2 freq +1380938 path delay    249489
ptp4l[11884.915]: master offset   -1610362 s2 freq -131319 path delay    249489
ptp4l[11885.915]: master offset    1487609 s2 freq +2483543 path delay    201151
ptp4l[11886.915]: master offset   -1092502 s2 freq +349715 path delay    201151
ptp4l[11887.915]: master offset    1673105 s2 freq +2787571 path delay      3321
ptp4l[11888.915]: master offset     203659 s2 freq +1820057 path delay     51659
ptp4l[11889.915]: master offset    -216089 s2 freq +1461406 path delay     51659
ptp4l[11890.915]: master offset   -1768025 s2 freq -155356 path delay     51659
ptp4l[11891.915]: master offset    1526999 s2 freq +2609260 path delay   -169499
ptp4l[11892.916]: master offset   -1212661 s2 freq +327700 path delay   -169499
ptp4l[11893.916]: master offset    1377075 s2 freq +2553638 path delay   -169499
ptp4l[11894.916]: master offset    -412000 s2 freq +1177685 path delay    435435
ptp4l[11895.916]: master offset    -197939 s2 freq +1268146 path delay    460493
ptp4l[11896.916]: master offset      75272 s2 freq +1481975 path delay    330657
ptp4l[11897.916]: master offset   -1493909 s2 freq  -64624 path delay    330657
ptp4l[11898.916]: master offset    1488873 s2 freq +2469985 path delay    330657
ptp4l[11899.916]: master offset     543104 s2 freq +1970878 path delay    196325
ptp4l[11900.916]: master offset     -70479 s2 freq +1520226 path delay    244407
ptp4l[11901.916]: master offset   -1676278 s2 freq -106716 path delay    244407
ptp4l[11902.916]: master offset    1447008 s2 freq +2513686 path delay    146022
ptp4l[11903.917]: master offset     315921 s2 freq +1816702 path delay    146022
ptp4l[11904.917]: master offset   -1603762 s2 freq   -8205 path delay    146022
ptp4l[11905.917]: master offset    1611147 s2 freq +2725575 path delay   -142616
ptp4l[11906.917]: master offset     -35205 s2 freq +1562568 path delay    146022
ptp4l[11907.917]: master offset    -221059 s2 freq +1366152 path delay    167969
ptp4l[11908.917]: master offset   -1675905 s2 freq -155012 path delay    167969
ptp4l[11909.917]: master offset    -102622 s2 freq +915500 path delay    167969
ptp4l[11910.917]: master offset     686135 s2 freq +1673470 path delay   -120669
ptp4l[11911.917]: master offset    1986477 s2 freq +3179653 path delay   -190865
ptp4l[11912.918]: master offset   -1299243 s2 freq +489876 path delay   -190865
ptp4l[11913.918]: master offset    1212497 s2 freq +2611843 path delay   -275187
ptp4l[11914.918]: master offset     -27037 s2 freq +1736058 path delay   -275187
ptp4l[11915.918]: master offset    -663158 s2 freq +1091826 path delay     42890
ptp4l[11916.918]: master offset    -340993 s2 freq +1215044 path delay     42890
ptp4l[11917.918]: master offset    -299630 s2 freq +1154109 path delay    194974
ptp4l[11918.918]: master offset   -1538236 s2 freq -174386 path delay    194974
ptp4l[11919.918]: master offset    1706679 s2 freq +2609058 path delay     42890
ptp4l[11920.918]: master offset     197520 s2 freq +1611903 path delay    312860
ptp4l[11921.918]: master offset   -1507391 s2 freq  -33752 path delay    312860
ptp4l[11922.918]: master offset    1444276 s2 freq +2465697 path delay    312860
ptp4l[11923.919]: master offset   -1136049 s2 freq +318655 path delay    312860
ptp4l[11924.919]: master offset    1462982 s2 freq +2576871 path delay    312860
ptp4l[11925.919]: master offset     278529 s2 freq +1831313 path delay    312860
ptp4l[11926.919]: master offset     240240 s2 freq +1876583 path delay    -68543
ptp4l[11927.919]: master offset    -234786 s2 freq +1473629 path delay    -68543
ptp4l[11928.919]: master offset   -1804222 s2 freq -166243 path delay    -68543
ptp4l[11929.919]: master offset    1280350 s2 freq +2377062 path delay    -68543
ptp4l[11930.919]: master offset     296401 s2 freq +1777218 path delay    -68543
ptp4l[11931.919]: master offset   -1570738 s2 freq   -1000 path delay    -68543
ptp4l[11932.919]: master offset    1749656 s2 freq +2848172 path delay   -469887
ptp4l[11933.919]: master offset    -138439 s2 freq +1484974 path delay    -68543
ptp4l[11934.920]: master offset   -1708351 s2 freq -126470 path delay    -68543
ptp4l[11935.920]: master offset    1336198 s2 freq +2405574 path delay    -68543
ptp4l[11936.920]: master offset   -1194577 s2 freq +275658 path delay    -68543
ptp4l[11937.920]: master offset    2106724 s2 freq +3218586 path delay   -728067
ptp4l[11938.920]: master offset   -1262407 s2 freq +481472 path delay   -728067
ptp4l[11939.920]: master offset    1172457 s2 freq +2537614 path delay   -728067
ptp4l[11940.920]: master offset   -1458904 s2 freq +257990 path delay   -728067
ptp4l[11941.920]: master offset    1200658 s2 freq +2479881 path delay   -728067
ptp4l[11942.920]: master offset     118889 s2 freq +1758310 path delay   -726523
ptp4l[11943.920]: master offset    -223071 s2 freq +1452016 path delay   -726523
ptp4l[11944.920]: master offset    -433072 s2 freq +1175094 path delay   -551332
ptp4l[11945.921]: master offset    -521314 s2 freq +956930 path delay   -223716
ptp4l[11946.921]: master offset    -387386 s2 freq +934464 path delay     99708
ptp4l[11947.921]: master offset   -1408400 s2 freq -202766 path delay     99708
ptp4l[11948.921]: master offset    1712890 s2 freq +2496004 path delay     99708
ptp4l[11949.921]: master offset    -867584 s2 freq +429397 path delay     99708
ptp4l[11950.921]: master offset    1620695 s2 freq +2657401 path delay     99708
ptp4l[11951.921]: master offset   -1119289 s2 freq +403626 path delay     99708
ptp4l[11952.921]: master offset    2178769 s2 freq +3365897 path delay   -685023
ptp4l[11953.921]: master offset   -1279787 s2 freq +560972 path delay   -685023
ptp4l[11954.921]: master offset    1074744 s2 freq +2531567 path delay   -685023
ptp4l[11955.922]: master offset     -56745 s2 freq +1722501 path delay   -685023
ptp4l[11956.922]: master offset   -1874427 s2 freq -112205 path delay   -685023
ptp4l[11957.922]: master offset    1207960 s2 freq +2407854 path delay   -737471
ptp4l[11958.922]: master offset     177102 s2 freq +1739384 path delay   -737471
ptp4l[11959.922]: master offset   -1717433 s2 freq -102020 path delay   -685023
ptp4l[11960.922]: master offset    1352294 s2 freq +2452477 path delay   -734634
ptp4l[11961.922]: master offset     138769 s2 freq +1644640 path delay   -601075
ptp4l[11962.922]: master offset    -530646 s2 freq +1016856 path delay   -157877
ptp4l[11963.922]: master offset    -136612 s2 freq +1251696 path delay   -157877
ptp4l[11964.922]: master offset   -1662732 s2 freq -315408 path delay     24462
ptp4l[11965.922]: master offset    1767578 s2 freq +2616083 path delay   -171973
ptp4l[11966.923]: master offset    -972198 s2 freq +406580 path delay   -171973
ptp4l[11967.923]: master offset    1799205 s2 freq +2886324 path delay   -432660
ptp4l[11968.923]: master offset      51517 s2 freq +1678397 path delay   -171973
ptp4l[11969.923]: master offset   -1930069 s2 freq -287734 path delay     38838
ptp4l[11970.923]: master offset     -13500 s2 freq +1049815 path delay   -171973
ptp4l[11971.923]: master offset    1991076 s2 freq +3050341 path delay   -307324
ptp4l[11972.923]: master offset   -1214037 s2 freq +442551 path delay   -307324
ptp4l[11973.923]: master offset    1474428 s2 freq +2766804 path delay   -521472
ptp4l[11974.924]: master offset   -1383740 s2 freq +350965 path delay   -521472
ptp4l[11975.923]: master offset    1215920 s2 freq +2535503 path delay   -554530
ptp4l[11976.924]: master offset      84561 s2 freq +1768920 path delay   -554530
ptp4l[11977.924]: master offset    -440983 s2 freq +1268744 path delay   -396136
ptp4l[11978.924]: master offset   -1797909 s2 freq -220477 path delay   -396136
ptp4l[11979.924]: master offset    1499512 s2 freq +2537572 path delay   -554530
ptp4l[11980.924]: master offset      32178 s2 freq +1520091 path delay   -217969
ptp4l[11981.924]: master offset    -375082 s2 freq +1122485 path delay     83350
ptp4l[11982.924]: master offset    -121358 s2 freq +1263684 path delay    122204
ptp4l[11983.924]: master offset    -108815 s2 freq +1239820 path delay    253038
ptp4l[11984.924]: master offset   -1439983 s2 freq -123993 path delay    253038
ptp4l[11985.925]: master offset    1771885 s2 freq +2655880 path delay     83350
ptp4l[11986.925]: master offset    -967433 s2 freq +448128 path delay     83350
ptp4l[11987.925]: master offset        701 s2 freq +1126032 path delay     83350
ptp4l[11988.925]: master offset     293818 s2 freq +1419359 path delay     83350
ptp4l[11989.925]: master offset     292331 s2 freq +1506017 path delay     83350
ptp4l[11990.925]: master offset    2333375 s2 freq +3634761 path delay   -544818
ptp4l[11991.925]: master offset      76666 s2 freq +2078064 path delay   -544818
ptp4l[11992.925]: master offset   -2088728 s2 freq  -64330 path delay   -544818
ptp4l[11993.925]: master offset    1077452 s2 freq +2475232 path delay   -728803
ptp4l[11994.925]: master offset   -1502789 s2 freq +218226 path delay   -728803
ptp4l[11995.926]: master offset    1196835 s2 freq +2467014 path delay   -728803
ptp4l[11996.926]: master offset   -1383073 s2 freq +246156 path delay   -728803
ptp4l[11997.926]: master offset    1288113 s2 freq +2502420 path delay   -728803
ptp4l[11998.926]: master offset   -1341982 s2 freq +258759 path delay   -728803
ptp4l[11999.926]: master offset    1308728 s2 freq +2506874 path delay   -720690
ptp4l[12000.926]: master offset   -1322288 s2 freq +268477 path delay   -720690
ptp4l[12001.926]: master offset    1313626 s2 freq +2507704 path delay   -707902
ptp4l[12002.926]: master offset     163196 s2 freq +1751362 path delay   -688473
ptp4l[12003.926]: master offset    -179037 s2 freq +1458088 path delay   -688473
ptp4l[12004.926]: master offset   -1730947 s2 freq -147533 path delay   -688473
ptp4l[12005.926]: master offset    1334723 s2 freq +2398853 path delay   -688473
ptp4l[12006.927]: master offset     328571 s2 freq +1793118 path delay   -666311
ptp4l[12007.927]: master offset    -334500 s2 freq +1228618 path delay   -396225
ptp4l[12008.927]: master offset    -729430 s2 freq +733338 path delay    179656
ptp4l[12009.927]: master offset    -143291 s2 freq +1100648 path delay    276830
ptp4l[12010.927]: master offset     169589 s2 freq +1370541 path delay    276830
ptp4l[12011.927]: master offset   -1285137 s2 freq  -33309 path delay    276830
ptp4l[12012.927]: master offset    1666370 s2 freq +2532657 path delay    276830
ptp4l[12013.927]: master offset     480898 s2 freq +1847096 path delay    331412
ptp4l[12014.927]: master offset    -132620 s2 freq +1377848 path delay    497820
ptp4l[12015.927]: master offset     -42006 s2 freq +1428676 path delay    436977
ptp4l[12016.927]: master offset     -59904 s2 freq +1398176 path delay    436977
ptp4l[12017.928]: master offset     -76576 s2 freq +1363533 path delay    467985
ptp4l[12018.928]: master offset   -1531414 s2 freq -114278 path delay    467985
ptp4l[12019.928]: master offset    1532128 s2 freq +2489840 path delay    436977
ptp4l[12020.928]: master offset     421267 s2 freq +1838617 path delay    467985
ptp4l[12021.928]: master offset     -76027 s2 freq +1467703 path delay    518270
ptp4l[12022.928]: master offset    -143986 s2 freq +1376936 path delay    534328
ptp4l[12023.928]: master offset    -114079 s2 freq +1363647 path delay    534328
ptp4l[12024.928]: master offset     -39026 s2 freq +1404477 path delay    504494
ptp4l[12025.928]: master offset      73239 s2 freq +1505034 path delay    406605
ptp4l[12026.928]: master offset      86877 s2 freq +1540644 path delay    305848
ptp4l[12027.928]: master offset    -154308 s2 freq +1325522 path delay    422663
ptp4l[12028.929]: master offset   -1565347 s2 freq -131810 path delay    422663
ptp4l[12029.929]: master offset     101513 s2 freq +1065446 path delay    305848
ptp4l[12030.929]: master offset    2060823 s2 freq +3055210 path delay    197616
ptp4l[12031.929]: master offset     355762 s2 freq +1968396 path delay    197616
ptp4l[12032.929]: master offset   -1710010 s2 freq   +9353 path delay    197616
ptp4l[12033.929]: master offset    1348171 s2 freq +2554531 path delay     48042
ptp4l[12034.929]: master offset     137316 s2 freq +1748127 path delay     75198
ptp4l[12035.929]: master offset    -435791 s2 freq +1216215 path delay    306236
ptp4l[12036.929]: master offset   -1742835 s2 freq -221567 path delay    306236
ptp4l[12037.929]: master offset    1628025 s2 freq +2626443 path delay     75198
ptp4l[12038.929]: master offset     176073 s2 freq +1662898 path delay    287539
ptp4l[12039.930]: master offset     -72077 s2 freq +1467570 path delay    287539
ptp4l[12040.930]: master offset    -130169 s2 freq +1387855 path delay    293722
ptp4l[12041.930]: master offset     -58437 s2 freq +1420536 path delay    251881
ptp4l[12042.930]: master offset    -195022 s2 freq +1266420 path delay    370613
ptp4l[12043.930]: master offset   -1551778 s2 freq -148842 path delay    370613
ptp4l[12044.930]: master offset    1515430 s2 freq +2452832 path delay    370613
ptp4l[12045.930]: master offset   -1064435 s2 freq +327596 path delay    370613
ptp4l[12046.930]: master offset    1644003 s2 freq +2716704 path delay    251881
ptp4l[12047.930]: master offset     346147 s2 freq +1912049 path delay    251881
ptp4l[12048.931]: master offset    -214352 s2 freq +1455394 path delay    306928
ptp4l[12049.931]: master offset    -252817 s2 freq +1352623 path delay    293260
ptp4l[12050.931]: master offset   -1692828 s2 freq -163233 path delay    293260
ptp4l[12051.931]: master offset    1451927 s2 freq +2473674 path delay    230037
ptp4l[12052.931]: master offset     308438 s2 freq +1765763 path delay    293260
ptp4l[12053.932]: master offset     -59171 s2 freq +1490685 path delay    293260
ptp4l[12054.932]: master offset    -146534 s2 freq +1385571 path delay    293260
ptp4l[12055.932]: master offset     -62920 s2 freq +1425225 path delay    239620
ptp4l[12056.932]: master offset     157130 s2 freq +1626399 path delay      1552
ptp4l[12057.932]: master offset    -192618 s2 freq +1323790 path delay    125594
ptp4l[12058.932]: master offset   -1603788 s2 freq -145166 path delay    125594
ptp4l[12059.932]: master offset     -40386 s2 freq +937100 path delay    125594
ptp4l[12060.932]: master offset    2062997 s2 freq +3028367 path delay      1552
ptp4l[12061.932]: master offset     434105 s2 freq +2018374 path delay      1552
ptp4l[12062.933]: master offset    -196689 s2 freq +1517812 path delay      1552
ptp4l[12063.933]: master offset    -302376 s2 freq +1353118 path delay      1552
ptp4l[12064.933]: master offset    -366358 s2 freq +1198423 path delay    125594
ptp4l[12065.933]: master offset    -149441 s2 freq +1305433 path delay    125594
ptp4l[12066.933]: master offset     -98664 s2 freq +1311378 path delay    177697
ptp4l[12067.933]: master offset       4552 s2 freq +1384994 path delay    177697
ptp4l[12068.933]: master offset     -54661 s2 freq +1327147 path delay    266814
ptp4l[12069.933]: master offset      34482 s2 freq +1399892 path delay    266814
ptp4l[12070.933]: master offset     152377 s2 freq +1528131 path delay    163233
ptp4l[12071.933]: master offset     -75396 s2 freq +1346071 path delay    266814
ptp4l[12072.937]: master offset    -154796 s2 freq +1244053 path delay    406277
ptp4l[12073.933]: master offset      13681 s2 freq +1366091 path delay    406277
ptp4l[12074.934]: master offset     261244 s2 freq +1617758 path delay    203951
ptp4l[12075.934]: master offset      -5968 s2 freq +1428919 path delay    266814
ptp4l[12076.934]: master offset   -1461185 s2 freq  -28088 path delay    203951
ptp4l[12077.934]: master offset    1557118 s2 freq +2551859 path delay    131918
ptp4l[12078.934]: master offset     372655 s2 freq +1834532 path delay    131918
ptp4l[12079.934]: master offset     -46940 s2 freq +1526733 path delay    131918
ptp4l[12080.934]: master offset    -195287 s2 freq +1364304 path delay    155702
ptp4l[12081.934]: master offset    -150068 s2 freq +1350937 path delay    155702
ptp4l[12082.934]: master offset   -1590149 s2 freq -134164 path delay    155702
ptp4l[12083.934]: master offset    1525028 s2 freq +2503968 path delay     93029
ptp4l[12084.935]: master offset   -1106197 s2 freq +330251 path delay     93029
ptp4l[12085.935]: master offset    1539871 s2 freq +2644460 path delay     34111
ptp4l[12086.935]: master offset     300036 s2 freq +1866587 path delay     34111
ptp4l[12087.935]: master offset    -175303 s2 freq +1481258 path delay     34111
ptp4l[12088.935]: master offset    -287265 s2 freq +1316706 path delay     76633
