ptp4l[13866.330]: selected /dev/ptp0 as PTP clock
ptp4l[13866.333]: port 1 (eth0): INITIALIZING to LISTENING on INIT_COMPLETE
ptp4l[13866.333]: port 0 (/var/run/ptp/ptp4l): INITIALIZING to LISTENING on INIT_COMPLETE
ptp4l[13866.334]: port 0 (/var/run/ptp/ptp4lro): INITIALIZING to LISTENING on INIT_COMPLETE
ptp4l[13867.236]: port 1 (eth0): new foreign master 641c10.fffe.f12579-1
ptp4l[13871.236]: selected best master clock 641c10.fffe.f12579
ptp4l[13871.237]: port 1 (eth0): LISTENING to UNCALIBRATED on RS_SLAVE
ptp4l[13873.233]: master offset    6492111 s0 freq  -55829 path delay   -415139
ptp4l[13874.233]: master offset    8064781 s1 freq +1514527 path delay   -562981
ptp4l[13875.234]: master offset   -1604514 s2 freq  -89987 path delay   -562981
ptp4l[13875.234]: port 1 (eth0): UNCALIBRATED to SLAVE on MASTER_CLOCK_SELECTED
ptp4l[13876.234]: master offset   -1823088 s2 freq -789916 path delay   -136203
ptp4l[13877.234]: master offset   -1115843 s2 freq -629597 path delay   -133216
ptp4l[13878.234]: master offset    -562618 s2 freq -411125 path delay   -136203
ptp4l[13879.234]: master offset    -235456 s2 freq -252748 path delay   -133216
ptp4l[13880.234]: master offset     -66424 s2 freq -154353 path delay   -130229
ptp4l[13881.234]: master offset     232586 s2 freq +124730 path delay   -125437
ptp4l[13882.234]: master offset     158212 s2 freq +120132 path delay    -36980
ptp4l[13883.234]: master offset      61127 s2 freq  +70510 path delay    -16140
ptp4l[13884.235]: master offset     -89982 s2 freq  -62261 path delay    -16140
ptp4l[13885.234]: master offset     191340 s2 freq +192067 path delay    -16140
ptp4l[13886.235]: master offset     -87046 s2 freq  -28917 path delay    -10617
ptp4l[13887.235]: master offset    -160986 s2 freq -128971 path delay     11181
ptp4l[13888.235]: master offset    -112979 s2 freq -129260 path delay     11181
ptp4l[13889.235]: master offset     -64697 s2 freq -114872 path delay     11181
ptp4l[13890.235]: master offset     -30763 s2 freq -100347 path delay     11181
ptp4l[13891.235]: master offset      -4349 s2 freq  -83162 path delay      4125
ptp4l[13892.235]: master offset       1897 s2 freq  -78220 path delay        62
ptp4l[13893.235]: master offset       -899 s2 freq  -80447 path delay        62
ptp4l[13894.235]: master offset      -1413 s2 freq  -81231 path delay        62
ptp4l[13895.236]: master offset      -1143 s2 freq  -81385 path delay        62
ptp4l[13896.236]: master offset       -719 s2 freq  -81304 path delay        62
ptp4l[13897.236]: master offset     182800 s2 freq +102000 path delay        62
ptp4l[13898.236]: master offset       -216 s2 freq  -26176 path delay       486
ptp4l[13899.236]: master offset    1423354 s2 freq +1397329 path delay       486
ptp4l[13900.236]: master offset     -61448 s2 freq +339533 path delay       793
ptp4l[13901.236]: master offset    -482524 s2 freq  -99977 path delay       823
ptp4l[13902.236]: master offset    -463405 s2 freq -225616 path delay       823
ptp4l[13903.236]: master offset    -318485 s2 freq -219717 path delay       823
ptp4l[13904.236]: master offset    -179477 s2 freq -176255 path delay       823
ptp4l[13905.237]: master offset     -84217 s2 freq -134838 path delay       823
ptp4l[13906.237]: master offset     -30263 s2 freq -106149 path delay       823
ptp4l[13907.237]: master offset     164288 s2 freq  +79323 path delay       793
ptp4l[13908.237]: master offset       4484 s2 freq  -31194 path delay       793
ptp4l[13909.237]: master offset     -54362 s2 freq  -88695 path delay      9811
ptp4l[13910.237]: master offset     -46693 s2 freq  -97335 path delay      9811
ptp4l[13911.237]: master offset     -27651 s2 freq  -92301 path delay      7144
ptp4l[13912.237]: master offset     250356 s2 freq +177411 path delay     -4158
ptp4l[13913.237]: master offset      -7468 s2 freq   -5306 path delay     -4158
ptp4l[13914.237]: master offset     -83216 s2 freq  -83295 path delay     -4158
ptp4l[13915.237]: master offset      36112 s2 freq  +11069 path delay     -1903
ptp4l[13916.237]: master offset     -60480 s2 freq  -74690 path delay      3026
ptp4l[13917.237]: master offset      12216 s2 freq  -20138 path delay      3078
ptp4l[13918.238]: master offset     -48295 s2 freq  -76984 path delay      3078
ptp4l[13919.238]: master offset     -51014 s2 freq  -94191 path delay      1783
ptp4l[13920.238]: master offset     -37824 s2 freq  -96306 path delay      1783
ptp4l[13921.238]: master offset     -22520 s2 freq  -92349 path delay      1783
ptp4l[13922.238]: master offset    1401530 s2 freq +1324945 path delay      1252
ptp4l[13923.238]: master offset     655740 s2 freq +999614 path delay      1783
ptp4l[13924.238]: master offset    -315522 s2 freq +225074 path delay      1783
ptp4l[13925.238]: master offset    -622633 s2 freq -176693 path delay      3078
ptp4l[13926.238]: master offset    -526573 s2 freq -267423 path delay      2650
ptp4l[13927.239]: master offset    -192277 s2 freq  -91099 path delay      -982
ptp4l[13928.239]: master offset    -181655 s2 freq -138160 path delay      -982
ptp4l[13929.239]: master offset    -117922 s2 freq -128924 path delay     -7516
ptp4l[13930.239]: master offset     -66880 s2 freq -113258 path delay    -10632
ptp4l[13931.239]: master offset    1356830 s2 freq +1290388 path delay    -10632
ptp4l[13932.239]: master offset     -25246 s2 freq +315361 path delay    -10632
ptp4l[13933.239]: master offset    1397503 s2 freq +1730536 path delay    -10632
ptp4l[13934.239]: master offset    -116886 s2 freq +635398 path delay    -10632
ptp4l[13935.239]: master offset    -835127 s2 freq -117909 path delay    -10632
ptp4l[13936.239]: master offset    -798384 s2 freq -331704 path delay    -10632
ptp4l[13937.239]: master offset    -543308 s2 freq -316143 path delay    -14400
ptp4l[13938.240]: master offset    -307942 s2 freq -243770 path delay    -14400
ptp4l[13939.240]: master offset    -129517 s2 freq -157727 path delay    -29588
ptp4l[13940.240]: master offset     -52729 s2 freq -119795 path delay    -29588
ptp4l[13941.240]: master offset     -30273 s2 freq -113157 path delay    -13320
ptp4l[13942.240]: master offset      -3065 s2 freq  -95031 path delay     -8261
ptp4l[13943.240]: master offset       8948 s2 freq  -83938 path delay     -6216
ptp4l[13944.240]: master offset      10992 s2 freq  -79209 path delay     -5205
ptp4l[13945.240]: master offset     309102 s2 freq +222198 path delay     -4520
ptp4l[13946.241]: master offset       6105 s2 freq  +11932 path delay     -4520
ptp4l[13947.241]: master offset     157205 s2 freq +164863 path delay     -4520
ptp4l[13948.241]: master offset     -88318 s2 freq  -33498 path delay     -4520
ptp4l[13949.241]: master offset    -138442 s2 freq -110117 path delay     -1971
ptp4l[13950.241]: master offset    -109313 s2 freq -122521 path delay     -1971
ptp4l[13951.241]: master offset     -68214 s2 freq -114216 path delay     -1473
ptp4l[13952.241]: master offset     -32325 s2 freq  -98791 path delay     -1473
ptp4l[13953.241]: master offset     -14170 s2 freq  -90334 path delay     -1473
ptp4l[13954.241]: master offset      -6264 s2 freq  -86679 path delay       -63
ptp4l[13955.241]: master offset       -596 s2 freq  -82890 path delay       -48
ptp4l[13956.241]: master offset       1178 s2 freq  -81295 path delay        39
ptp4l[13957.242]: master offset       1492 s2 freq  -80627 path delay        39
ptp4l[13958.242]: master offset       1121 s2 freq  -80551 path delay        39
ptp4l[13959.242]: master offset        688 s2 freq  -80647 path delay        39
ptp4l[13960.242]: master offset        304 s2 freq  -80825 path delay        39
ptp4l[13961.242]: master offset       -389 s2 freq  -81427 path delay       554
ptp4l[13962.242]: master offset         28 s2 freq  -81126 path delay       554
ptp4l[13963.242]: master offset        -87 s2 freq  -81233 path delay       818
ptp4l[13964.242]: master offset        167 s2 freq  -81005 path delay       818
ptp4l[13965.242]: master offset        135 s2 freq  -80987 path delay       818
ptp4l[13966.243]: master offset        103 s2 freq  -80979 path delay       832
ptp4l[13967.243]: master offset    1423668 s2 freq +1342617 path delay       832
ptp4l[13968.243]: master offset        -81 s2 freq +345969 path delay       847
ptp4l[13969.243]: master offset    -427685 s2 freq  -81660 path delay       878
ptp4l[13970.243]: master offset    -427138 s2 freq -209418 path delay       878
ptp4l[13971.243]: master offset    -298511 s2 freq -208932 path delay       832
ptp4l[13972.243]: master offset    -170571 s2 freq -170546 path delay       832
ptp4l[13973.243]: master offset     -80721 s2 freq -131867 path delay       671
ptp4l[13974.243]: master offset     -24874 s2 freq -100236 path delay     -4248
ptp4l[13975.243]: master offset      -5635 s2 freq  -88460 path delay     -4248
ptp4l[13976.243]: master offset    1442500 s2 freq +1357985 path delay    -29038
ptp4l[13977.243]: master offset    2866376 s2 freq +3214611 path delay    -29038
ptp4l[13978.244]: master offset    -502182 s2 freq +705966 path delay    -29038
ptp4l[13979.244]: master offset     928117 s2 freq +1985610 path delay    -37699
ptp4l[13980.244]: master offset    2351767 s2 freq +3687695 path delay    -37699
ptp4l[13981.244]: master offset   -1514810 s2 freq +526648 path delay    -37699
ptp4l[13982.244]: master offset   -2124643 s2 freq -537628 path delay    -37699
ptp4l[13983.244]: master offset    -639646 s2 freq +309976 path delay    -99207
ptp4l[13984.244]: master offset     889010 s2 freq +1646739 path delay   -203713
ptp4l[13985.244]: master offset    -857794 s2 freq +166638 path delay   -203713
ptp4l[13986.244]: master offset   -1105970 s2 freq -338877 path delay   -203713
ptp4l[13987.244]: master offset    -989326 s2 freq -554024 path delay    -61991
ptp4l[13988.244]: master offset    -467482 s2 freq -328977 path delay    -61991
ptp4l[13989.245]: master offset    -218511 s2 freq -220251 path delay    -61991
ptp4l[13990.245]: master offset    -107137 s2 freq -174430 path delay    -33979
ptp4l[13991.245]: master offset      -2440 s2 freq -101874 path delay    -45161
ptp4l[13992.245]: master offset      18457 s2 freq  -81709 path delay    -45161
ptp4l[13993.245]: master offset      19102 s2 freq  -75527 path delay    -45161
ptp4l[13994.245]: master offset     -25278 s2 freq -114177 path delay     -6254
ptp4l[13995.245]: master offset       7864 s2 freq  -88618 path delay     -6254
ptp4l[13996.245]: master offset      12988 s2 freq  -81135 path delay     -3742
ptp4l[13997.245]: master offset      11409 s2 freq  -78817 path delay     -2031
ptp4l[13998.246]: master offset       9229 s2 freq  -77575 path delay     -2031
ptp4l[13999.245]: master offset       3032 s2 freq  -81003 path delay       716
ptp4l[14000.246]: master offset       2875 s2 freq  -80250 path delay       849
ptp4l[14001.246]: master offset       2036 s2 freq  -80227 path delay       915
ptp4l[14002.246]: master offset     345419 s2 freq +263767 path delay       915
ptp4l[14003.246]: master offset        508 s2 freq  +22482 path delay       915
ptp4l[14004.246]: master offset    -103068 s2 freq  -80942 path delay       915
ptp4l[14005.246]: master offset    -103237 s2 freq -112031 path delay       915
ptp4l[14006.246]: master offset     -72221 s2 freq -111987 path delay       915
ptp4l[14007.246]: master offset     -41219 s2 freq -102651 path delay       915
ptp4l[14008.246]: master offset     -19592 s2 freq  -93390 path delay       915
ptp4l[14009.247]: master offset      -7180 s2 freq  -86855 path delay       915
ptp4l[14010.247]: master offset      -1346 s2 freq  -83175 path delay       915
ptp4l[14011.247]: master offset      57950 s2 freq  -24283 path delay       363
ptp4l[14012.247]: master offset       1583 s2 freq  -63265 path delay       363
ptp4l[14013.247]: master offset    1426353 s2 freq +1361980 path delay      -701
ptp4l[14014.247]: master offset     -26763 s2 freq +336770 path delay      -701
ptp4l[14015.247]: master offset    1396867 s2 freq +1752371 path delay     -1430
ptp4l[14016.247]: master offset    -443686 s2 freq +330878 path delay     -1430
ptp4l[14017.247]: master offset     978940 s2 freq +1620398 path delay     -1430
ptp4l[14018.247]: master offset    -724795 s2 freq +210345 path delay      -701
ptp4l[14019.248]: master offset   -1024477 s2 freq -306775 path delay      7055
ptp4l[14020.248]: master offset    -798706 s2 freq -388347 path delay      7055
ptp4l[14021.248]: master offset    -272861 s2 freq -102114 path delay    -29369
ptp4l[14022.248]: master offset    -251374 s2 freq -162485 path delay    -29369
ptp4l[14023.248]: master offset     -73423 s2 freq  -59947 path delay    -29970
ptp4l[14024.248]: master offset     -94143 s2 freq -102694 path delay    -29970
ptp4l[14025.248]: master offset     -87722 s2 freq -124515 path delay    -14723
ptp4l[14026.248]: master offset    1335969 s2 freq +1272859 path delay    -14723
ptp4l[14027.248]: master offset     -19447 s2 freq +318234 path delay    -14723
ptp4l[14028.249]: master offset    -430823 s2 freq  -98976 path delay     -3548
ptp4l[14029.249]: master offset    -410363 s2 freq -207763 path delay     -5961
ptp4l[14030.249]: master offset    -274657 s2 freq -195166 path delay    -14723
ptp4l[14031.249]: master offset     172654 s2 freq +169748 path delay    -27093
ptp4l[14032.249]: master offset     -77831 s2 freq  -28941 path delay    -27093
ptp4l[14033.249]: master offset    -138735 s2 freq -113194 path delay    -18331
ptp4l[14034.249]: master offset    -120162 s2 freq -136242 path delay     -4702
ptp4l[14035.249]: master offset     -64036 s2 freq -116165 path delay     -5606
ptp4l[14036.249]: master offset     -25674 s2 freq  -97013 path delay     -8775
ptp4l[14037.249]: master offset      -9618 s2 freq  -88660 path delay     -8775
ptp4l[14038.249]: master offset      -6833 s2 freq  -88760 path delay     -3929
ptp4l[14039.250]: master offset        914 s2 freq  -83063 path delay     -3929
ptp4l[14040.250]: master offset       1598 s2 freq  -82105 path delay     -2419
ptp4l[14041.250]: master offset       1111 s2 freq  -82112 path delay      -697
ptp4l[14042.250]: master offset       2211 s2 freq  -80679 path delay      -697
ptp4l[14043.250]: master offset       1882 s2 freq  -80345 path delay      -697
ptp4l[14044.250]: master offset        488 s2 freq  -81174 path delay        54
ptp4l[14045.250]: master offset        114 s2 freq  -81402 path delay       579
ptp4l[14046.250]: master offset        488 s2 freq  -80993 path delay       614
ptp4l[14047.250]: master offset      66327 s2 freq  -15008 path delay       626
ptp4l[14048.250]: master offset        686 s2 freq  -60751 path delay       626
ptp4l[14049.250]: master offset     170826 s2 freq +109595 path delay       711
ptp4l[14050.251]: master offset     -19384 s2 freq  -29367 path delay       711
ptp4l[14051.251]: master offset    1404016 s2 freq +1388217 path delay       711
ptp4l[14052.251]: master offset     -64968 s2 freq +340438 path delay       711
ptp4l[14053.251]: master offset    -487040 s2 freq -101124 path delay       812
ptp4l[14054.251]: master offset    -467022 s2 freq -227218 path delay       812
ptp4l[14055.251]: master offset    -320901 s2 freq -221204 path delay       812
ptp4l[14056.251]: master offset    -180360 s2 freq -176933 path delay       812
ptp4l[14057.251]: master offset     -84111 s2 freq -134792 path delay       535
ptp4l[14058.251]: master offset     -30336 s2 freq -106250 path delay       535
ptp4l[14059.251]: master offset     130037 s2 freq  +45022 path delay     -2908
ptp4l[14060.252]: master offset       4371 s2 freq  -41633 path delay     -2908
ptp4l[14061.252]: master offset     -35049 s2 freq  -79742 path delay     -2908
ptp4l[14062.252]: master offset     -36339 s2 freq  -91546 path delay     -2908
ptp4l[14063.252]: master offset     -28739 s2 freq  -94848 path delay        39
ptp4l[14064.252]: master offset     -13741 s2 freq  -88472 path delay     -1123
ptp4l[14065.252]: master offset      -7303 s2 freq  -86156 path delay      -115
ptp4l[14066.252]: master offset      -2180 s2 freq  -83224 path delay      -115
ptp4l[14067.252]: master offset       -132 s2 freq  -81830 path delay        39
ptp4l[14068.252]: master offset        335 s2 freq  -81403 path delay       405
ptp4l[14069.252]: master offset     293672 s2 freq +212035 path delay       681
ptp4l[14070.252]: master offset        775 s2 freq   +7239 path delay       767
ptp4l[14071.253]: master offset     -87537 s2 freq  -80840 path delay       767
ptp4l[14072.253]: master offset     -87586 s2 freq -107150 path delay       767
ptp4l[14073.253]: master offset     -61135 s2 freq -106975 path delay       681
ptp4l[14074.253]: master offset     -35104 s2 freq  -99284 path delay       681
ptp4l[14075.253]: master offset     -16823 s2 freq  -91535 path delay       681
ptp4l[14076.253]: master offset      -5821 s2 freq  -85580 path delay       250
ptp4l[14077.253]: master offset      -1236 s2 freq  -82741 path delay       250
ptp4l[14078.253]: master offset         89 s2 freq  -81787 path delay       681
ptp4l[14079.253]: master offset        789 s2 freq  -81060 path delay       741
ptp4l[14080.253]: master offset        823 s2 freq  -80789 path delay       741
ptp4l[14081.254]: master offset        589 s2 freq  -80776 path delay       743
ptp4l[14082.254]: master offset     326728 s2 freq +245539 path delay       743
ptp4l[14083.254]: master offset        514 s2 freq  +17344 path delay       765
ptp4l[14084.254]: master offset     182404 s2 freq +199388 path delay       812
ptp4l[14085.254]: master offset     -97587 s2 freq  -25882 path delay       812
ptp4l[14086.254]: master offset    -152828 s2 freq -110399 path delay       839
ptp4l[14087.254]: master offset    -123452 s2 freq -126871 path delay       839
ptp4l[14088.254]: master offset     -77527 s2 freq -117982 path delay       839
ptp4l[14089.254]: master offset     138671 s2 freq  +74958 path delay       839
ptp4l[14090.254]: master offset     -16919 s2 freq  -39031 path delay       839
ptp4l[14091.254]: master offset     176327 s2 freq +149140 path delay       910
ptp4l[14092.255]: master offset     -62352 s2 freq  -36641 path delay      9765
ptp4l[14093.255]: master offset      36643 s2 freq  +43648 path delay     14777
ptp4l[14094.255]: master offset     -87542 s2 freq  -69544 path delay     14777
ptp4l[14095.255]: master offset     -99087 s2 freq -107352 path delay     14777
ptp4l[14096.255]: master offset     -72717 s2 freq -110708 path delay     14777
ptp4l[14097.255]: master offset     -42999 s2 freq -102805 path delay     14777
ptp4l[14098.255]: master offset        402 s2 freq  -72304 path delay     14777
ptp4l[14099.255]: master offset        324 s2 freq  -72261 path delay      6559
ptp4l[14100.255]: master offset    1428388 s2 freq +1355900 path delay      2023
ptp4l[14101.255]: master offset     -10287 s2 freq +345742 path delay      2023
ptp4l[14102.255]: master offset    -437918 s2 freq  -84975 path delay      2023
ptp4l[14103.256]: master offset    -124117 s2 freq  +97450 path delay       770
ptp4l[14104.256]: master offset    -302055 s2 freq -117723 path delay       770
ptp4l[14105.256]: master offset    1122787 s2 freq +1216503 path delay      -489
ptp4l[14106.256]: master offset    2546653 s2 freq +2977205 path delay      -489
ptp4l[14107.256]: master offset    4079398 s2 freq +5273946 path delay   -110054
ptp4l[14108.256]: master offset    5502023 s2 freq +7920390 path delay   -110054
ptp4l[14109.256]: master offset    7044069 s2 freq +11113043 path delay   -230371
ptp4l[14110.256]: master offset   -4393106 s2 freq +1789089 path delay   -230371
ptp4l[14111.257]: master offset   -2975269 s2 freq +1888994 path delay   -230371
ptp4l[14112.257]: master offset   -4975229 s2 freq -1003547 path delay   -203735
ptp4l[14113.257]: master offset   -3902942 s2 freq -1423829 path delay   -262456
ptp4l[14114.257]: master offset   -2565788 s2 freq -1257557 path delay   -243919
ptp4l[14115.257]: master offset   -1384246 s2 freq -845752 path delay   -243919
ptp4l[14116.257]: master offset    -640375 s2 freq -517154 path delay   -218520
ptp4l[14117.257]: master offset    -222871 s2 freq -291763 path delay   -198413
ptp4l[14118.257]: master offset     212488 s2 freq  +76735 path delay   -138554
ptp4l[14119.257]: master offset     -11609 s2 freq  -83616 path delay    -71821
ptp4l[14120.257]: master offset      -9112 s2 freq  -84602 path delay    -71821
ptp4l[14121.257]: master offset     107664 s2 freq  +29441 path delay    -41000
ptp4l[14122.258]: master offset     -32352 s2 freq  -78276 path delay    -11100
ptp4l[14123.258]: master offset     -46081 s2 freq -101711 path delay      -146
ptp4l[14124.258]: master offset     149459 s2 freq  +80005 path delay      -146
ptp4l[14125.258]: master offset     258804 s2 freq +234188 path delay       965
ptp4l[14126.258]: master offset     -56340 s2 freq   -3315 path delay       965
ptp4l[14127.258]: master offset    -134143 s2 freq  -98020 path delay       965
ptp4l[14128.258]: master offset    -117357 s2 freq -121477 path delay       965
ptp4l[14129.258]: master offset     -76316 s2 freq -115643 path delay       415
ptp4l[14130.258]: master offset     -41147 s2 freq -103369 path delay      -122
ptp4l[14131.259]: master offset     -17049 s2 freq  -91615 path delay     -1842
ptp4l[14132.259]: master offset     184759 s2 freq +105078 path delay     -3045
ptp4l[14133.259]: master offset       -999 s2 freq  -25252 path delay     -3045
ptp4l[14134.259]: master offset     -56836 s2 freq  -81389 path delay     -3045
ptp4l[14135.259]: master offset    1366833 s2 freq +1325230 path delay     -3045
ptp4l[14136.259]: master offset     -43156 s2 freq +325291 path delay     -3045
ptp4l[14137.259]: master offset    -247388 s2 freq +108112 path delay     -3045
ptp4l[14138.259]: master offset    -436051 s2 freq -154768 path delay     -3045
ptp4l[14139.259]: master offset     989055 s2 freq +1139523 path delay     -4560
ptp4l[14140.259]: master offset    -237819 s2 freq +209366 path delay     -4560
ptp4l[14141.260]: master offset    1185782 s2 freq +1561621 path delay     -5506
ptp4l[14142.260]: master offset    2676269 s2 freq +3407842 path delay    -72209
ptp4l[14143.260]: master offset    4189220 s2 freq +5723674 path delay   -162030
ptp4l[14144.260]: master offset    5646544 s2 freq +8437764 path delay   -196853
ptp4l[14145.260]: master offset   -3357754 s2 freq +1127429 path delay   -196853
ptp4l[14146.260]: master offset   -1867872 s2 freq +1609985 path delay   -267711
ptp4l[14147.260]: master offset   -2886542 s2 freq  +30954 path delay   -267711
ptp4l[14148.260]: master offset   -2873080 s2 freq -821547 path delay   -267711
ptp4l[14149.260]: master offset   -1932541 s2 freq -742932 path delay   -302944
ptp4l[14150.260]: master offset   -1326782 s2 freq -716935 path delay   -245607
ptp4l[14151.260]: master offset    -604729 s2 freq -392917 path delay   -291329
ptp4l[14152.260]: master offset    -292493 s2 freq -262100 path delay   -291329
ptp4l[14153.260]: master offset      76972 s2 freq  +19617 path delay   -291329
ptp4l[14154.261]: master offset    -133789 s2 freq -168052 path delay   -180850
ptp4l[14155.261]: master offset    -176215 s2 freq -250615 path delay    -51143
ptp4l[14156.261]: master offset     -37021 s2 freq -164285 path delay    -20465
ptp4l[14157.261]: master offset     269852 s2 freq +131482 path delay    -30201
ptp4l[14158.261]: master offset      64894 s2 freq   +7479 path delay    -20465
ptp4l[14159.261]: master offset     102463 s2 freq  +64516 path delay    -14697
ptp4l[14160.261]: master offset     -42530 s2 freq  -49738 path delay    -14697
ptp4l[14161.261]: master offset     -78094 s2 freq  -98061 path delay    -10399
ptp4l[14162.261]: master offset     -66253 s2 freq -109648 path delay     -5259
ptp4l[14163.262]: master offset     -36361 s2 freq  -99632 path delay     -6501
ptp4l[14164.262]: master offset     -19061 s2 freq  -93240 path delay     -5228
ptp4l[14165.262]: master offset      -8680 s2 freq  -88577 path delay     -3357
ptp4l[14166.262]: master offset     245678 s2 freq +163177 path delay     -2294
